Archive member included to satisfy reference by file (symbol)

../lib-remoteconfig/lib_h3/libremoteconfig.a(remoteconfigparams.o)
                              build_h3/firmware/main.o (RemoteConfigParams::RemoteConfigParams(RemoteConfigParamsStore*))
../lib-remoteconfig/lib_h3/libremoteconfig.a(remoteconfig.o)
                              build_h3/firmware/main.o (RemoteConfig::RemoteConfig(TRemoteConfig, TRemoteConfigMode, unsigned char))
../lib-remoteconfig/lib_h3/libremoteconfig.a(tftpfileserver.o)
                              ../lib-remoteconfig/lib_h3/libremoteconfig.a(remoteconfig.o) (TFTPFileServer::TFTPFileServer(unsigned char*, unsigned int))
../lib-remoteconfig/lib_h3/libremoteconfig.a(ubootheader.o)
                              ../lib-remoteconfig/lib_h3/libremoteconfig.a(tftpfileserver.o) (UBootHeader::UBootHeader(unsigned char*))
../lib-remoteconfig/lib_h3/libremoteconfig.a(remoteconfigconst.o)
                              ../lib-remoteconfig/lib_h3/libremoteconfig.a(remoteconfigparams.o) (RemoteConfigConst::PARAMS_DISPLAY_NAME)
../lib-remoteconfig/lib_h3/libremoteconfig.a(remoteconfigstatic.o)
                              ../lib-remoteconfig/lib_h3/libremoteconfig.a(remoteconfig.o) (RemoteConfig::GetIndex(void const*, unsigned int&))
../lib-tftpdeamon/lib_h3/libtftpdeamon.a(tftpdaemon.o)
                              ../lib-remoteconfig/lib_h3/libremoteconfig.a(tftpfileserver.o) (TFTPDaemon::TFTPDaemon())
../lib-nextion/lib_h3/libnextion.a(nextion.o)
                              build_h3/firmware/main.o (Nextion::Nextion())
../lib-nextion/lib_h3/libnextion.a(sc16is750.o)
                              ../lib-nextion/lib_h3/libnextion.a(nextion.o) (SC16IS750::SC16IS750())
../lib-nextion/lib_h3/libnextion.a(nextionparams.o)
                              build_h3/firmware/main.o (NextionParams::NextionParams(NextionParamsStore*))
../lib-nextion/lib_h3/libnextion.a(handlerawdata.o)
                              ../lib-nextion/lib_h3/libnextion.a(nextion.o) (Nextion::HandleRawData())
../lib-nextion/lib_h3/libnextion.a(handlerconfig.o)
                              ../lib-nextion/lib_h3/libnextion.a(handlerawdata.o) (Nextion::HandleRconfigGet())
../lib-nextion/lib_h3/libnextion.a(nextionprint.o)
                              build_h3/firmware/main.o (Nextion::Print())
../lib-nextion/lib_h3/libnextion.a(sc16is750print.o)
                              ../lib-nextion/lib_h3/libnextion.a(nextionprint.o) (SC16IS750::Print())
../lib-nextion/lib_h3/libnextion.a(handlemainpage.o)
                              ../lib-nextion/lib_h3/libnextion.a(handlerawdata.o) (Nextion::HandleMain())
../lib-nextion/lib_h3/libnextion.a(handleartnet.o)
                              ../lib-nextion/lib_h3/libnextion.a(handlerawdata.o) (Nextion::HandleArtNetGet())
../lib-nextion/lib_h3/libnextion.a(nextionparamsconst.o)
                              ../lib-nextion/lib_h3/libnextion.a(nextionparams.o) (NextionParamsConst::CRYSTAL)
../lib-nextion/lib_h3/libnextion.a(handledisplay.o)
                              ../lib-nextion/lib_h3/libnextion.a(handlerawdata.o) (Nextion::HandleDisplayGet())
../lib-nextion/lib_h3/libnextion.a(handledevices.o)
                              ../lib-nextion/lib_h3/libnextion.a(handlerawdata.o) (Nextion::HandleDevicesGet())
../lib-nextion/lib_h3/libnextion.a(handlenetwork.o)
                              ../lib-nextion/lib_h3/libnextion.a(handlerawdata.o) (Nextion::HandleNetworkGet())
../lib-displayudf/lib_h3/libdisplayudf.a(displayudfparams.o)
                              build_h3/firmware/main.o (DisplayUdfParams::DisplayUdfParams(DisplayUdfParamsStore*))
../lib-displayudf/lib_h3/libdisplayudf.a(displayudf.o)
                              build_h3/firmware/main.o (DisplayUdf::DisplayUdf())
../lib-displayudf/lib_h3/libdisplayudf.a(displayudfshowartnet.o)
                              build_h3/firmware/main.o (DisplayUdf::Show(ArtNetNode*))
../lib-displayudf/lib_h3/libdisplayudf.a(displayudfparamsconst.o)
                              ../lib-displayudf/lib_h3/libdisplayudf.a(displayudfparams.o) (DisplayUdfParamsConst::ACTIVE_PORTS)
../lib-artnet4/lib_h3/libartnet4.a(artnet4paramsset.o)
                              build_h3/firmware/main.o (ArtNet4Params::Set(ArtNet4Node*))
../lib-artnet4/lib_h3/libartnet4.a(artnet4node.o)
                              build_h3/firmware/main.o (ArtNet4Node::ArtNet4Node(unsigned char))
../lib-artnet4/lib_h3/libartnet4.a(artnet4params.o)
                              build_h3/firmware/main.o (ArtNet4Params::ArtNet4Params(ArtNet4ParamsStore*))
../lib-artnet4/lib_h3/libartnet4.a(artnet4paramssave.o)
                              ../lib-remoteconfig/lib_h3/libremoteconfig.a(remoteconfig.o) (ArtNet4Params::Builder(TArtNet4Params const*, unsigned char*, unsigned int, unsigned int&))
../lib-artnet4/lib_h3/libartnet4.a(artnet4paramsconst.o)
                              ../lib-artnet4/lib_h3/libartnet4.a(artnet4params.o) (ArtNet4ParamsConst::MAP_UNIVERSE0)
[...]
Memory Configuration

Name             Origin             Length             Attributes
ram              0x0000000040000000 0x0000000001000000
*default*        0x0000000000000000 0xffffffffffffffff

Linker script and memory map

LOAD build_h3/vectors.o
LOAD build_h3/firmware/main.o
                0x0000000040000000                __ram_start = ORIGIN (ram)
                0x0000000001000000                __ram_size = LENGTH (ram)
                0x0000000041000000                __ram_end = (__ram_start + __ram_size)
                0x0000000040300000                __stack_start = (__ram_start + 0x300000)
                0x0000000040500000                __heap_start = (__ram_start + 0x500000)
                0x0000000000008000                __und_stack_size = 0x8000
                0x0000000000008000                __abt_stack_size = 0x8000
                0x0000000000008000                __fiq_stack_size = 0x8000
                0x0000000000008000                __irq_stack_size = 0x8000
                0x0000000000040000                __svc_stack_size = 0x40000
                0x0000000000008000                __sys_stack_size = 0x8000

.init           0x0000000040000000      0x118
                0x0000000040000000                . = ALIGN (0x4)
 *(.init)
 .init          0x0000000040000000      0x118 build_h3/vectors.o
                0x0000000040000000                _start

.text           0x0000000040000120    0x1d508
                0x0000000040000120                . = ALIGN (0x4)
 *(.text*)
 .text          0x0000000040000120        0x4 build_h3/vectors.o
                0x0000000040000120                hang
 .text          0x0000000040000124      0x708 build_h3/firmware/main.o
                0x0000000040000124                notmain
 .text          0x000000004000082c      0x434 ../lib-remoteconfig/lib_h3/libremoteconfig.a(remoteconfigparams.o)
                0x000000004000082c                RemoteConfigParams::RemoteConfigParams(RemoteConfigParamsStore*)
                0x000000004000082c                RemoteConfigParams::RemoteConfigParams(RemoteConfigParamsStore*)
                0x000000004000084c                RemoteConfigParams::~RemoteConfigParams()
                0x000000004000084c                RemoteConfigParams::~RemoteConfigParams()
                0x0000000040000850                RemoteConfigParams::Load()
                0x00000000400008dc                RemoteConfigParams::Load(char const*, unsigned int)
                0x000000004000093c                RemoteConfigParams::callbackFunction(char const*)
                0x0000000040000a74                RemoteConfigParams::staticCallbackFunction(void*, char const*)
                0x0000000040000a78                RemoteConfigParams::Builder(TRemoteConfigParams const*, unsigned char*, unsigned int, unsigned int&)
                0x0000000040000ba0                RemoteConfigParams::Save(unsigned char*, unsigned int, unsigned int&)
                0x0000000040000bd8                RemoteConfigParams::Set(RemoteConfig*)
                0x0000000040000c48                RemoteConfigParams::Dump()
                0x0000000040000c4c                RemoteConfigParams::isMaskSet(unsigned int) const
 .text          0x0000000040000c60     0x15cc ../lib-remoteconfig/lib_h3/libremoteconfig.a(remoteconfig.o)
                0x0000000040000c60                RemoteConfig::RemoteConfig(TRemoteConfig, TRemoteConfigMode, unsigned char)
                0x0000000040000c60                RemoteConfig::RemoteConfig(TRemoteConfig, TRemoteConfigMode, unsigned char)
                0x0000000040000d38                RemoteConfig::~RemoteConfig()
                0x0000000040000d38                RemoteConfig::~RemoteConfig()
                0x0000000040000d70                RemoteConfig::SetDisable(bool)
                0x0000000040000dec                RemoteConfig::SetDisplayName(char const*)
                0x0000000040000e28                RemoteConfig::HandleReboot()
                0x0000000040000e94                RemoteConfig::HandleUptime()
                0x0000000040000f78                RemoteConfig::HandleVersion()
                0x000000004000106c                RemoteConfig::HandleList()
                0x00000000400011e8                RemoteConfig::HandleDisplaySet()
                0x000000004000120c                RemoteConfig::HandleDisplayGet()
                0x0000000040001314                RemoteConfig::HandleStoreGet()
                0x0000000040001398                RemoteConfig::HandleGetRconfigTxt(unsigned int&)
                0x00000000400013e0                RemoteConfig::HandleGetNetworkTxt(unsigned int&)
                0x0000000040001430                RemoteConfig::HandleGetArtnetTxt(unsigned int&)
                0x00000000400014d4                RemoteConfig::HandleGetDevicesTxt(unsigned int&)
                0x000000004000157c                RemoteConfig::HandleGetDisplayTxt(unsigned int&)
                0x00000000400015c4                RemoteConfig::HandleGetNextionTxt(unsigned int&)
                0x000000004000160c                RemoteConfig::HandleGet()
                0x0000000040001704                RemoteConfig::HandleTxtFileRconfig()
                0x0000000040001784                RemoteConfig::HandleTxtFileNetwork()
                0x000000004000180c                RemoteConfig::HandleTxtFileArtnet()
                0x00000000400018f0                RemoteConfig::HandleTxtFileDevices()
                0x00000000400019fc                RemoteConfig::HandleTxtFileDisplay()
                0x0000000040001a7c                RemoteConfig::HandleTxtFileNextion()
                0x0000000040001afc                RemoteConfig::HandleTxtFile()
                0x0000000040001bf8                RemoteConfig::HandleTftpSet()
                0x0000000040001d5c                RemoteConfig::HandleTftpGet()
                0x0000000040001e50                RemoteConfig::Run()
 .text          0x000000004000222c      0x204 ../lib-remoteconfig/lib_h3/libremoteconfig.a(tftpfileserver.o)
                0x000000004000222c                TFTPFileServer::FileOpen(char const*, TTFTPMode)
                0x0000000040002234                TFTPFileServer::FileRead(void*, unsigned int, unsigned int)
                0x000000004000223c                TFTPFileServer::~TFTPFileServer()
                0x000000004000223c                TFTPFileServer::~TFTPFileServer()
                0x000000004000225c                TFTPFileServer::~TFTPFileServer()
                0x0000000040002284                TFTPFileServer::FileClose()
                0x00000000400022b4                TFTPFileServer::FileWrite(void const*, unsigned int, unsigned int)
                0x0000000040002364                TFTPFileServer::FileCreate(char const*, TTFTPMode)
                0x00000000400023f4                TFTPFileServer::TFTPFileServer(unsigned char*, unsigned int)
                0x00000000400023f4                TFTPFileServer::TFTPFileServer(unsigned char*, unsigned int)
 .text          0x0000000040002430       0xe8 ../lib-remoteconfig/lib_h3/libremoteconfig.a(ubootheader.o)
                0x0000000040002430                UBootHeader::UBootHeader(unsigned char*)
                0x0000000040002430                UBootHeader::UBootHeader(unsigned char*)
                0x0000000040002510                UBootHeader::~UBootHeader()
                0x0000000040002510                UBootHeader::~UBootHeader()
                0x0000000040002514                UBootHeader::Dump()
 .text          0x0000000040002518        0x0 ../lib-remoteconfig/lib_h3/libremoteconfig.a(remoteconfigconst.o)
 .text          0x0000000040002518       0x9c ../lib-remoteconfig/lib_h3/libremoteconfig.a(remoteconfigstatic.o)
                0x0000000040002518                RemoteConfig::GetIndex(void const*, unsigned int&)
                0x0000000040002598                RemoteConfig::GetStore(TTxtFile)
 .text          0x00000000400025b4      0x864 ../lib-tftpdeamon/lib_h3/libtftpdeamon.a(tftpdaemon.o)
                0x00000000400025b4                TFTPDaemon::TFTPDaemon()
                0x00000000400025b4                TFTPDaemon::TFTPDaemon()
                0x00000000400026a8                TFTPDaemon::~TFTPDaemon()
                0x00000000400026a8                TFTPDaemon::~TFTPDaemon()
                0x00000000400026e0                TFTPDaemon::~TFTPDaemon()
                0x0000000040002720                TFTPDaemon::SendError(unsigned short, char const*)
                0x00000000400027b0                TFTPDaemon::DoRead()
                0x00000000400028a8                TFTPDaemon::HandleRecvAck()
                0x00000000400028e8                TFTPDaemon::DoWriteAck()
                0x0000000040002968                TFTPDaemon::HandleRequest()
                0x0000000040002b58                TFTPDaemon::HandleRecvData()
                0x0000000040002c04                TFTPDaemon::Run()
 .text          0x0000000040002e18      0x468 ../lib-nextion/lib_h3/libnextion.a(nextion.o)
                0x0000000040002e18                Nextion::Nextion()
                0x0000000040002e18                Nextion::Nextion()
                0x0000000040002e34                Nextion::~Nextion()
                0x0000000040002e34                Nextion::~Nextion()
                0x0000000040002e48                Nextion::SetBaud(unsigned int)
                0x0000000040002e84                Nextion::ReceiveCommandResponse()
                0x0000000040002f2c                Nextion::Listen()
                0x0000000040002fec                Nextion::Run()
                0x0000000040002ff0                Nextion::SendCommand(char const*)
                0x00000000400030a0                Nextion::Start()
                0x0000000040003114                Nextion::SetText(char const*, unsigned char const*)
                0x0000000040003150                Nextion::GetText(char const*, unsigned char*, unsigned int)
                0x0000000040003158                Nextion::SetValue(char const*, unsigned int)
                0x0000000040003194                Nextion::ReceiveReturnedValue(unsigned int&)
                0x0000000040003230                Nextion::GetValue(char const*, unsigned int&)
                0x0000000040003278                Nextion::HandleTouchEvent()
                0x000000004000327c                Nextion::HandleReady()
 .text          0x0000000040003280      0x20c ../lib-nextion/lib_h3/libnextion.a(sc16is750.o)
                0x0000000040003280                SC16IS750::SC16IS750()
                0x0000000040003280                SC16IS750::SC16IS750()
                0x0000000040003294                SC16IS750::SC16IS750(unsigned char, unsigned int)
                0x0000000040003294                SC16IS750::SC16IS750(unsigned char, unsigned int)
                0x00000000400032a0                SC16IS750::~SC16IS750()
                0x00000000400032a0                SC16IS750::~SC16IS750()
                0x00000000400032a4                SC16IS750::RegWrite(unsigned char, unsigned char)
                0x00000000400032dc                SC16IS750::SetFormat(unsigned int, TSC16IS750SerialParity, unsigned int)
                0x0000000040003344                SC16IS750::RegRead(unsigned char)
                0x0000000040003374                SC16IS750::SetBaud(unsigned int)
                0x00000000400033e0                SC16IS750::Start()
                0x000000004000346c                SC16IS750::I2cSetup()
 .text          0x000000004000348c      0x2b8 ../lib-nextion/lib_h3/libnextion.a(nextionparams.o)
                0x000000004000348c                NextionParams::NextionParams(NextionParamsStore*)
                0x000000004000348c                NextionParams::NextionParams(NextionParamsStore*)
                0x00000000400034a4                NextionParams::~NextionParams()
                0x00000000400034a4                NextionParams::~NextionParams()
                0x00000000400034a8                NextionParams::Load()
                0x0000000040003534                NextionParams::Load(char const*, unsigned int)
                0x0000000040003594                NextionParams::callbackFunction(char const*)
                0x00000000400035f0                NextionParams::staticCallbackFunction(void*, char const*)
                0x00000000400035f4                NextionParams::Builder(TNextionParams const*, unsigned char*, unsigned int, unsigned int&)
                0x00000000400036bc                NextionParams::Save(unsigned char*, unsigned int, unsigned int&)
                0x00000000400036f4                NextionParams::Set(Nextion*)
                0x000000004000372c                NextionParams::Dump()
                0x0000000040003730                NextionParams::isMaskSet(unsigned int) const
 .text          0x0000000040003744      0x188 ../lib-nextion/lib_h3/libnextion.a(handlerawdata.o)
                0x0000000040003744                Nextion::HandleGet(unsigned int)
                0x0000000040003794                Nextion::HandleSave(unsigned int)
                0x00000000400037e4                Nextion::HandleRawData()
 .text          0x00000000400038cc      0x1f0 ../lib-nextion/lib_h3/libnextion.a(handlerconfig.o)
                0x00000000400038cc                Nextion::HandleRconfigGet()
                0x000000004000393c                Nextion::HandleRconfigSave()
 .text          0x0000000040003abc        0x4 ../lib-nextion/lib_h3/libnextion.a(nextionprint.o)
                0x0000000040003abc                Nextion::Print()
 .text          0x0000000040003ac0        0x4 ../lib-nextion/lib_h3/libnextion.a(sc16is750print.o)
                0x0000000040003ac0                SC16IS750::Print()
 .text          0x0000000040003ac4       0x7c ../lib-nextion/lib_h3/libnextion.a(handlemainpage.o)
                0x0000000040003ac4                Nextion::HandleMain()
 .text          0x0000000040003b40        0x8 ../lib-nextion/lib_h3/libnextion.a(handleartnet.o)
                0x0000000040003b40                Nextion::HandleArtNetGet()
                0x0000000040003b44                Nextion::HandleArtNetSave()
 .text          0x0000000040003b48        0x0 ../lib-nextion/lib_h3/libnextion.a(nextionparamsconst.o)
 .text          0x0000000040003b48        0x8 ../lib-nextion/lib_h3/libnextion.a(handledisplay.o)
                0x0000000040003b48                Nextion::HandleDisplayGet()
                0x0000000040003b4c                Nextion::HandleDisplaySave()
 .text          0x0000000040003b50        0x8 ../lib-nextion/lib_h3/libnextion.a(handledevices.o)
                0x0000000040003b50                Nextion::HandleDevicesGet()
                0x0000000040003b54                Nextion::HandleDevicesSave()
 .text          0x0000000040003b58      0x1f8 ../lib-nextion/lib_h3/libnextion.a(handlenetwork.o)
                0x0000000040003b58                Nextion::SetIp(char const*, unsigned int)
                0x0000000040003bb0                Nextion::GetIp(char const*)
                0x0000000040003be4                Nextion::HandleNetworkGet()
                0x0000000040003c54                Nextion::HandleNetworkSave()
 .text          0x0000000040003d50      0x364 ../lib-displayudf/lib_h3/libdisplayudf.a(displayudfparams.o)
                0x0000000040003d50                DisplayUdfParams::DisplayUdfParams(DisplayUdfParamsStore*)
                0x0000000040003d50                DisplayUdfParams::DisplayUdfParams(DisplayUdfParamsStore*)
                0x0000000040003d60                DisplayUdfParams::~DisplayUdfParams()
                0x0000000040003d60                DisplayUdfParams::~DisplayUdfParams()
                0x0000000040003d64                DisplayUdfParams::Load()
                0x0000000040003df0                DisplayUdfParams::Load(char const*, unsigned int)
                0x0000000040003e5c                DisplayUdfParams::callbackFunction(char const*)
                0x0000000040003ee0                DisplayUdfParams::staticCallbackFunction(void*, char const*)
                0x0000000040003ee4                DisplayUdfParams::Builder(TDisplayUdfParams const*, unsigned char*, unsigned int, unsigned int&)
                0x0000000040003ff4                DisplayUdfParams::Save(unsigned char*, unsigned int, unsigned int&)
                0x000000004000402c                DisplayUdfParams::Set(DisplayUdf*)
                0x000000004000409c                DisplayUdfParams::Dump()
                0x00000000400040a0                DisplayUdfParams::isMaskSet(unsigned int) const
 .text          0x00000000400040b4      0x2b0 ../lib-displayudf/lib_h3/libdisplayudf.a(displayudf.o)
                0x00000000400040b4                DisplayUdf::DisplayUdf()
                0x00000000400040b4                DisplayUdf::DisplayUdf()
                0x00000000400040f0                DisplayUdf::~DisplayUdf()
                0x00000000400040f0                DisplayUdf::~DisplayUdf()
                0x0000000040004104                DisplayUdf::SetTitle(char const*, ...)
                0x0000000040004148                DisplayUdf::ShowIpAddress()
                0x00000000400041cc                DisplayUdf::ShowNetmask()
                0x0000000040004224                DisplayUdf::ShowHostName()
                0x0000000040004254                DisplayUdf::Show()
                0x000000004000431c                DisplayUdf::Set(unsigned char, TDisplayUdfLabels)
 .text          0x0000000040004364      0x210 ../lib-displayudf/lib_h3/libdisplayudf.a(displayudfshowartnet.o)
                0x0000000040004364                DisplayUdf::ShowNodeName(ArtNetNode*)
                0x000000004000438c                DisplayUdf::ShowUniverse(ArtNetNode*)
                0x0000000040004530                DisplayUdf::Show(ArtNetNode*)
 .text          0x0000000040004574        0x0 ../lib-displayudf/lib_h3/libdisplayudf.a(displayudfparamsconst.o)
 .text          0x0000000040004574       0x50 ../lib-artnet4/lib_h3/libartnet4.a(artnet4paramsset.o)
                0x0000000040004574                ArtNet4Params::Set(ArtNet4Node*)
 .text          0x00000000400045c4      0x47c ../lib-artnet4/lib_h3/libartnet4.a(artnet4node.o)
                0x00000000400045c4                ArtNet4Node::~ArtNet4Node()
                0x00000000400045c4                ArtNet4Node::~ArtNet4Node()
                0x00000000400045fc                ArtNet4Node::~ArtNet4Node()
                0x0000000040004618                ArtNet4Node::SetPort(unsigned char, TArtNetPortDir)
                0x00000000400046bc                ArtNet4Node::HandleAddress(unsigned char)
                0x0000000040004830                ArtNet4Node::GetStatus(unsigned char)
                0x0000000040004894                ArtNet4Node::ArtNet4Node(unsigned char)
                0x0000000040004894                ArtNet4Node::ArtNet4Node(unsigned char)
                0x00000000400048e8                ArtNet4Node::Start()
                0x00000000400049c4                ArtNet4Node::Stop()
                0x00000000400049e4                ArtNet4Node::Run()
                0x0000000040004a04                ArtNet4Node::Print()
 .text._ZN11ArtNet4Node15IsStatusChangedEv
                0x0000000040004a40        0xc ../lib-artnet4/lib_h3/libartnet4.a(artnet4node.o)
                0x0000000040004a40                ArtNet4Node::IsStatusChanged()
 .text          0x0000000040004a4c      0x1c8 ../lib-artnet4/lib_h3/libartnet4.a(artnet4params.o)
                0x0000000040004a4c                ArtNet4Params::ArtNet4Params(ArtNet4ParamsStore*)
                0x0000000040004a4c                ArtNet4Params::ArtNet4Params(ArtNet4ParamsStore*)
                0x0000000040004a94                ArtNet4Params::~ArtNet4Params()
                0x0000000040004a94                ArtNet4Params::~ArtNet4Params()
                0x0000000040004ab0                ArtNet4Params::Load()
                0x0000000040004b40                ArtNet4Params::Load(char const*, unsigned int)
                0x0000000040004bb0                ArtNet4Params::callbackFunction(char const*)
                0x0000000040004bf8                ArtNet4Params::staticCallbackFunction(void*, char const*)
                0x0000000040004bfc                ArtNet4Params::Dump()
                0x0000000040004c00                ArtNet4Params::isMaskSet(unsigned int) const
 .text          0x0000000040004c14       0xe8 ../lib-artnet4/lib_h3/libartnet4.a(artnet4paramssave.o)
                0x0000000040004c14                ArtNet4Params::Builder(TArtNet4Params const*, unsigned char*, unsigned int, unsigned int&)
                0x0000000040004cbc                ArtNet4Params::Save(unsigned char*, unsigned int, unsigned int&)
 .text          0x0000000040004cfc        0x0 ../lib-artnet4/lib_h3/libartnet4.a(artnet4paramsconst.o)
 .text          0x0000000040004cfc       0x28 ../lib-artnet/lib_h3/libartnet.a(artnet4handler.o)
                0x0000000040004cfc                ArtNet4Handler::~ArtNet4Handler()
                0x0000000040004cfc                ArtNet4Handler::~ArtNet4Handler()
                0x0000000040004d00                ArtNet4Handler::~ArtNet4Handler()
                0x0000000040004d14                ArtNetNode::SetArtNet4Handler(ArtNet4Handler*)
 .text          0x0000000040004d24      0x1ec ../lib-artnet/lib_h3/libartnet.a(artnetnodeprint.o)
                0x0000000040004d24                ArtNetNode::Print()
 .text          0x0000000040004f10      0x1f8 ../lib-artnet/lib_h3/libartnet.a(artnetparamsset.o)
                0x0000000040004f10                ArtNetParams::Set(ArtNetNode*)
 .text          0x0000000040005108        0x0 ../lib-artnet/lib_h3/libartnet.a(artnetparamsconst.o)
 .text          0x0000000040005108        0x0 ../lib-artnet/lib_h3/libartnet.a(artnetconst.o)
 .text          0x0000000040005108      0x6ac ../lib-artnet/lib_h3/libartnet.a(artnetparams.o)
                0x0000000040005108                ArtNetParams::ArtNetParams(ArtNetParamsStore*)
                0x0000000040005108                ArtNetParams::ArtNetParams(ArtNetParamsStore*)
                0x0000000040005144                ArtNetParams::~ArtNetParams()
                0x0000000040005144                ArtNetParams::~ArtNetParams()
                0x0000000040005148                ArtNetParams::Load()
                0x00000000400051d4                ArtNetParams::Load(char const*, unsigned int)
                0x0000000040005240                ArtNetParams::callbackFunction(char const*)
                0x0000000040005770                ArtNetParams::staticCallbackFunction(void*, char const*)
                0x0000000040005774                ArtNetParams::Dump()
                0x0000000040005778                ArtNetParams::GetUniverse(unsigned char, bool&) const
                0x00000000400057a0                ArtNetParams::isMaskSet(unsigned int) const
 .text.unlikely
                0x00000000400057b4       0x38 ../lib-artnet/lib_h3/libartnet.a(artnetparams.o)
 .text          0x00000000400057ec      0x490 ../lib-artnet/lib_h3/libartnet.a(artnetparamssave.o)
                0x00000000400057ec                ArtNetParams::Builder(TArtNetParams const*, unsigned char*, unsigned int, unsigned int&)
                0x0000000040005c3c                ArtNetParams::Save(unsigned char*, unsigned int, unsigned int&)
 .text          0x0000000040005c7c     0x22d0 ../lib-artnet/lib_h3/libartnet.a(artnetnode.o)
                0x0000000040005e88                ArtNetNode::Stop()
                0x0000000040005f2c                ArtNetNode::~ArtNetNode()
                0x0000000040005f2c                ArtNetNode::~ArtNetNode()
                0x0000000040005f70                ArtNetNode::SetOutput(LightSet*)
                0x0000000040005f78                ArtNetNode::GetSoftwareVersion()
                0x0000000040005f84                ArtNetNode::SetUniverseSwitch(unsigned char, TArtNetPortDir, unsigned char)
                0x0000000040005ff4                ArtNetNode::GetUniverseSwitch(unsigned char, unsigned char&, TArtNetPortDir) const
                0x0000000040006024                ArtNetNode::SetSubnetSwitch(unsigned char, unsigned char)
                0x00000000400060c4                ArtNetNode::GetSubnetSwitch(unsigned char) const
                0x00000000400060d0                ArtNetNode::SetNetSwitch(unsigned char, unsigned char)
                0x0000000040006170                ArtNetNode::GetNetSwitch(unsigned char) const
                0x000000004000617c                ArtNetNode::GetPortAddress(unsigned char, unsigned short&, TArtNetPortDir) const
                0x00000000400061bc                ArtNetNode::MakePortAddress(unsigned short, unsigned char)
                0x00000000400061e8                ArtNetNode::SetMergeMode(unsigned char, TMerge)
                0x000000004000621c                ArtNetNode::GetMergeMode(unsigned char) const
                0x000000004000622c                ArtNetNode::SetPortProtocol(unsigned char, TPortProtocol)
                0x00000000400062b4                ArtNetNode::GetPortProtocol(unsigned char) const
                0x00000000400062c4                ArtNetNode::SetShortName(char const*)
                0x0000000040006378                ArtNetNode::SetLongName(char const*)
                0x000000004000642c                ArtNetNode::ArtNetNode(unsigned char, unsigned char)
                0x000000004000642c                ArtNetNode::ArtNetNode(unsigned char, unsigned char)
                0x00000000400066e8                ArtNetNode::SetManufacturerId(unsigned char const*)
                0x00000000400066fc                ArtNetNode::SetOemValue(unsigned char const*)
                0x0000000040006710                ArtNetNode::SetNetworkTimeout(long)
                0x0000000040006718                ArtNetNode::SetDisableMergeTimeout(bool)
                0x0000000040006720                ArtNetNode::FillPollReply()
                0x000000004000693c                ArtNetNode::SendPollRelply(bool)
                0x0000000040006b64                ArtNetNode::Start()
                0x0000000040006c38                ArtNetNode::IsDmxDataChanged(unsigned char, unsigned char const*, unsigned short)
                0x0000000040006cd0                ArtNetNode::IsMergedDmxDataChanged(unsigned char, unsigned char const*, unsigned short)
                0x0000000040006e38                ArtNetNode::CheckMergeTimeouts(unsigned char)
                0x0000000040006ee8                ArtNetNode::HandlePoll()
                0x0000000040006f98                ArtNetNode::HandleDmx()
                0x000000004000759c                ArtNetNode::HandleSync()
                0x0000000040007680                ArtNetNode::HandleAddress()
                0x0000000040007b34                ArtNetNode::SetNetworkDataLossCondition()
                0x0000000040007bc4                ArtNetNode::GetType()
                0x0000000040007c4c                ArtNetNode::Run()
 .text          0x0000000040007f4c      0x1b8 ../lib-artnet/lib_h3/libartnet.a(artnetipprog.o)
                0x0000000040007f4c                ArtNetNode::SetIpProgHandler(ArtNetIpProg*)
                0x0000000040007fc0                ArtNetNode::HandleIpProg()
 .text          0x0000000040008104      0x514 ../lib-artnet/lib_h3/libartnet.a(artnetrdm.o)
                0x0000000040008104                ArtNetNode::SendTod(unsigned char)
                0x00000000400081dc                ArtNetNode::HandleTodControl()
                0x00000000400082d8                ArtNetNode::HandleTodRequest()
                0x000000004000833c                ArtNetNode::SetRdmHandler(ArtNetRdm*, bool)
                0x000000004000846c                ArtNetNode::HandleRdm()
 .text          0x0000000040008618       0x80 ../lib-artnet/lib_h3/libartnet.a(artnettimesync.o)
                0x0000000040008618                ArtNetTimeSync::~ArtNetTimeSync()
                0x0000000040008618                ArtNetTimeSync::~ArtNetTimeSync()
                0x000000004000861c                ArtNetTimeSync::~ArtNetTimeSync()
                0x0000000040008630                ArtNetNode::HandleTimeSync()
 .text          0x0000000040008698      0x124 ../lib-artnet/lib_h3/libartnet.a(artnetnodehandledmxin.o)
                0x0000000040008698                ArtNetNode::HandleDmxIn()
 .text          0x00000000400087bc      0x1b8 ../lib-artnet/lib_h3/libartnet.a(artnettimecode.o)
                0x00000000400087bc                ArtNetTimeCode::~ArtNetTimeCode()
                0x00000000400087bc                ArtNetTimeCode::~ArtNetTimeCode()
                0x00000000400087c0                ArtNetTimeCode::~ArtNetTimeCode()
                0x00000000400087d4                ArtNetNode::SetTimeCodeHandler(ArtNetTimeCode*)
                0x0000000040008848                ArtNetNode::HandleTimeCode()
                0x0000000040008860                ArtNetNode::SendTimeCode(TArtNetTimeCode const*)
 .text          0x0000000040008974       0x78 ../lib-artnethandlers/lib_h3/libartnethandlers.a(displayudfhandler.o)
                0x0000000040008974                DisplayUdfHandler::~DisplayUdfHandler()
                0x0000000040008974                DisplayUdfHandler::~DisplayUdfHandler()
                0x0000000040008978                DisplayUdfHandler::~DisplayUdfHandler()
                0x000000004000898c                non-virtual thunk to DisplayUdfHandler::~DisplayUdfHandler()
                0x0000000040008994                non-virtual thunk to DisplayUdfHandler::~DisplayUdfHandler()
                0x000000004000899c                ArtNetDisplay::~ArtNetDisplay()
                0x000000004000899c                ArtNetDisplay::~ArtNetDisplay()
                0x00000000400089a0                ArtNetDisplay::~ArtNetDisplay()
                0x00000000400089b4                NetworkDisplay::~NetworkDisplay()
                0x00000000400089b4                NetworkDisplay::~NetworkDisplay()
                0x00000000400089b8                NetworkDisplay::~NetworkDisplay()
                0x00000000400089cc                DisplayUdfHandler::DisplayUdfHandler(ArtNetNode*)
                0x00000000400089cc                DisplayUdfHandler::DisplayUdfHandler(ArtNetNode*)
 .text._ZN17DisplayUdfHandler12ShowLongNameEPKc
                0x00000000400089ec        0x4 ../lib-artnethandlers/lib_h3/libartnethandlers.a(displayudfhandler.o)
                0x00000000400089ec                DisplayUdfHandler::ShowLongName(char const*)
 .text._ZN17DisplayUdfHandler12ShowHostNameEv
                0x00000000400089f0       0x20 ../lib-artnethandlers/lib_h3/libartnethandlers.a(displayudfhandler.o)
                0x00000000400089f0                DisplayUdfHandler::ShowHostName()
                0x0000000040008a00                non-virtual thunk to DisplayUdfHandler::ShowHostName()
 .text._ZN17DisplayUdfHandler11ShowNetMaskEv
                0x0000000040008a10       0x20 ../lib-artnethandlers/lib_h3/libartnethandlers.a(displayudfhandler.o)
                0x0000000040008a10                DisplayUdfHandler::ShowNetMask()
                0x0000000040008a20                non-virtual thunk to DisplayUdfHandler::ShowNetMask()
 .text._ZN17DisplayUdfHandler6ShowIpEv
                0x0000000040008a30       0x20 ../lib-artnethandlers/lib_h3/libartnethandlers.a(displayudfhandler.o)
                0x0000000040008a30                DisplayUdfHandler::ShowIp()
                0x0000000040008a40                non-virtual thunk to DisplayUdfHandler::ShowIp()
 .text._ZN17DisplayUdfHandler16ShowPortProtocolEh13TPortProtocol
                0x0000000040008a50       0x14 ../lib-artnethandlers/lib_h3/libartnethandlers.a(displayudfhandler.o)
                0x0000000040008a50                DisplayUdfHandler::ShowPortProtocol(unsigned char, TPortProtocol)
 .text._ZN17DisplayUdfHandler13ShowMergeModeEh6TMerge
                0x0000000040008a64       0x14 ../lib-artnethandlers/lib_h3/libartnethandlers.a(displayudfhandler.o)
                0x0000000040008a64                DisplayUdfHandler::ShowMergeMode(unsigned char, TMerge)
 .text._ZN17DisplayUdfHandler16ShowSubnetSwitchEh
                0x0000000040008a78       0x14 ../lib-artnethandlers/lib_h3/libartnethandlers.a(displayudfhandler.o)
                0x0000000040008a78                DisplayUdfHandler::ShowSubnetSwitch(unsigned char)
 .text._ZN17DisplayUdfHandler13ShowNetSwitchEh
                0x0000000040008a8c       0x14 ../lib-artnethandlers/lib_h3/libartnethandlers.a(displayudfhandler.o)
                0x0000000040008a8c                DisplayUdfHandler::ShowNetSwitch(unsigned char)
 .text._ZN17DisplayUdfHandler18ShowUniverseSwitchEhh
                0x0000000040008aa0       0x14 ../lib-artnethandlers/lib_h3/libartnethandlers.a(displayudfhandler.o)
                0x0000000040008aa0                DisplayUdfHandler::ShowUniverseSwitch(unsigned char, unsigned char)
 .text._ZN17DisplayUdfHandler13ShowShortNameEPKc
                0x0000000040008ab4       0x14 ../lib-artnethandlers/lib_h3/libartnethandlers.a(displayudfhandler.o)
                0x0000000040008ab4                DisplayUdfHandler::ShowShortName(char const*)
 .text          0x0000000040008ac8      0x240 ../lib-artnethandlers/lib_h3/libartnethandlers.a(ipprog.o)
                0x0000000040008ac8                IpProg::~IpProg()
                0x0000000040008ac8                IpProg::~IpProg()
                0x0000000040008acc                IpProg::Handler(TArtNetIpProg const*, TArtNetIpProgReply*)
                0x0000000040008ccc                IpProg::~IpProg()
                0x0000000040008ce0                ArtNetIpProg::~ArtNetIpProg()
                0x0000000040008ce0                ArtNetIpProg::~ArtNetIpProg()
                0x0000000040008ce4                ArtNetIpProg::~ArtNetIpProg()
                0x0000000040008cf8                IpProg::IpProg()
                0x0000000040008cf8                IpProg::IpProg()
 .text          0x0000000040008d08      0x17c ../lib-e131/lib_h3/libe131.a(e131bridgeprint.o)
                0x0000000040008d08                E131Bridge::Print()
 .text          0x0000000040008e84     0x1be4 ../lib-e131/lib_h3/libe131.a(e131bridge.o)
                0x0000000040008fec                E131Bridge::E131Bridge()
                0x0000000040008fec                E131Bridge::E131Bridge()
                0x0000000040009244                E131Bridge::Start()
                0x0000000040009310                E131Bridge::Stop()
                0x00000000400093c0                E131Bridge::~E131Bridge()
                0x00000000400093c0                E131Bridge::~E131Bridge()
                0x00000000400093d4                E131Bridge::GetSoftwareVersion()
                0x00000000400093e0                E131Bridge::SetSourceName(char const*)
                0x000000004000942c                E131Bridge::UniverseToMulticastIp(unsigned short) const
                0x0000000040009464                E131Bridge::SetSynchronizationAddress(bool, bool, unsigned short)
                0x0000000040009538                E131Bridge::LeaveUniverse(unsigned char, unsigned short)
                0x000000004000957c                E131Bridge::SetUniverse(unsigned char, TE131PortDir, unsigned short)
                0x000000004000977c                E131Bridge::GetUniverse(unsigned char, unsigned short&, TE131PortDir) const
                0x00000000400097c0                E131Bridge::SetMergeMode(unsigned char, TE131Merge)
                0x00000000400097d0                E131Bridge::GetMergeMode(unsigned char) const
                0x00000000400097e0                E131Bridge::IsDmxDataChanged(unsigned char, unsigned char const*, unsigned short)
                0x0000000040009860                E131Bridge::IsMergedDmxDataChanged(unsigned char, unsigned char const*, unsigned short)
                0x00000000400099ac                E131Bridge::CheckMergeTimeouts(unsigned char)
                0x0000000040009a90                E131Bridge::IsPriorityTimeOut(unsigned char)
                0x0000000040009b18                E131Bridge::isIpCidMatch(TSource const*)
                0x0000000040009b38                E131Bridge::HandleSynchronization()
                0x0000000040009b68                E131Bridge::SetNetworkDataLossCondition(bool, bool)
                0x0000000040009d28                E131Bridge::HandleDmx()
                0x000000004000a5d8                E131Bridge::IsTransmitting(unsigned char) const
                0x000000004000a5e8                E131Bridge::IsMerging(unsigned char) const
                0x000000004000a5f8                E131Bridge::IsStatusChanged()
                0x000000004000a610                E131Bridge::Clear(unsigned char)
                0x000000004000a74c                E131Bridge::IsValidRoot()
                0x000000004000a7b8                E131Bridge::IsValidDataPacket()
                0x000000004000a80c                E131Bridge::Run()
 .text          0x000000004000aa68      0x2bc ../lib-e131/lib_h3/libe131.a(e131bridgediscoverypacket.o)
                0x000000004000aa68                E131Bridge::FillDiscoveryPacket()
                0x000000004000ac68                E131Bridge::SendDiscoveryPacket()
 .text          0x000000004000ad24      0x128 ../lib-e131/lib_h3/libe131.a(e131uuid.o)
                0x000000004000ad24                E131Uuid::E131Uuid()
                0x000000004000ad24                E131Uuid::E131Uuid()
                0x000000004000ad28                E131Uuid::~E131Uuid()
                0x000000004000ad28                E131Uuid::~E131Uuid()
                0x000000004000ad2c                E131Uuid::GetHardwareUuid(unsigned char*)
 .text          0x000000004000ae4c        0x0 ../lib-e131/lib_h3/libe131.a(e117const.o)
 .text          0x000000004000ae4c      0x25c ../lib-e131/lib_h3/libe131.a(e131bridgehandledmxin.o)
                0x000000004000ae4c                E131Bridge::FillDataPacket()
                0x000000004000af68                E131Bridge::HandleDmxIn()
 .text          0x000000004000b0a8      0x210 ../lib-uuid/lib_h3/libuuid.a(uuid_parse.o)
                0x000000004000b10c                uuid_parse
 .text          0x000000004000b2b8       0xf0 ../lib-uuid/lib_h3/libuuid.a(uuid_unparse.o)
                0x000000004000b38c                uuid_unparse_upper
                0x000000004000b398                uuid_unparse
                0x000000004000b3a4                uuid_unparse_lower
 .text          0x000000004000b3a8       0x5c ../lib-uuid/lib_h3/libuuid.a(uuid.o)
                0x000000004000b3a8                uuid_generate_random
 .text          0x000000004000b404      0x3e0 ../lib-ws28xxdmx/lib_h3/libws28xxdmx.a(ws28xxdmxparams.o)
                0x000000004000b404                WS28xxDmxParams::WS28xxDmxParams(WS28xxDmxParamsStore*)
                0x000000004000b404                WS28xxDmxParams::WS28xxDmxParams(WS28xxDmxParamsStore*)
                0x000000004000b450                WS28xxDmxParams::~WS28xxDmxParams()
                0x000000004000b450                WS28xxDmxParams::~WS28xxDmxParams()
                0x000000004000b454                WS28xxDmxParams::Load()
                0x000000004000b4e0                WS28xxDmxParams::Load(char const*, unsigned int)
                0x000000004000b54c                WS28xxDmxParams::callbackFunction(char const*)
                0x000000004000b7b8                WS28xxDmxParams::staticCallbackFunction(void*, char const*)
                0x000000004000b7bc                WS28xxDmxParams::Dump()
                0x000000004000b7c0                WS28xxDmxParams::GetLedTypeString(TWS28XXType)
                0x000000004000b7d0                WS28xxDmxParams::isMaskSet(unsigned int) const
 .text          0x000000004000b7e4      0x254 ../lib-ws28xxdmx/lib_h3/libws28xxdmx.a(ws28xxdmxparamssave.o)
                0x000000004000b7e4                WS28xxDmxParams::Builder(TWS28xxDmxParams const*, unsigned char*, unsigned int, unsigned int&)
                0x000000004000b9f8                WS28xxDmxParams::Save(unsigned char*, unsigned int, unsigned int&)
 .text          0x000000004000ba38      0x48c ../lib-ws28xxdmx/lib_h3/libws28xxdmx.a(ws28xxdmx.o)
                0x000000004000ba38                WS28xxDmx::SetLEDType(TWS28XXType)
                0x000000004000ba9c                WS28xxDmx::SetLEDCount(unsigned short)
                0x000000004000bacc                WS28xxDmx::SetDmxStartAddress(unsigned short)
                0x000000004000bae4                WS28xxDmx::SetData(unsigned char, unsigned char const*, unsigned short)
                0x000000004000bc4c                WS28xxDmx::GetSlotInfo(unsigned short, TLightSetSlotInfo&)
                0x000000004000bcf0                WS28xxDmx::Start(unsigned char)
                0x000000004000bd50                WS28xxDmx::~WS28xxDmx()
                0x000000004000bd50                WS28xxDmx::~WS28xxDmx()
                0x000000004000bdc4                WS28xxDmx::~WS28xxDmx()
                0x000000004000bde0                WS28xxDmx::Stop(unsigned char)
                0x000000004000be08                WS28xxDmx::WS28xxDmx()
                0x000000004000be08                WS28xxDmx::WS28xxDmx()
                0x000000004000be7c                WS28xxDmx::UpdateMembers()
                0x000000004000beac                WS28xxDmx::Blackout(bool)
 .text._ZN9WS28xxDmx18GetDmxStartAddressEv
                0x000000004000bec4        0x8 ../lib-ws28xxdmx/lib_h3/libws28xxdmx.a(ws28xxdmx.o)
                0x000000004000bec4                WS28xxDmx::GetDmxStartAddress()
 .text._ZN9WS28xxDmx15GetDmxFootprintEv
                0x000000004000becc        0x8 ../lib-ws28xxdmx/lib_h3/libws28xxdmx.a(ws28xxdmx.o)
                0x000000004000becc                WS28xxDmx::GetDmxFootprint()
 .text          0x000000004000bed4      0x45c ../lib-ws28xxdmx/lib_h3/libws28xxdmx.a(ws28xxdmxgrouping.o)
                0x000000004000bed4                WS28xxDmxGrouping::~WS28xxDmxGrouping()
                0x000000004000bed4                WS28xxDmxGrouping::~WS28xxDmxGrouping()
                0x000000004000bf10                WS28xxDmxGrouping::~WS28xxDmxGrouping()
                0x000000004000bf2c                WS28xxDmxGrouping::Print()
                0x000000004000bf80                WS28xxDmxGrouping::SetDmxStartAddress(unsigned short)
                0x000000004000bfac                WS28xxDmxGrouping::GetSlotInfo(unsigned short, TLightSetSlotInfo&)
                0x000000004000c02c                WS28xxDmxGrouping::SetData(unsigned char, unsigned char const*, unsigned short)
                0x000000004000c21c                WS28xxDmxGrouping::UpdateMembers()
                0x000000004000c2c0                WS28xxDmxGrouping::WS28xxDmxGrouping()
                0x000000004000c2c0                WS28xxDmxGrouping::WS28xxDmxGrouping()
                0x000000004000c2f4                WS28xxDmxGrouping::SetLEDType(TWS28XXType)
                0x000000004000c2fc                WS28xxDmxGrouping::SetLEDCount(unsigned short)
                0x000000004000c304                WS28xxDmxGrouping::SetLEDGroupCount(unsigned short)
                0x000000004000c30c                WS28xxDmxGrouping::Start(unsigned char)
 .text          0x000000004000c330       0xb4 ../lib-ws28xxdmx/lib_h3/libws28xxdmx.a(ws28xxdmxparamsset.o)
                0x000000004000c330                WS28xxDmxParams::Set(WS28xxDmx*)
 .text          0x000000004000c3e4       0xb8 ../lib-ws28xxdmx/lib_h3/libws28xxdmx.a(ws28xxdmxprint.o)
                0x000000004000c3e4                WS28xxDmx::Print()
 .text          0x000000004000c49c      0x394 ../lib-ws28xx/lib_h3/libws28xx.a(ws28xxcommon.o)
                0x000000004000c49c                WS28xx::SetLED(unsigned int, unsigned char, unsigned char, unsigned char)
                0x000000004000c6ec                WS28xx::SetLED(unsigned int, unsigned char, unsigned char, unsigned char, unsigned char)
                0x000000004000c7d0                WS28xx::SetColorWS28xx(unsigned int, unsigned char)
                0x000000004000c808                WS28xx::SetGlobalBrightness(unsigned char)
 .text          0x000000004000c830      0x300 ../lib-ws28xx/lib_h3/libws28xx.a(ws28xx.o)
                0x000000004000c830                WS28xx::WS28xx(TWS28XXType, unsigned short, unsigned int)
                0x000000004000c830                WS28xx::WS28xx(TWS28XXType, unsigned short, unsigned int)
                0x000000004000cae0                WS28xx::~WS28xx()
                0x000000004000cae0                WS28xx::~WS28xx()
                0x000000004000cb18                WS28xx::Update()
                0x000000004000cb24                WS28xx::Blackout()
 .text          0x000000004000cb30      0x300 ../lib-tlc59711dmx/lib_h3/libtlc59711dmx.a(tlc59711dmxparams.o)
                0x000000004000cb7c                TLC59711DmxParams::TLC59711DmxParams(TLC59711DmxParamsStore*)
                0x000000004000cb7c                TLC59711DmxParams::TLC59711DmxParams(TLC59711DmxParamsStore*)
                0x000000004000cba4                TLC59711DmxParams::~TLC59711DmxParams()
                0x000000004000cba4                TLC59711DmxParams::~TLC59711DmxParams()
                0x000000004000cba8                TLC59711DmxParams::Load()
                0x000000004000cc34                TLC59711DmxParams::Load(char const*, unsigned int)
                0x000000004000cca0                TLC59711DmxParams::callbackFunction(char const*)
                0x000000004000cde8                TLC59711DmxParams::staticCallbackFunction(void*, char const*)
                0x000000004000cdec                TLC59711DmxParams::Dump()
                0x000000004000cdf0                TLC59711DmxParams::GetLedTypeString(TTLC59711Type)
                0x000000004000ce04                TLC59711DmxParams::IsSetLedType() const
                0x000000004000ce10                TLC59711DmxParams::IsSetLedCount() const
                0x000000004000ce1c                TLC59711DmxParams::isMaskSet(unsigned int) const
 .text          0x000000004000ce30      0x3a0 ../lib-tlc59711dmx/lib_h3/libtlc59711dmx.a(tlc59711dmx.o)
                0x000000004000ce30                TLC59711Dmx::Stop(unsigned char)
                0x000000004000ce44                TLC59711Dmx::SetDmxStartAddress(unsigned short)
                0x000000004000ce5c                TLC59711Dmx::~TLC59711Dmx()
                0x000000004000ce5c                TLC59711Dmx::~TLC59711Dmx()
                0x000000004000cea4                TLC59711Dmx::~TLC59711Dmx()
                0x000000004000cec0                TLC59711Dmx::SetData(unsigned char, unsigned char const*, unsigned short)
                0x000000004000cf7c                TLC59711Dmx::GetSlotInfo(unsigned short, TLightSetSlotInfo&)
                0x000000004000d020                TLC59711Dmx::TLC59711Dmx()
                0x000000004000d020                TLC59711Dmx::TLC59711Dmx()
                0x000000004000d074                TLC59711Dmx::SetLEDType(TTLC59711Type)
                0x000000004000d0c0                TLC59711Dmx::SetLEDCount(unsigned char)
                0x000000004000d110                TLC59711Dmx::SetSpiSpeedHz(unsigned int)
                0x000000004000d118                TLC59711Dmx::Initialize()
                0x000000004000d148                TLC59711Dmx::Start(unsigned char)
                0x000000004000d16c                TLC59711Dmx::UpdateMembers()
                0x000000004000d1b8                TLC59711Dmx::Blackout(bool)
 .text._ZN11TLC59711Dmx18GetDmxStartAddressEv
                0x000000004000d1d0        0x8 ../lib-tlc59711dmx/lib_h3/libtlc59711dmx.a(tlc59711dmx.o)
                0x000000004000d1d0                TLC59711Dmx::GetDmxStartAddress()
 .text._ZN11TLC59711Dmx15GetDmxFootprintEv
                0x000000004000d1d8        0x8 ../lib-tlc59711dmx/lib_h3/libtlc59711dmx.a(tlc59711dmx.o)
                0x000000004000d1d8                TLC59711Dmx::GetDmxFootprint()
 .text          0x000000004000d1e0       0x9c ../lib-tlc59711dmx/lib_h3/libtlc59711dmx.a(tlc59711dmxparamsset.o)
                0x000000004000d1e0                TLC59711DmxParams::Set(TLC59711Dmx*)
 .text          0x000000004000d27c      0x178 ../lib-tlc59711dmx/lib_h3/libtlc59711dmx.a(tlc59711paramssave.o)
                0x000000004000d27c                TLC59711DmxParams::Builder(TTLC59711DmxParams const*, unsigned char*, unsigned int, unsigned int&)
                0x000000004000d3b4                TLC59711DmxParams::Save(unsigned char*, unsigned int, unsigned int&)
 .text          0x000000004000d3f4       0x88 ../lib-tlc59711dmx/lib_h3/libtlc59711dmx.a(tlc59711dmxprint.o)
                0x000000004000d3f4                TLC59711Dmx::Print()
 .text          0x000000004000d47c      0x810 ../lib-tlc59711/lib_h3/libtlc59711.a(tlc59711.o)
                0x000000004000d47c                TLC59711::~TLC59711()
                0x000000004000d47c                TLC59711::~TLC59711()
                0x000000004000d49c                TLC59711::Get(unsigned char, unsigned short&)
                0x000000004000d4f8                TLC59711::Set(unsigned char, unsigned short)
                0x000000004000d544                TLC59711::GetRgb(unsigned char, unsigned short&, unsigned short&, unsigned short&)
                0x000000004000d5b4                TLC59711::Set(unsigned char, unsigned char)
                0x000000004000d600                TLC59711::SetRgb(unsigned char, unsigned short, unsigned short, unsigned short)
                0x000000004000d658                TLC59711::SetRgb(unsigned char, unsigned char, unsigned char, unsigned char)
                0x000000004000d6b0                TLC59711::GetBlank() const
                0x000000004000d6bc                TLC59711::SetBlank(bool)
                0x000000004000d71c                TLC59711::GetDisplayRepeat() const
                0x000000004000d728                TLC59711::SetDisplayRepeat(bool)
                0x000000004000d788                TLC59711::GetDisplayTimingReset() const
                0x000000004000d794                TLC59711::SetDisplayTimingReset(bool)
                0x000000004000d7f4                TLC59711::GetExternalClock() const
                0x000000004000d800                TLC59711::SetExternalClock(bool)
                0x000000004000d860                TLC59711::GetOnOffTiming() const
                0x000000004000d86c                TLC59711::SetOnOffTiming(bool)
                0x000000004000d8cc                TLC59711::GetGbcRed() const
                0x000000004000d8d8                TLC59711::SetGbcRed(unsigned char)
                0x000000004000d934                TLC59711::GetGbcGreen() const
                0x000000004000d940                TLC59711::SetGbcGreen(unsigned char)
                0x000000004000d99c                TLC59711::GetGbcBlue() const
                0x000000004000d9a8                TLC59711::SetGbcBlue(unsigned char)
                0x000000004000da04                TLC59711::TLC59711(unsigned char, unsigned int)
                0x000000004000da04                TLC59711::TLC59711(unsigned char, unsigned int)
                0x000000004000dbd8                TLC59711::UpdateFirst32()
                0x000000004000dc24                TLC59711::Dump()
                0x000000004000dc28                TLC59711::Update()
                0x000000004000dc5c                TLC59711::Blackout()
 .text          0x000000004000dc8c      0x674 ../lib-spiflashinstall/lib_h3/libspiflashinstall.a(spiflashinstall.o)
                0x000000004000dc8c                SpiFlashInstall::~SpiFlashInstall()
                0x000000004000dc8c                SpiFlashInstall::~SpiFlashInstall()
                0x000000004000dcbc                SpiFlashInstall::Open(char const*)
                0x000000004000dd34                SpiFlashInstall::Close()
                0x000000004000dd78                SpiFlashInstall::BuffersCompare(unsigned int)
                0x000000004000ddf0                SpiFlashInstall::Diff(unsigned int)
                0x000000004000de6c                SpiFlashInstall::Write(unsigned int)
                0x000000004000dfec                SpiFlashInstall::Process(char const*, unsigned int)
                0x000000004000e094                SpiFlashInstall::SpiFlashInstall()
                0x000000004000e094                SpiFlashInstall::SpiFlashInstall()
                0x000000004000e218                SpiFlashInstall::WriteFirmware(unsigned char const*, unsigned int)
 .text          0x000000004000e300      0x108 ../lib-spiflashinstall/lib_h3/libspiflashinstall.a(spiflashinstallparams.o)
                0x000000004000e300                SpiFlashInstallParams::SpiFlashInstallParams()
                0x000000004000e300                SpiFlashInstallParams::SpiFlashInstallParams()
                0x000000004000e314                SpiFlashInstallParams::~SpiFlashInstallParams()
                0x000000004000e314                SpiFlashInstallParams::~SpiFlashInstallParams()
                0x000000004000e318                SpiFlashInstallParams::Load()
                0x000000004000e360                SpiFlashInstallParams::callbackFunction(char const*)
                0x000000004000e3ec                SpiFlashInstallParams::staticCallbackFunction(void*, char const*)
                0x000000004000e3f0                SpiFlashInstallParams::Dump()
                0x000000004000e3f4                SpiFlashInstallParams::isMaskSet(unsigned int) const
 .text          0x000000004000e408       0xa0 ../lib-spiflashstore/lib_h3/libspiflashstore.a(storews28xxdmx.o)
                0x000000004000e408                StoreWS28xxDmx::~StoreWS28xxDmx()
                0x000000004000e408                StoreWS28xxDmx::~StoreWS28xxDmx()
                0x000000004000e40c                StoreWS28xxDmx::~StoreWS28xxDmx()
                0x000000004000e420                StoreWS28xxDmx::Update(TWS28xxDmxParams const*)
                0x000000004000e458                StoreWS28xxDmx::Copy(TWS28xxDmxParams*)
                0x000000004000e474                WS28xxDmxParamsStore::~WS28xxDmxParamsStore()
                0x000000004000e474                WS28xxDmxParamsStore::~WS28xxDmxParamsStore()
                0x000000004000e478                WS28xxDmxParamsStore::~WS28xxDmxParamsStore()
                0x000000004000e48c                StoreWS28xxDmx::StoreWS28xxDmx()
                0x000000004000e48c                StoreWS28xxDmx::StoreWS28xxDmx()
 .text          0x000000004000e4a8       0xa0 ../lib-spiflashstore/lib_h3/libspiflashstore.a(storeremoteconfig.o)
                0x000000004000e4a8                StoreRemoteConfig::~StoreRemoteConfig()
                0x000000004000e4a8                StoreRemoteConfig::~StoreRemoteConfig()
                0x000000004000e4ac                StoreRemoteConfig::~StoreRemoteConfig()
                0x000000004000e4c0                StoreRemoteConfig::Update(TRemoteConfigParams const*)
                0x000000004000e4f8                StoreRemoteConfig::Copy(TRemoteConfigParams*)
                0x000000004000e514                RemoteConfigParamsStore::~RemoteConfigParamsStore()
                0x000000004000e514                RemoteConfigParamsStore::~RemoteConfigParamsStore()
                0x000000004000e518                RemoteConfigParamsStore::~RemoteConfigParamsStore()
                0x000000004000e52c                StoreRemoteConfig::StoreRemoteConfig()
                0x000000004000e52c                StoreRemoteConfig::StoreRemoteConfig()
 .text          0x000000004000e548       0xa0 ../lib-spiflashstore/lib_h3/libspiflashstore.a(storetlc59711.o)
                0x000000004000e548                StoreTLC59711::~StoreTLC59711()
                0x000000004000e548                StoreTLC59711::~StoreTLC59711()
                0x000000004000e54c                StoreTLC59711::~StoreTLC59711()
                0x000000004000e560                StoreTLC59711::Update(TTLC59711DmxParams const*)
                0x000000004000e598                StoreTLC59711::Copy(TTLC59711DmxParams*)
                0x000000004000e5b4                TLC59711DmxParamsStore::~TLC59711DmxParamsStore()
                0x000000004000e5b4                TLC59711DmxParamsStore::~TLC59711DmxParamsStore()
                0x000000004000e5b8                TLC59711DmxParamsStore::~TLC59711DmxParamsStore()
                0x000000004000e5cc                StoreTLC59711::StoreTLC59711()
                0x000000004000e5cc                StoreTLC59711::StoreTLC59711()
 .text          0x000000004000e5e8      0x7fc ../lib-spiflashstore/lib_h3/libspiflashstore.a(spiflashstore.o)
                0x000000004000ea00                SpiFlashStore::SpiFlashStore()
                0x000000004000ea00                SpiFlashStore::SpiFlashStore()
                0x000000004000eaf8                SpiFlashStore::Init()
                0x000000004000eb20                SpiFlashStore::GetStoreOffset(TStore)
                0x000000004000eb5c                SpiFlashStore::Update(TStore, unsigned int, void*, unsigned int, unsigned int)
                0x000000004000eb6c                SpiFlashStore::Copy(TStore, void*, unsigned int)
                0x000000004000ec5c                SpiFlashStore::CopyTo(TStore, void*, unsigned int&)
                0x000000004000ece8                SpiFlashStore::Dump()
                0x000000004000ecec                SpiFlashStore::Flash()
                0x000000004000ed7c                SpiFlashStore::GetStoreNetwork()
                0x000000004000ed88                SpiFlashStore::GetStoreArtNet()
                0x000000004000ed94                SpiFlashStore::GetStoreArtNet4()
                0x000000004000eda0                SpiFlashStore::~SpiFlashStore()
                0x000000004000eda0                SpiFlashStore::~SpiFlashStore()
 .text          0x000000004000ede4       0xa0 ../lib-spiflashstore/lib_h3/libspiflashstore.a(storedisplayudf.o)
                0x000000004000ede4                StoreDisplayUdf::~StoreDisplayUdf()
                0x000000004000ede4                StoreDisplayUdf::~StoreDisplayUdf()
                0x000000004000ede8                StoreDisplayUdf::~StoreDisplayUdf()
                0x000000004000edfc                StoreDisplayUdf::Update(TDisplayUdfParams const*)
                0x000000004000ee34                StoreDisplayUdf::Copy(TDisplayUdfParams*)
                0x000000004000ee50                DisplayUdfParamsStore::~DisplayUdfParamsStore()
                0x000000004000ee50                DisplayUdfParamsStore::~DisplayUdfParamsStore()
                0x000000004000ee54                DisplayUdfParamsStore::~DisplayUdfParamsStore()
                0x000000004000ee68                StoreDisplayUdf::StoreDisplayUdf()
                0x000000004000ee68                StoreDisplayUdf::StoreDisplayUdf()
 .text          0x000000004000ee84      0x1e8 ../lib-spiflashstore/lib_h3/libspiflashstore.a(storenetwork.o)
                0x000000004000ee84                StoreNetwork::~StoreNetwork()
                0x000000004000ee84                StoreNetwork::~StoreNetwork()
                0x000000004000ee88                StoreNetwork::~StoreNetwork()
                0x000000004000ee9c                non-virtual thunk to StoreNetwork::~StoreNetwork()
                0x000000004000eea4                StoreNetwork::Update(TNetworkParams const*)
                0x000000004000eedc                StoreNetwork::SaveIp(unsigned int)
                0x000000004000ef1c                non-virtual thunk to StoreNetwork::SaveIp(unsigned int)
                0x000000004000ef24                StoreNetwork::SaveNetMask(unsigned int)
                0x000000004000ef60                non-virtual thunk to StoreNetwork::SaveNetMask(unsigned int)
                0x000000004000ef68                StoreNetwork::SaveHostName(unsigned char const*)
                0x000000004000efa4                non-virtual thunk to StoreNetwork::SaveHostName(unsigned char const*)
                0x000000004000efac                StoreNetwork::SaveDhcp(bool)
                0x000000004000efe8                non-virtual thunk to StoreNetwork::SaveDhcp(bool)
                0x000000004000eff0                StoreNetwork::Copy(TNetworkParams*)
                0x000000004000f00c                non-virtual thunk to StoreNetwork::~StoreNetwork()
                0x000000004000f014                NetworkStore::~NetworkStore()
                0x000000004000f014                NetworkStore::~NetworkStore()
                0x000000004000f018                NetworkStore::~NetworkStore()
                0x000000004000f02c                NetworkParamsStore::~NetworkParamsStore()
                0x000000004000f02c                NetworkParamsStore::~NetworkParamsStore()
                0x000000004000f030                NetworkParamsStore::~NetworkParamsStore()
                0x000000004000f044                StoreNetwork::StoreNetwork()
                0x000000004000f044                StoreNetwork::StoreNetwork()
 .text          0x000000004000f06c       0x94 ../lib-spiflashstore/lib_h3/libspiflashstore.a(storeartnet4.o)
                0x000000004000f06c                StoreArtNet4::~StoreArtNet4()
                0x000000004000f06c                StoreArtNet4::~StoreArtNet4()
                0x000000004000f070                StoreArtNet4::~StoreArtNet4()
                0x000000004000f084                StoreArtNet4::Update(TArtNet4Params const*)
                0x000000004000f0bc                StoreArtNet4::Copy(TArtNet4Params*)
                0x000000004000f0d8                ArtNet4ParamsStore::~ArtNet4ParamsStore()
                0x000000004000f0d8                ArtNet4ParamsStore::~ArtNet4ParamsStore()
                0x000000004000f0dc                ArtNet4ParamsStore::~ArtNet4ParamsStore()
                0x000000004000f0f0                StoreArtNet4::StoreArtNet4()
                0x000000004000f0f0                StoreArtNet4::StoreArtNet4()
 .text          0x000000004000f100       0xa0 ../lib-spiflashstore/lib_h3/libspiflashstore.a(storenextion.o)
                0x000000004000f100                StoreNextion::~StoreNextion()
                0x000000004000f100                StoreNextion::~StoreNextion()
                0x000000004000f104                StoreNextion::~StoreNextion()
                0x000000004000f118                StoreNextion::Update(TNextionParams const*)
                0x000000004000f150                StoreNextion::Copy(TNextionParams*)
                0x000000004000f16c                NextionParamsStore::~NextionParamsStore()
                0x000000004000f16c                NextionParamsStore::~NextionParamsStore()
                0x000000004000f170                NextionParamsStore::~NextionParamsStore()
                0x000000004000f184                StoreNextion::StoreNextion()
                0x000000004000f184                StoreNextion::StoreNextion()
 .text          0x000000004000f1a0      0x32c ../lib-spiflashstore/lib_h3/libspiflashstore.a(storeartnet.o)
                0x000000004000f1a0                StoreArtNet::~StoreArtNet()
                0x000000004000f1a0                StoreArtNet::~StoreArtNet()
                0x000000004000f1a4                StoreArtNet::~StoreArtNet()
                0x000000004000f1b8                non-virtual thunk to StoreArtNet::~StoreArtNet()
                0x000000004000f1c0                StoreArtNet::Update(TArtNetParams const*)
                0x000000004000f1f8                StoreArtNet::SaveShortName(char const*)
                0x000000004000f234                non-virtual thunk to StoreArtNet::SaveShortName(char const*)
                0x000000004000f23c                StoreArtNet::SaveLongName(char const*)
                0x000000004000f278                non-virtual thunk to StoreArtNet::SaveLongName(char const*)
                0x000000004000f280                StoreArtNet::SaveUniverseSwitch(unsigned char, unsigned char)
                0x000000004000f2ec                non-virtual thunk to StoreArtNet::SaveUniverseSwitch(unsigned char, unsigned char)
                0x000000004000f2f4                StoreArtNet::SaveNetSwitch(unsigned char)
                0x000000004000f328                non-virtual thunk to StoreArtNet::SaveNetSwitch(unsigned char)
                0x000000004000f330                StoreArtNet::SaveSubnetSwitch(unsigned char)
                0x000000004000f370                non-virtual thunk to StoreArtNet::SaveSubnetSwitch(unsigned char)
                0x000000004000f378                StoreArtNet::SaveMergeMode(unsigned char, TMerge)
                0x000000004000f3e4                non-virtual thunk to StoreArtNet::SaveMergeMode(unsigned char, TMerge)
                0x000000004000f3ec                StoreArtNet::SavePortProtocol(unsigned char, TPortProtocol)
                0x000000004000f458                non-virtual thunk to StoreArtNet::SavePortProtocol(unsigned char, TPortProtocol)
                0x000000004000f460                StoreArtNet::Copy(TArtNetParams*)
                0x000000004000f47c                non-virtual thunk to StoreArtNet::~StoreArtNet()
                0x000000004000f484                ArtNetStore::~ArtNetStore()
                0x000000004000f484                ArtNetStore::~ArtNetStore()
                0x000000004000f488                ArtNetStore::~ArtNetStore()
                0x000000004000f49c                ArtNetParamsStore::~ArtNetParamsStore()
                0x000000004000f49c                ArtNetParamsStore::~ArtNetParamsStore()
                0x000000004000f4a0                ArtNetParamsStore::~ArtNetParamsStore()
                0x000000004000f4b4                StoreArtNet::StoreArtNet()
                0x000000004000f4b4                StoreArtNet::StoreArtNet()
 .text          0x000000004000f4cc      0x4dc ../lib-spiflash/lib_h3/libspiflash.a(spi_flash.o)
                0x000000004000f674                spi_flash_get_size
                0x000000004000f684                spi_flash_get_sector_size
                0x000000004000f694                spi_flash_get_name
                0x000000004000f6a4                spi_flash_cmd_write_multi
                0x000000004000f758                spi_flash_read_common
                0x000000004000f778                spi_flash_cmd_read_fast
                0x000000004000f810                spi_flash_cmd_erase
                0x000000004000f8cc                spi_flash_cmd_write_status
                0x000000004000f904                spi_flash_probe
 .text          0x000000004000f9a8       0x90 ../lib-spiflash/lib_h3/libspiflash.a(macronix.o)
                0x000000004000f9a8                spi_flash_probe_macronix
 .text          0x000000004000fa38      0x4ec ../lib-spiflash/lib_h3/libspiflash.a(spi_flash.o)
                0x000000004000fc38                spi_init
                0x000000004000fd30                spi_xfer
 *fill*         0x000000004000ff24        0x4 
 .text          0x000000004000ff28       0x40 ../lib-spiflash/lib_h3/libspiflash.a(get_timer.o)
                0x000000004000ff28                get_timer
 .text          0x000000004000ff68       0x94 ../lib-spiflash/lib_h3/libspiflash.a(winbond.o)
                0x000000004000ff68                spi_flash_probe_winbond
 .text          0x000000004000fffc      0x110 ../lib-network/lib_h3/libnetwork.a(network.o)
                0x000000004000fffc                Network::Network()
                0x000000004000fffc                Network::Network()
                0x0000000040010058                Network::~Network()
                0x0000000040010058                Network::~Network()
                0x000000004001006c                Network::~Network()
                0x0000000040010090                Network::SetStaticIp(bool, unsigned int, unsigned int)
                0x00000000400100f4                Network::CIDRToNetmask(unsigned char)
 .text          0x000000004001010c        0x0 ../lib-network/lib_h3/libnetwork.a(networkconst.o)
 .text          0x000000004001010c     0x1100 ../lib-network/lib_h3/libnetwork.a(mdns.o)
                0x000000004001010c                MDNS::MDNS()
                0x000000004001010c                MDNS::MDNS()
                0x0000000040010190                MDNS::~MDNS()
                0x0000000040010190                MDNS::~MDNS()
                0x00000000400101c8                MDNS::Stop()
                0x00000000400101f8                MDNS::SetName(char const*)
                0x00000000400102a4                MDNS::DecodeDNSNameNotation(char const*, char*)
                0x000000004001037c                MDNS::FindFirstDotFromRight(unsigned char const*)
                0x00000000400103e4                MDNS::WriteDnsName(char const*, char*, bool)
                0x0000000040010450                MDNS::CreateAnswerLocalIpAddress()
                0x0000000040010534                MDNS::Start()
                0x00000000400105ac                MDNS::CreateAnswerServiceSrv(unsigned int, unsigned char*)
                0x0000000040010730                MDNS::CreateAnswerServiceTxt(unsigned int, unsigned char*)
                0x0000000040010890                MDNS::CreateAnswerServicePtr(unsigned int, unsigned char*)
                0x0000000040010a08                MDNS::CreateAnswerServiceDnsSd(unsigned int, unsigned char*)
                0x0000000040010b2c                MDNS::CreateMDNSMessage(unsigned int)
                0x0000000040010c18                MDNS::AddServiceRecord(char const*, char const*, unsigned short, char const*)
                0x0000000040010f34                MDNS::HandleRequest(unsigned short)
                0x0000000040011150                MDNS::Parse()
                0x000000004001118c                MDNS::Run()
 .text          0x000000004001120c      0x260 ../lib-network/lib_h3/libnetwork.a(networkparams.o)
                0x000000004001120c                NetworkParams::NetworkParams(NetworkParamsStore*)
                0x000000004001120c                NetworkParams::NetworkParams(NetworkParamsStore*)
                0x0000000040011234                NetworkParams::~NetworkParams()
                0x0000000040011234                NetworkParams::~NetworkParams()
                0x0000000040011238                NetworkParams::Load()
                0x00000000400112c4                NetworkParams::Load(char const*, unsigned int)
                0x0000000040011330                NetworkParams::callbackFunction(char const*)
                0x0000000040011450                NetworkParams::staticCallbackFunction(void*, char const*)
                0x0000000040011454                NetworkParams::Dump()
                0x0000000040011458                NetworkParams::isMaskSet(unsigned int) const
 .text          0x000000004001146c      0x198 ../lib-network/lib_h3/libnetwork.a(networkparamssave.o)
                0x000000004001146c                NetworkParams::Builder(TNetworkParams const*, unsigned char*, unsigned int, unsigned int&)
                0x00000000400115c4                NetworkParams::Save(unsigned char*, unsigned int, unsigned int&)
 .text          0x0000000040011604      0x114 ../lib-network/lib_h3/libnetwork.a(networkprint.o)
                0x0000000040011604                Network::Print()
 .text          0x0000000040011718       0x74 ../lib-network/lib_h3/libnetwork.a(mdnsprint.o)
                0x0000000040011718                MDNS::Print()
 .text          0x000000004001178c      0x404 ../lib-network/lib_h3/libnetwork.a(networkh3emac.o)
                0x000000004001178c                NetworkH3emac::MacAddressCopyTo(unsigned char*)
                0x00000000400117ac                NetworkH3emac::SetNetmask(unsigned int)
                0x00000000400117ec                NetworkH3emac::~NetworkH3emac()
                0x00000000400117ec                NetworkH3emac::~NetworkH3emac()
                0x000000004001180c                NetworkH3emac::~NetworkH3emac()
                0x0000000040011834                NetworkH3emac::Begin(unsigned short)
                0x000000004001183c                NetworkH3emac::End(unsigned short)
                0x0000000040011844                NetworkH3emac::JoinGroup(unsigned int, unsigned int)
                0x000000004001184c                NetworkH3emac::LeaveGroup(unsigned int, unsigned int)
                0x0000000040011854                NetworkH3emac::RecvFrom(unsigned int, unsigned char*, unsigned short, unsigned int*, unsigned short*)
                0x0000000040011880                NetworkH3emac::SendTo(unsigned int, unsigned char const*, unsigned short, unsigned int, unsigned short)
                0x00000000400118ac                NetworkH3emac::SetIp(unsigned int)
                0x0000000040011940                NetworkH3emac::NetworkH3emac()
                0x0000000040011940                NetworkH3emac::NetworkH3emac()
                0x000000004001197c                NetworkH3emac::Init(NetworkParamsStore*)
 .text          0x0000000040011b90        0x0 ../lib-lightset/lib_h3/liblightset.a(lightsetconst.o)
 .text          0x0000000040011b90       0x38 ../lib-lightset/lib_h3/liblightset.a(lightset.o)
                0x0000000040011b90                LightSet::Print()
                0x0000000040011b94                LightSet::LightSet()
                0x0000000040011b94                LightSet::LightSet()
                0x0000000040011bb0                LightSet::~LightSet()
                0x0000000040011bb0                LightSet::~LightSet()
                0x0000000040011bb4                LightSet::~LightSet()
 .text          0x0000000040011bc8       0x14 ../lib-lightset/lib_h3/liblightset.a(lightsetgetslotinfo.o)
                0x0000000040011bc8                LightSet::GetSlotInfo(unsigned short, TLightSetSlotInfo&)
 .text          0x0000000040011bdc       0x18 ../lib-lightset/lib_h3/liblightset.a(lightsetdmx.o)
                0x0000000040011bdc                LightSet::GetDmxStartAddress()
                0x0000000040011be4                LightSet::GetDmxFootprint()
                0x0000000040011bec                LightSet::SetDmxStartAddress(unsigned short)
 .text          0x0000000040011bf4       0x64 ../lib-ledblink/lib_h3/libledblink.a(ledblink.o)
                0x0000000040011bf4                LedBlink::LedBlink()
                0x0000000040011bf4                LedBlink::LedBlink()
                0x0000000040011c10                LedBlink::~LedBlink()
                0x0000000040011c10                LedBlink::~LedBlink()
                0x0000000040011c14                LedBlink::SetMode(tLedBlinkMode)
 .text          0x0000000040011c58       0x74 ../lib-ledblink/lib_h3/libledblink.a(ledblink.o)
                0x0000000040011c58                LedBlink::SetFrequency(unsigned int)
 .text          0x0000000040011ccc       0x6c ../lib-properties/lib_h3/libproperties.a(sscan_uint8_t.o)
                0x0000000040011ccc                sscan_uint8_t
 .text          0x0000000040011d38       0x90 ../lib-properties/lib_h3/libproperties.a(sscan_char_p.o)
                0x0000000040011d38                sscan_char_p
 .text          0x0000000040011dc8       0x8c ../lib-properties/lib_h3/libproperties.a(sscan_uint32_t.o)
                0x0000000040011dc8                sscan_uint32_t
 .text          0x0000000040011e54       0xa4 ../lib-properties/lib_h3/libproperties.a(sscan_hexuint16.o)
                0x0000000040011e54                sscan_hexuint16
 .text          0x0000000040011ef8      0x118 ../lib-properties/lib_h3/libproperties.a(sscan_ip_address.o)
                0x0000000040011ef8                sscan_ip_address
 .text          0x0000000040012010       0x60 ../lib-properties/lib_h3/libproperties.a(sscan_uint16_t.o)
                0x0000000040012010                sscan_uint16_t
 .text          0x0000000040012070      0x2b8 ../lib-properties/lib_h3/libproperties.a(propertiesbuilder.o)
                0x0000000040012070                PropertiesBuilder::PropertiesBuilder(char const*, unsigned char*, unsigned int)
                0x0000000040012070                PropertiesBuilder::PropertiesBuilder(char const*, unsigned char*, unsigned int)
                0x00000000400120dc                PropertiesBuilder::~PropertiesBuilder()
                0x00000000400120dc                PropertiesBuilder::~PropertiesBuilder()
                0x00000000400120e0                PropertiesBuilder::Add(char const*, unsigned int, bool)
                0x000000004001214c                PropertiesBuilder::Add(char const*, float, bool)
                0x00000000400121bc                PropertiesBuilder::Add(char const*, char const*, bool)
                0x0000000040012228                PropertiesBuilder::AddIpAddress(char const*, unsigned int, bool)
                0x00000000400122b0                PropertiesBuilder::AddHex16(char const*, unsigned char const*, bool)
 .text          0x0000000040012328      0x16c ../lib-properties/lib_h3/libproperties.a(readconfigfile.o)
                0x0000000040012328                ReadConfigFile::ReadConfigFile(void (*)(void*, char const*), void*)
                0x0000000040012328                ReadConfigFile::ReadConfigFile(void (*)(void*, char const*), void*)
                0x0000000040012330                ReadConfigFile::~ReadConfigFile()
                0x0000000040012330                ReadConfigFile::~ReadConfigFile()
                0x0000000040012334                ReadConfigFile::Read(char const*)
                0x00000000400123d8                ReadConfigFile::Read(char const*, unsigned int)
 .text          0x0000000040012494        0x0 ../lib-properties/lib_h3/libproperties.a(devicesparamsconst.o)
 .text          0x0000000040012494       0x50 ../lib-properties/lib_h3/libproperties.a(get_name.o)
                0x0000000040012494                get_name
 .text          0x00000000400124e4      0x584 ../lib-display/lib_h3/libdisplay.a(display.o)
                0x0000000040012508                Display::~Display()
                0x0000000040012508                Display::~Display()
                0x0000000040012540                Display::Cls()
                0x0000000040012558                Display::TextLine(unsigned char, char const*, unsigned char)
                0x000000004001257c                Display::TextStatus(char const*)
                0x00000000400125f4                Display::Printf(unsigned char, char const*, ...)
                0x0000000040012664                Display::Detect(unsigned char, unsigned char)
                0x0000000040012728                Display::Write(unsigned char, char const*)
                0x0000000040012778                Display::SetCursor(TCursorMode)
                0x0000000040012790                Display::SetCursorPos(unsigned char, unsigned char)
                0x00000000400127a8                Display::PutChar(int)
                0x00000000400127c0                Display::PutString(char const*)
                0x00000000400127d8                Display::ClearLine(unsigned char)
                0x00000000400127f0                Display::SetSleep(bool)
                0x0000000040012830                Display::Init7Segment()
                0x0000000040012878                Display::Display(unsigned char, unsigned char)
                0x0000000040012878                Display::Display(unsigned char, unsigned char)
                0x00000000400128e0                Display::Display(TDisplayTypes)
                0x00000000400128e0                Display::Display(TDisplayTypes)
                0x00000000400129d0                Display::Status(TDisplay7SegmentMessages)
                0x00000000400129e4                Display::TextStatus(char const*, TDisplay7SegmentMessages)
                0x0000000040012a0c                Display::Run()
 .text          0x0000000040012a68      0xb00 ../lib-display/lib_h3/libdisplay.a(ssd1306.o)
                0x0000000040012a68                Ssd1306::PutString(char const*)
                0x0000000040012aa0                Ssd1306::~Ssd1306()
                0x0000000040012aa0                Ssd1306::~Ssd1306()
                0x0000000040012adc                Ssd1306::~Ssd1306()
                0x0000000040012af8                Ssd1306::ClearLine(unsigned char)
                0x0000000040012b64                Ssd1306::TextLine(unsigned char, char const*, unsigned char)
                0x0000000040012bd0                Ssd1306::Text(char const*, unsigned char)
                0x0000000040012c14                Ssd1306::Setup()
                0x0000000040012c30                Ssd1306::InitMembers()
                0x0000000040012d54                Ssd1306::Ssd1306()
                0x0000000040012d54                Ssd1306::Ssd1306()
                0x0000000040012d84                Ssd1306::Ssd1306(TOledPanel)
                0x0000000040012d84                Ssd1306::Ssd1306(TOledPanel)
                0x0000000040012db0                Ssd1306::Ssd1306(unsigned char, TOledPanel)
                0x0000000040012db0                Ssd1306::Ssd1306(unsigned char, TOledPanel)
                0x0000000040012de0                Ssd1306::SendCommand(unsigned char)
                0x0000000040012e0c                Ssd1306::Start()
                0x0000000040012f9c                Ssd1306::SetSleep(bool)
                0x0000000040012fb4                Ssd1306::SendData(unsigned char const*, unsigned int)
                0x0000000040012fe4                Ssd1306::Cls()
                0x0000000040013180                Ssd1306::PutChar(int)
                0x00000000400131e0                Ssd1306::SetCursorOn()
                0x00000000400132c0                Ssd1306::SetCursorBlinkOn()
                0x000000004001339c                Ssd1306::SetCursorOff()
                0x0000000040013478                Ssd1306::SetCursorPos(unsigned char, unsigned char)
                0x0000000040013538                Ssd1306::SetCursor(TCursorMode)
 .text          0x0000000040013568       0x1c ../lib-display/lib_h3/libdisplay.a(displayset.o)
                0x0000000040013568                DisplaySet::SetSleep(bool)
                0x000000004001356c                DisplaySet::~DisplaySet()
                0x000000004001356c                DisplaySet::~DisplaySet()
                0x0000000040013570                DisplaySet::~DisplaySet()
 .text          0x0000000040013584        0x8 ../lib-c++/lib_h3/libc++.a(new.o)
                0x0000000040013584                operator new(unsigned int)
                0x0000000040013588                operator new[](unsigned int)
 .text          0x000000004001358c       0x20 ../lib-c++/lib_h3/libc++.a(purecall.o)
                0x000000004001358c                __cxa_pure_virtual
 .text          0x00000000400135ac        0x8 ../lib-c++/lib_h3/libc++.a(free.o)
                0x00000000400135ac                operator delete(void*)
                0x00000000400135b0                operator delete[](void*)
 *fill*         0x00000000400135b4        0x4 
 .text          0x00000000400135b8      0x1e8 ../lib-hal/lib_h3/libhal.a(hardware.o)
                0x00000000400135b8                hardware_uptime_seconds
                0x00000000400135f0                hardware_get_mac_address
                0x0000000040013638                hardware_led_init
                0x0000000040013658                hardware_led_set
                0x0000000040013680                hardware_init
 .text          0x00000000400137a0      0x148 ../lib-hal/lib_h3/libhal.a(sys_time.o)
                0x00000000400137a0                sys_time_init
                0x0000000040013870                sys_time_set
                0x0000000040013888                millis
                0x00000000400138a0                time
 .text          0x00000000400138e8       0x5c ../lib-hal/lib_h3/libhal.a(led.o)
                0x00000000400138e8                led_set_ticks_per_second
                0x00000000400138f8                led_blink
 .text          0x0000000040013944       0xd4 ../lib-hal/lib_h3/libhal.a(firmwareversion.o)
                0x0000000040013944                FirmwareVersion::FirmwareVersion(char const*, char const*, char const*)
                0x0000000040013944                FirmwareVersion::FirmwareVersion(char const*, char const*, char const*)
                0x0000000040013a04                FirmwareVersion::~FirmwareVersion()
                0x0000000040013a04                FirmwareVersion::~FirmwareVersion()
                0x0000000040013a08                FirmwareVersion::Print()
 .text          0x0000000040013a18      0x148 ../lib-hal/lib_h3/libhal.a(hardware++.o)
                0x0000000040013a18                Hardware::Hardware()
                0x0000000040013a18                Hardware::Hardware()
                0x0000000040013a28                Hardware::~Hardware()
                0x0000000040013a28                Hardware::~Hardware()
                0x0000000040013a2c                Hardware::GetMachine(unsigned char&)
                0x0000000040013a40                Hardware::GetSysName(unsigned char&)
                0x0000000040013a54                Hardware::GetBoardName(unsigned char&)
                0x0000000040013a68                Hardware::GetCpuName(unsigned char&)
                0x0000000040013a7c                Hardware::GetSocName(unsigned char&)
                0x0000000040013a90                Hardware::SetTime(THardwareTime const&)
                0x0000000040013adc                Hardware::GetTime(THardwareTime*)
                0x0000000040013b34                Hardware::Reboot()
 .text          0x0000000040013b60       0x9c ../lib-hal/lib_h3/libhal.a(hardware_rtc.o)
                0x0000000040013b60                hardware_rtc_set
 .text          0x0000000040013bfc      0x240 ../lib-bob/lib_h3/libbob.a(mcp7941x.o)
                0x0000000040013bfc                mcp7941x_start
                0x0000000040013c50                mcp7941x_get_date_time
                0x0000000040013d2c                mcp7941x_set_date_time
 .text          0x0000000040013e3c       0x60 ../lib-i2c/lib_h3/libi2c.a(i2c_is_connected.o)
                0x0000000040013e3c                i2c_is_connected
 .text          0x0000000040013e9c      0x134 ../lib-i2c/lib_h3/libi2c.a(i2c_read.o)
                0x0000000040013e9c                i2c_read_uint8
                0x0000000040013ec4                i2c_read_uint16
                0x0000000040013ef4                i2c_read_reg_uint8
                0x0000000040013f34                i2c_read_reg_uint16
                0x0000000040013f7c                i2c_read_reg_uint16_delayus
 .text          0x0000000040013fd0       0x54 ../lib-i2c/lib_h3/libi2c.a(i2c_write.o)
                0x0000000040013fd0                i2c_write_reg_uint8
                0x0000000040013ff4                i2c_write_reg_uint16
 .text          0x0000000040014024      0x364 ../lib-utils/lib_h3/libutils.a(time.o)
                0x0000000040014024                localtime
                0x00000000400141b4                mktime
 .text          0x0000000040014388       0x1c ../lib-utils/lib_h3/libutils.a(puts.o)
                0x0000000040014388                puts
 .text          0x00000000400143a4      0x150 ../lib-utils/lib_h3/libutils.a(inet_aton.o)
                0x00000000400143a4                inet_aton
 .text          0x00000000400144f4      0x488 ../lib-utils/lib_h3/libutils.a(malloc.o)
                0x0000000040014594                get_allocated
                0x00000000400145b8                malloc
                0x00000000400145c4                free
                0x0000000040014628                calloc
                0x0000000040014748                realloc
                0x0000000040014978                mem_info
 .text          0x000000004001497c     0x109c ../lib-utils/lib_h3/libutils.a(printf.o)
                0x00000000400158d4                printf
                0x0000000040015904                vprintf
                0x0000000040015914                sprintf
                0x0000000040015960                vsprintf
                0x000000004001598c                snprintf
                0x00000000400159e0                vsnprintf
 .text          0x0000000040015a18       0x68 ../lib-utils/lib_h3/libutils.a(assert.o)
                0x0000000040015a18                __assert_func
 .text          0x0000000040015a80       0x44 ../lib-utils/lib_h3/libutils.a(__popcountsi2.o)
                0x0000000040015a80                __popcountsi2
 .text          0x0000000040015ac4      0x1fc ../lib-utils/lib_h3/libutils.a(file.o)
                0x0000000040015ac4                fopen
                0x0000000040015b64                fclose
                0x0000000040015b8c                fgetc
                0x0000000040015be4                fread
                0x0000000040015c28                fseek
                0x0000000040015c50                clearerr
                0x0000000040015c64                ferror
                0x0000000040015c74                fgets
                0x0000000040015cb4                fputs
 .text          0x0000000040015cc0      0x474 ../lib-console/lib_h3/libconsole.a(console_uart0.o)
                0x0000000040015cc0                console_putc
                0x0000000040015cec                console_puts
                0x0000000040015d40                console_newline
                0x0000000040015d58                console_set_fg_color
                0x0000000040015df8                console_set_bg_color
                0x0000000040015e60                console_init
                0x0000000040015e90                console_write
                0x0000000040015ee8                console_error
                0x0000000040015f1c                console_status
                0x0000000040015f94                console_puthex
                0x0000000040015fc8                console_puthex_fg_bg
                0x0000000040016030                console_putpct_fg_bg
                0x00000000400160a8                console_put3dec_fg_bg
 .text          0x0000000040016134     0x14e4 ../lib-ff12c/lib_h3/libff12c.a(ff.o)
                0x00000000400168bc                f_mount
                0x0000000040016944                f_open
                0x0000000040017208                f_read
                0x00000000400173d8                f_close
                0x00000000400173fc                f_lseek
                0x000000004001759c                f_gets
 .text          0x0000000040017618      0x194 ../lib-ff12c/lib_h3/libff12c.a(ccsbcs.o)
                0x0000000040017618                ff_convert
                0x0000000040017688                ff_wtoupper
 .text          0x00000000400177ac      0x88c ../lib-h3/lib_h3/libh3.a(h3_spi.o)
                0x000000004001788c                h3_spi_set_ws28xx_mode
                0x000000004001789c                h3_spi_get_ws28xx_mode
                0x00000000400178ac                _setup_clock
                0x00000000400179a8                h3_spi_begin
                0x0000000040017aa8                h3_spi_end
                0x0000000040017b2c                h3_spi_set_speed_hz
                0x0000000040017b54                h3_spi_setBitOrder
                0x0000000040017b7c                h3_spi_setDataMode
                0x0000000040017b9c                h3_spi_chipSelect
                0x0000000040017bc8                h3_spi_setChipSelectPolarity
                0x0000000040017bf0                h3_spi_transfernb
                0x0000000040017d04                h3_spi_transfern
                0x0000000040017d10                h3_spi_writenb
                0x0000000040017ee0                h3_spi_write
                0x0000000040017f98                h3_spi_transfer
 .text          0x0000000040018038       0x24 ../lib-h3/lib_h3/libh3.a(udelay.o)
                0x0000000040018038                udelay
 .text          0x000000004001805c       0x94 ../lib-h3/lib_h3/libh3.a(h3_hs_timer.o)
                0x000000004001805c                h3_hs_timer_init
                0x00000000400180cc                h3_hs_timer_udelay
 .text          0x00000000400180f0      0x234 ../lib-h3/lib_h3/libh3.a(h3_thermal.o)
                0x00000000400180f0                h3_thermal_gettemp
                0x0000000040018128                h3_thermal_getshut
                0x0000000040018158                h3_thermal_setshut
                0x00000000400181a8                h3_thermal_getalarm
                0x00000000400181d8                h3_thermal_setalarm
                0x0000000040018228                h3_thermal_init
 *fill*         0x0000000040018324        0x4 
 .text          0x0000000040018328      0x14c ../lib-h3/lib_h3/libh3.a(h3_cpu.o)
                0x0000000040018328                h3_cpu_off
                0x00000000400183d4                h3_cpu_set_clock
                0x0000000040018460                h3_cpu_get_clock
 .text          0x0000000040018474       0x7c ../lib-h3/lib_h3/libh3.a(h3_gpio_fsel.o)
                0x0000000040018474                h3_gpio_fsel
 .text          0x00000000400184f0      0x588 ../lib-h3/lib_h3/libh3.a(h3_i2c.o)
                0x0000000040018730                h3_i2c_begin
                0x00000000400187c0                h3_i2c_end
                0x0000000040018800                h3_i2c_write
                0x00000000400188b8                h3_i2c_read
                0x0000000040018a4c                h3_i2c_set_baudrate
                0x0000000040018a68                h3_i2c_set_slave_address
 .text          0x0000000040018a78      0x10c ../lib-h3/lib_h3/libh3.a(h3_uart0_debug.o)
                0x0000000040018a78                uart0_init
                0x0000000040018b0c                uart0_putc
                0x0000000040018b28                uart0_puts
 .text          0x0000000040018b84       0x84 ../lib-h3/lib_h3/libh3.a(h3_timer.o)
                0x0000000040018b84                h3_timer_init