Archive member included to satisfy reference by file (symbol)

../lib-remoteconfig/lib_h3/libremoteconfig.a(remoteconfigparams.o)
                              build_h3/firmware/main.o (RemoteConfigParams::RemoteConfigParams(RemoteConfigParamsStore*))
../lib-remoteconfig/lib_h3/libremoteconfig.a(remoteconfig.o)
                              build_h3/firmware/main.o (RemoteConfig::RemoteConfig(TRemoteConfig, TRemoteConfigMode, unsigned char))
../lib-remoteconfig/lib_h3/libremoteconfig.a(tftpfileserver.o)
                              ../lib-remoteconfig/lib_h3/libremoteconfig.a(remoteconfig.o) (TFTPFileServer::TFTPFileServer(unsigned char*, unsigned int))
../lib-remoteconfig/lib_h3/libremoteconfig.a(ubootheader.o)
                              ../lib-remoteconfig/lib_h3/libremoteconfig.a(tftpfileserver.o) (UBootHeader::UBootHeader(unsigned char*))
../lib-remoteconfig/lib_h3/libremoteconfig.a(remoteconfigconst.o)
                              ../lib-remoteconfig/lib_h3/libremoteconfig.a(remoteconfigparams.o) (RemoteConfigConst::PARAMS_DISPLAY_NAME)
../lib-remoteconfig/lib_h3/libremoteconfig.a(remoteconfigstatic.o)
                              ../lib-remoteconfig/lib_h3/libremoteconfig.a(remoteconfig.o) (RemoteConfig::GetIndex(void const*, unsigned int&))
../lib-tftpdeamon/lib_h3/libtftpdeamon.a(tftpdaemon.o)
                              ../lib-remoteconfig/lib_h3/libremoteconfig.a(tftpfileserver.o) (TFTPDaemon::TFTPDaemon())
../lib-nextion/lib_h3/libnextion.a(nextion.o)
                              build_h3/firmware/main.o (Nextion::Nextion())
../lib-nextion/lib_h3/libnextion.a(sc16is750.o)
                              ../lib-nextion/lib_h3/libnextion.a(nextion.o) (SC16IS750::SC16IS750())
../lib-nextion/lib_h3/libnextion.a(nextionparams.o)
                              build_h3/firmware/main.o (NextionParams::NextionParams(NextionParamsStore*))
../lib-nextion/lib_h3/libnextion.a(handlerawdata.o)
                              ../lib-nextion/lib_h3/libnextion.a(nextion.o) (Nextion::HandleRawData())
../lib-nextion/lib_h3/libnextion.a(handlerconfig.o)
                              ../lib-nextion/lib_h3/libnextion.a(handlerawdata.o) (Nextion::HandleRconfigGet())
../lib-nextion/lib_h3/libnextion.a(nextionprint.o)
                              build_h3/firmware/main.o (Nextion::Print())
../lib-nextion/lib_h3/libnextion.a(sc16is750print.o)
                              ../lib-nextion/lib_h3/libnextion.a(nextionprint.o) (SC16IS750::Print())
../lib-nextion/lib_h3/libnextion.a(handlemainpage.o)
                              ../lib-nextion/lib_h3/libnextion.a(handlerawdata.o) (Nextion::HandleMain())
../lib-nextion/lib_h3/libnextion.a(handleartnet.o)
                              ../lib-nextion/lib_h3/libnextion.a(handlerawdata.o) (Nextion::HandleArtNetGet())
../lib-nextion/lib_h3/libnextion.a(nextionparamsconst.o)
                              ../lib-nextion/lib_h3/libnextion.a(nextionparams.o) (NextionParamsConst::CRYSTAL)
../lib-nextion/lib_h3/libnextion.a(handledisplay.o)
                              ../lib-nextion/lib_h3/libnextion.a(handlerawdata.o) (Nextion::HandleDisplayGet())
../lib-nextion/lib_h3/libnextion.a(handledevices.o)
                              ../lib-nextion/lib_h3/libnextion.a(handlerawdata.o) (Nextion::HandleDevicesGet())
../lib-nextion/lib_h3/libnextion.a(handlenetwork.o)
                              ../lib-nextion/lib_h3/libnextion.a(handlerawdata.o) (Nextion::HandleNetworkGet())
../lib-displayudf/lib_h3/libdisplayudf.a(displayudfparams.o)
                              build_h3/firmware/main.o (DisplayUdfParams::DisplayUdfParams(DisplayUdfParamsStore*))
../lib-displayudf/lib_h3/libdisplayudf.a(displayudf.o)
                              build_h3/firmware/main.o (DisplayUdf::DisplayUdf())
../lib-displayudf/lib_h3/libdisplayudf.a(displayudfshowartnet.o)
                              build_h3/firmware/main.o (DisplayUdf::Show(ArtNetNode*))
../lib-displayudf/lib_h3/libdisplayudf.a(displayudfparamsconst.o)
                              ../lib-displayudf/lib_h3/libdisplayudf.a(displayudfparams.o) (DisplayUdfParamsConst::ACTIVE_PORTS)
../lib-artnet4/lib_h3/libartnet4.a(artnet4paramsset.o)
                              build_h3/firmware/main.o (ArtNet4Params::Set(ArtNet4Node*))
../lib-artnet4/lib_h3/libartnet4.a(artnet4node.o)
                              build_h3/firmware/main.o (ArtNet4Node::ArtNet4Node(unsigned char))
../lib-artnet4/lib_h3/libartnet4.a(artnet4params.o)
                              build_h3/firmware/main.o (ArtNet4Params::ArtNet4Params(ArtNet4ParamsStore*))
../lib-artnet4/lib_h3/libartnet4.a(artnet4paramssave.o)
                              ../lib-remoteconfig/lib_h3/libremoteconfig.a(remoteconfig.o) (ArtNet4Params::Builder(TArtNet4Params const*, unsigned char*, unsigned int, unsigned int&))
../lib-artnet4/lib_h3/libartnet4.a(artnet4paramsconst.o)
                              ../lib-artnet4/lib_h3/libartnet4.a(artnet4params.o) (ArtNet4ParamsConst::MAP_UNIVERSE0)
[...]
Memory Configuration

Name             Origin             Length             Attributes
ram              0x0000000040000000 0x0000000001000000
*default*        0x0000000000000000 0xffffffffffffffff

Linker script and memory map

LOAD build_h3/vectors.o
LOAD build_h3/firmware/main.o
                0x0000000040000000                __ram_start = ORIGIN (ram)
                0x0000000001000000                __ram_size = LENGTH (ram)
                0x0000000041000000                __ram_end = (__ram_start + __ram_size)
                0x0000000040300000                __stack_start = (__ram_start + 0x300000)
                0x0000000040500000                __heap_start = (__ram_start + 0x500000)
                0x0000000000008000                __und_stack_size = 0x8000
                0x0000000000008000                __abt_stack_size = 0x8000
                0x0000000000008000                __fiq_stack_size = 0x8000
                0x0000000000008000                __irq_stack_size = 0x8000
                0x0000000000040000                __svc_stack_size = 0x40000
                0x0000000000008000                __sys_stack_size = 0x8000

.init           0x0000000040000000      0x118
                0x0000000040000000                . = ALIGN (0x4)
 *(.init)
 .init          0x0000000040000000      0x118 build_h3/vectors.o
                0x0000000040000000                _start

.text           0x0000000040000120    0x1c198
                0x0000000040000120                . = ALIGN (0x4)
 *(.text*)
 .text          0x0000000040000120        0x4 build_h3/vectors.o
                0x0000000040000120                hang
 .text          0x0000000040000124      0x650 build_h3/firmware/main.o
                0x0000000040000124                notmain
 .text          0x0000000040000774      0x434 ../lib-remoteconfig/lib_h3/libremoteconfig.a(remoteconfigparams.o)
                0x0000000040000774                RemoteConfigParams::RemoteConfigParams(RemoteConfigParamsStore*)
                0x0000000040000774                RemoteConfigParams::RemoteConfigParams(RemoteConfigParamsStore*)
                0x0000000040000794                RemoteConfigParams::~RemoteConfigParams()
                0x0000000040000794                RemoteConfigParams::~RemoteConfigParams()
                0x0000000040000798                RemoteConfigParams::Load()
                0x0000000040000824                RemoteConfigParams::Load(char const*, unsigned int)
                0x0000000040000884                RemoteConfigParams::callbackFunction(char const*)
                0x00000000400009bc                RemoteConfigParams::staticCallbackFunction(void*, char const*)
                0x00000000400009c0                RemoteConfigParams::Builder(TRemoteConfigParams const*, unsigned char*, unsigned int, unsigned int&)
                0x0000000040000ae8                RemoteConfigParams::Save(unsigned char*, unsigned int, unsigned int&)
                0x0000000040000b20                RemoteConfigParams::Set(RemoteConfig*)
                0x0000000040000b90                RemoteConfigParams::Dump()
                0x0000000040000b94                RemoteConfigParams::isMaskSet(unsigned int) const
 .text          0x0000000040000ba8     0x15cc ../lib-remoteconfig/lib_h3/libremoteconfig.a(remoteconfig.o)
                0x0000000040000ba8                RemoteConfig::RemoteConfig(TRemoteConfig, TRemoteConfigMode, unsigned char)
                0x0000000040000ba8                RemoteConfig::RemoteConfig(TRemoteConfig, TRemoteConfigMode, unsigned char)
                0x0000000040000c80                RemoteConfig::~RemoteConfig()
                0x0000000040000c80                RemoteConfig::~RemoteConfig()
                0x0000000040000cb8                RemoteConfig::SetDisable(bool)
                0x0000000040000d34                RemoteConfig::SetDisplayName(char const*)
                0x0000000040000d70                RemoteConfig::HandleReboot()
                0x0000000040000ddc                RemoteConfig::HandleUptime()
                0x0000000040000ec0                RemoteConfig::HandleVersion()
                0x0000000040000fb4                RemoteConfig::HandleList()
                0x0000000040001130                RemoteConfig::HandleDisplaySet()
                0x0000000040001154                RemoteConfig::HandleDisplayGet()
                0x000000004000125c                RemoteConfig::HandleStoreGet()
                0x00000000400012e0                RemoteConfig::HandleGetRconfigTxt(unsigned int&)
                0x0000000040001328                RemoteConfig::HandleGetNetworkTxt(unsigned int&)
                0x0000000040001378                RemoteConfig::HandleGetArtnetTxt(unsigned int&)
                0x000000004000141c                RemoteConfig::HandleGetDevicesTxt(unsigned int&)
                0x00000000400014c4                RemoteConfig::HandleGetDisplayTxt(unsigned int&)
                0x000000004000150c                RemoteConfig::HandleGetNextionTxt(unsigned int&)
                0x0000000040001554                RemoteConfig::HandleGet()
                0x000000004000164c                RemoteConfig::HandleTxtFileRconfig()
                0x00000000400016cc                RemoteConfig::HandleTxtFileNetwork()
                0x0000000040001754                RemoteConfig::HandleTxtFileArtnet()
                0x0000000040001838                RemoteConfig::HandleTxtFileDevices()
                0x0000000040001944                RemoteConfig::HandleTxtFileDisplay()
                0x00000000400019c4                RemoteConfig::HandleTxtFileNextion()
                0x0000000040001a44                RemoteConfig::HandleTxtFile()
                0x0000000040001b40                RemoteConfig::HandleTftpSet()
                0x0000000040001ca4                RemoteConfig::HandleTftpGet()
                0x0000000040001d98                RemoteConfig::Run()
 .text          0x0000000040002174      0x204 ../lib-remoteconfig/lib_h3/libremoteconfig.a(tftpfileserver.o)
                0x0000000040002174                TFTPFileServer::FileOpen(char const*, TTFTPMode)
                0x000000004000217c                TFTPFileServer::FileRead(void*, unsigned int, unsigned int)
                0x0000000040002184                TFTPFileServer::~TFTPFileServer()
                0x0000000040002184                TFTPFileServer::~TFTPFileServer()
                0x00000000400021a4                TFTPFileServer::~TFTPFileServer()
                0x00000000400021cc                TFTPFileServer::FileClose()
                0x00000000400021fc                TFTPFileServer::FileWrite(void const*, unsigned int, unsigned int)
                0x00000000400022ac                TFTPFileServer::FileCreate(char const*, TTFTPMode)
                0x000000004000233c                TFTPFileServer::TFTPFileServer(unsigned char*, unsigned int)
                0x000000004000233c                TFTPFileServer::TFTPFileServer(unsigned char*, unsigned int)
 .text          0x0000000040002378       0xc4 ../lib-remoteconfig/lib_h3/libremoteconfig.a(ubootheader.o)
                0x0000000040002378                UBootHeader::UBootHeader(unsigned char*)
                0x0000000040002378                UBootHeader::UBootHeader(unsigned char*)
                0x0000000040002434                UBootHeader::~UBootHeader()
                0x0000000040002434                UBootHeader::~UBootHeader()
                0x0000000040002438                UBootHeader::Dump()
 .text          0x000000004000243c        0x0 ../lib-remoteconfig/lib_h3/libremoteconfig.a(remoteconfigconst.o)
 .text          0x000000004000243c       0x9c ../lib-remoteconfig/lib_h3/libremoteconfig.a(remoteconfigstatic.o)
                0x000000004000243c                RemoteConfig::GetIndex(void const*, unsigned int&)
                0x00000000400024bc                RemoteConfig::GetStore(TTxtFile)
 .text          0x00000000400024d8      0x864 ../lib-tftpdeamon/lib_h3/libtftpdeamon.a(tftpdaemon.o)
                0x00000000400024d8                TFTPDaemon::TFTPDaemon()
                0x00000000400024d8                TFTPDaemon::TFTPDaemon()
                0x00000000400025cc                TFTPDaemon::~TFTPDaemon()
                0x00000000400025cc                TFTPDaemon::~TFTPDaemon()
                0x0000000040002604                TFTPDaemon::~TFTPDaemon()
                0x0000000040002644                TFTPDaemon::SendError(unsigned short, char const*)
                0x00000000400026d4                TFTPDaemon::DoRead()
                0x00000000400027cc                TFTPDaemon::HandleRecvAck()
                0x000000004000280c                TFTPDaemon::DoWriteAck()
                0x000000004000288c                TFTPDaemon::HandleRequest()
                0x0000000040002a7c                TFTPDaemon::HandleRecvData()
                0x0000000040002b28                TFTPDaemon::Run()
 .text          0x0000000040002d3c      0x460 ../lib-nextion/lib_h3/libnextion.a(nextion.o)
                0x0000000040002d3c                Nextion::Nextion()
                0x0000000040002d3c                Nextion::Nextion()
                0x0000000040002d58                Nextion::~Nextion()
                0x0000000040002d58                Nextion::~Nextion()
                0x0000000040002d6c                Nextion::SetBaud(unsigned int)
                0x0000000040002da8                Nextion::ReceiveCommandResponse()
                0x0000000040002e50                Nextion::Listen()
                0x0000000040002f10                Nextion::Run()
                0x0000000040002f14                Nextion::SendCommand(char const*)
                0x0000000040002fc4                Nextion::Start()
                0x0000000040003038                Nextion::SetText(char const*, char const*)
                0x0000000040003074                Nextion::SetValue(char const*, unsigned int)
                0x00000000400030b0                Nextion::ReceiveReturnedValue(unsigned int&)
                0x000000004000314c                Nextion::GetValue(char const*, unsigned int&)
                0x0000000040003194                Nextion::HandleTouchEvent()
                0x0000000040003198                Nextion::HandleReady()
 .text          0x000000004000319c      0x20c ../lib-nextion/lib_h3/libnextion.a(sc16is750.o)
                0x000000004000319c                SC16IS750::SC16IS750()
                0x000000004000319c                SC16IS750::SC16IS750()
                0x00000000400031b0                SC16IS750::SC16IS750(unsigned char, unsigned int)
                0x00000000400031b0                SC16IS750::SC16IS750(unsigned char, unsigned int)
                0x00000000400031bc                SC16IS750::~SC16IS750()
                0x00000000400031bc                SC16IS750::~SC16IS750()
                0x00000000400031c0                SC16IS750::RegWrite(unsigned char, unsigned char)
                0x00000000400031f8                SC16IS750::SetFormat(unsigned int, TSC16IS750SerialParity, unsigned int)
                0x0000000040003260                SC16IS750::RegRead(unsigned char)
                0x0000000040003290                SC16IS750::SetBaud(unsigned int)
                0x00000000400032fc                SC16IS750::Start()
                0x0000000040003388                SC16IS750::I2cSetup()
 .text          0x00000000400033a8      0x2c8 ../lib-nextion/lib_h3/libnextion.a(nextionparams.o)
                0x00000000400033a8                NextionParams::NextionParams(NextionParamsStore*)
                0x00000000400033a8                NextionParams::NextionParams(NextionParamsStore*)
                0x00000000400033c0                NextionParams::~NextionParams()
                0x00000000400033c0                NextionParams::~NextionParams()
                0x00000000400033c4                NextionParams::Load()
                0x0000000040003454                NextionParams::Load(char const*, unsigned int)
                0x00000000400034b8                NextionParams::callbackFunction(char const*)
                0x0000000040003518                NextionParams::staticCallbackFunction(void*, char const*)
                0x000000004000351c                NextionParams::Builder(TNextionParams const*, unsigned char*, unsigned int, unsigned int&)
                0x00000000400035dc                NextionParams::Save(unsigned char*, unsigned int, unsigned int&)
                0x000000004000361c                NextionParams::Set(Nextion*)
                0x0000000040003658                NextionParams::Dump()
                0x000000004000365c                NextionParams::isMaskSet(unsigned int) const
 .text          0x0000000040003670      0x188 ../lib-nextion/lib_h3/libnextion.a(handlerawdata.o)
                0x0000000040003670                Nextion::HandleGet(unsigned int)
                0x00000000400036c0                Nextion::HandleSave(unsigned int)
                0x0000000040003710                Nextion::HandleRawData()
 .text          0x00000000400037f8      0x214 ../lib-nextion/lib_h3/libnextion.a(handlerconfig.o)
                0x00000000400037f8                Nextion::HandleRconfigGet()
                0x0000000040003868                Nextion::HandleRconfigSave()
 .text          0x0000000040003a0c        0x4 ../lib-nextion/lib_h3/libnextion.a(nextionprint.o)
                0x0000000040003a0c                Nextion::Print()
 .text          0x0000000040003a10        0x4 ../lib-nextion/lib_h3/libnextion.a(sc16is750print.o)
                0x0000000040003a10                SC16IS750::Print()
 .text          0x0000000040003a14       0x7c ../lib-nextion/lib_h3/libnextion.a(handlemainpage.o)
                0x0000000040003a14                Nextion::HandleMain()
 .text          0x0000000040003a90        0x8 ../lib-nextion/lib_h3/libnextion.a(handleartnet.o)
                0x0000000040003a90                Nextion::HandleArtNetGet()
                0x0000000040003a94                Nextion::HandleArtNetSave()
 .text          0x0000000040003a98        0x0 ../lib-nextion/lib_h3/libnextion.a(nextionparamsconst.o)
 .text          0x0000000040003a98        0x8 ../lib-nextion/lib_h3/libnextion.a(handledisplay.o)
                0x0000000040003a98                Nextion::HandleDisplayGet()
                0x0000000040003a9c                Nextion::HandleDisplaySave()
 .text          0x0000000040003aa0        0x8 ../lib-nextion/lib_h3/libnextion.a(handledevices.o)
                0x0000000040003aa0                Nextion::HandleDevicesGet()
                0x0000000040003aa4                Nextion::HandleDevicesSave()
 .text          0x0000000040003aa8       0xe4 ../lib-nextion/lib_h3/libnextion.a(handlenetwork.o)
                0x0000000040003aa8                Nextion::SetIp(char const*, unsigned int)
                0x0000000040003b00                Nextion::HandleNetworkGet()
                0x0000000040003b88                Nextion::HandleNetworkSave()
 .text          0x0000000040003b8c      0x364 ../lib-displayudf/lib_h3/libdisplayudf.a(displayudfparams.o)
                0x0000000040003b8c                DisplayUdfParams::DisplayUdfParams(DisplayUdfParamsStore*)
                0x0000000040003b8c                DisplayUdfParams::DisplayUdfParams(DisplayUdfParamsStore*)
                0x0000000040003b9c                DisplayUdfParams::~DisplayUdfParams()
                0x0000000040003b9c                DisplayUdfParams::~DisplayUdfParams()
                0x0000000040003ba0                DisplayUdfParams::Load()
                0x0000000040003c2c                DisplayUdfParams::Load(char const*, unsigned int)
                0x0000000040003c98                DisplayUdfParams::callbackFunction(char const*)
                0x0000000040003d1c                DisplayUdfParams::staticCallbackFunction(void*, char const*)
                0x0000000040003d20                DisplayUdfParams::Builder(TDisplayUdfParams const*, unsigned char*, unsigned int, unsigned int&)
                0x0000000040003e30                DisplayUdfParams::Save(unsigned char*, unsigned int, unsigned int&)
                0x0000000040003e68                DisplayUdfParams::Set(DisplayUdf*)
                0x0000000040003ed8                DisplayUdfParams::Dump()
                0x0000000040003edc                DisplayUdfParams::isMaskSet(unsigned int) const
 .text          0x0000000040003ef0      0x2b0 ../lib-displayudf/lib_h3/libdisplayudf.a(displayudf.o)
                0x0000000040003ef0                DisplayUdf::DisplayUdf()
                0x0000000040003ef0                DisplayUdf::DisplayUdf()
                0x0000000040003f2c                DisplayUdf::~DisplayUdf()
                0x0000000040003f2c                DisplayUdf::~DisplayUdf()
                0x0000000040003f40                DisplayUdf::SetTitle(char const*, ...)
                0x0000000040003f84                DisplayUdf::ShowIpAddress()
                0x0000000040004008                DisplayUdf::ShowNetmask()
                0x0000000040004060                DisplayUdf::ShowHostName()
                0x0000000040004090                DisplayUdf::Show()
                0x0000000040004158                DisplayUdf::Set(unsigned char, TDisplayUdfLabels)
 .text          0x00000000400041a0      0x210 ../lib-displayudf/lib_h3/libdisplayudf.a(displayudfshowartnet.o)
                0x00000000400041a0                DisplayUdf::ShowNodeName(ArtNetNode*)
                0x00000000400041c8                DisplayUdf::ShowUniverse(ArtNetNode*)
                0x000000004000436c                DisplayUdf::Show(ArtNetNode*)
 .text          0x00000000400043b0        0x0 ../lib-displayudf/lib_h3/libdisplayudf.a(displayudfparamsconst.o)
 .text          0x00000000400043b0       0x50 ../lib-artnet4/lib_h3/libartnet4.a(artnet4paramsset.o)
                0x00000000400043b0                ArtNet4Params::Set(ArtNet4Node*)
 .text          0x0000000040004400      0x47c ../lib-artnet4/lib_h3/libartnet4.a(artnet4node.o)
                0x0000000040004400                ArtNet4Node::~ArtNet4Node()
                0x0000000040004400                ArtNet4Node::~ArtNet4Node()
                0x0000000040004438                ArtNet4Node::~ArtNet4Node()
                0x0000000040004454                ArtNet4Node::SetPort(unsigned char, TArtNetPortDir)
                0x00000000400044f8                ArtNet4Node::HandleAddress(unsigned char)
                0x000000004000466c                ArtNet4Node::GetStatus(unsigned char)
                0x00000000400046d0                ArtNet4Node::ArtNet4Node(unsigned char)
                0x00000000400046d0                ArtNet4Node::ArtNet4Node(unsigned char)
                0x0000000040004724                ArtNet4Node::Start()
                0x0000000040004800                ArtNet4Node::Stop()
                0x0000000040004820                ArtNet4Node::Run()
                0x0000000040004840                ArtNet4Node::Print()
 .text._ZN11ArtNet4Node15IsStatusChangedEv
                0x000000004000487c        0xc ../lib-artnet4/lib_h3/libartnet4.a(artnet4node.o)
                0x000000004000487c                ArtNet4Node::IsStatusChanged()
 .text          0x0000000040004888      0x1c8 ../lib-artnet4/lib_h3/libartnet4.a(artnet4params.o)
                0x0000000040004888                ArtNet4Params::ArtNet4Params(ArtNet4ParamsStore*)
                0x0000000040004888                ArtNet4Params::ArtNet4Params(ArtNet4ParamsStore*)
                0x00000000400048d0                ArtNet4Params::~ArtNet4Params()
                0x00000000400048d0                ArtNet4Params::~ArtNet4Params()
                0x00000000400048ec                ArtNet4Params::Load()
                0x000000004000497c                ArtNet4Params::Load(char const*, unsigned int)
                0x00000000400049ec                ArtNet4Params::callbackFunction(char const*)
                0x0000000040004a34                ArtNet4Params::staticCallbackFunction(void*, char const*)
                0x0000000040004a38                ArtNet4Params::Dump()
                0x0000000040004a3c                ArtNet4Params::isMaskSet(unsigned int) const
 .text          0x0000000040004a50       0xe8 ../lib-artnet4/lib_h3/libartnet4.a(artnet4paramssave.o)
                0x0000000040004a50                ArtNet4Params::Builder(TArtNet4Params const*, unsigned char*, unsigned int, unsigned int&)
                0x0000000040004af8                ArtNet4Params::Save(unsigned char*, unsigned int, unsigned int&)
 .text          0x0000000040004b38        0x0 ../lib-artnet4/lib_h3/libartnet4.a(artnet4paramsconst.o)
 .text          0x0000000040004b38       0x28 ../lib-artnet/lib_h3/libartnet.a(artnet4handler.o)
                0x0000000040004b38                ArtNet4Handler::~ArtNet4Handler()
                0x0000000040004b38                ArtNet4Handler::~ArtNet4Handler()
                0x0000000040004b3c                ArtNet4Handler::~ArtNet4Handler()
                0x0000000040004b50                ArtNetNode::SetArtNet4Handler(ArtNet4Handler*)
 .text          0x0000000040004b60      0x1ec ../lib-artnet/lib_h3/libartnet.a(artnetnodeprint.o)
                0x0000000040004b60                ArtNetNode::Print()
 .text          0x0000000040004d4c      0x1f8 ../lib-artnet/lib_h3/libartnet.a(artnetparamsset.o)
                0x0000000040004d4c                ArtNetParams::Set(ArtNetNode*)
 .text          0x0000000040004f44        0x0 ../lib-artnet/lib_h3/libartnet.a(artnetparamsconst.o)
 .text          0x0000000040004f44        0x0 ../lib-artnet/lib_h3/libartnet.a(artnetconst.o)
 .text          0x0000000040004f44      0x6ac ../lib-artnet/lib_h3/libartnet.a(artnetparams.o)
                0x0000000040004f44                ArtNetParams::ArtNetParams(ArtNetParamsStore*)
                0x0000000040004f44                ArtNetParams::ArtNetParams(ArtNetParamsStore*)
                0x0000000040004f80                ArtNetParams::~ArtNetParams()
                0x0000000040004f80                ArtNetParams::~ArtNetParams()
                0x0000000040004f84                ArtNetParams::Load()
                0x0000000040005010                ArtNetParams::Load(char const*, unsigned int)
                0x000000004000507c                ArtNetParams::callbackFunction(char const*)
                0x00000000400055ac                ArtNetParams::staticCallbackFunction(void*, char const*)
                0x00000000400055b0                ArtNetParams::Dump()
                0x00000000400055b4                ArtNetParams::GetUniverse(unsigned char, bool&) const
                0x00000000400055dc                ArtNetParams::isMaskSet(unsigned int) const
 .text.unlikely
                0x00000000400055f0       0x38 ../lib-artnet/lib_h3/libartnet.a(artnetparams.o)
 .text          0x0000000040005628      0x490 ../lib-artnet/lib_h3/libartnet.a(artnetparamssave.o)
                0x0000000040005628                ArtNetParams::Builder(TArtNetParams const*, unsigned char*, unsigned int, unsigned int&)
                0x0000000040005a78                ArtNetParams::Save(unsigned char*, unsigned int, unsigned int&)
 .text          0x0000000040005ab8     0x22d0 ../lib-artnet/lib_h3/libartnet.a(artnetnode.o)
                0x0000000040005cc4                ArtNetNode::Stop()
                0x0000000040005d68                ArtNetNode::~ArtNetNode()
                0x0000000040005d68                ArtNetNode::~ArtNetNode()
                0x0000000040005dac                ArtNetNode::SetOutput(LightSet*)
                0x0000000040005db4                ArtNetNode::GetSoftwareVersion()
                0x0000000040005dc0                ArtNetNode::SetUniverseSwitch(unsigned char, TArtNetPortDir, unsigned char)
                0x0000000040005e30                ArtNetNode::GetUniverseSwitch(unsigned char, unsigned char&, TArtNetPortDir) const
                0x0000000040005e60                ArtNetNode::SetSubnetSwitch(unsigned char, unsigned char)
                0x0000000040005f00                ArtNetNode::GetSubnetSwitch(unsigned char) const
                0x0000000040005f0c                ArtNetNode::SetNetSwitch(unsigned char, unsigned char)
                0x0000000040005fac                ArtNetNode::GetNetSwitch(unsigned char) const
                0x0000000040005fb8                ArtNetNode::GetPortAddress(unsigned char, unsigned short&, TArtNetPortDir) const
                0x0000000040005ff8                ArtNetNode::MakePortAddress(unsigned short, unsigned char)
                0x0000000040006024                ArtNetNode::SetMergeMode(unsigned char, TMerge)
                0x0000000040006058                ArtNetNode::GetMergeMode(unsigned char) const
                0x0000000040006068                ArtNetNode::SetPortProtocol(unsigned char, TPortProtocol)
                0x00000000400060f0                ArtNetNode::GetPortProtocol(unsigned char) const
                0x0000000040006100                ArtNetNode::SetShortName(char const*)
                0x00000000400061b4                ArtNetNode::SetLongName(char const*)
                0x0000000040006268                ArtNetNode::ArtNetNode(unsigned char, unsigned char)
                0x0000000040006268                ArtNetNode::ArtNetNode(unsigned char, unsigned char)
                0x0000000040006524                ArtNetNode::SetManufacturerId(unsigned char const*)
                0x0000000040006538                ArtNetNode::SetOemValue(unsigned char const*)
                0x000000004000654c                ArtNetNode::SetNetworkTimeout(long)
                0x0000000040006554                ArtNetNode::SetDisableMergeTimeout(bool)
                0x000000004000655c                ArtNetNode::FillPollReply()
                0x0000000040006778                ArtNetNode::SendPollRelply(bool)
                0x00000000400069a0                ArtNetNode::Start()
                0x0000000040006a74                ArtNetNode::IsDmxDataChanged(unsigned char, unsigned char const*, unsigned short)
                0x0000000040006b0c                ArtNetNode::IsMergedDmxDataChanged(unsigned char, unsigned char const*, unsigned short)
                0x0000000040006c74                ArtNetNode::CheckMergeTimeouts(unsigned char)
                0x0000000040006d24                ArtNetNode::HandlePoll()
                0x0000000040006dd4                ArtNetNode::HandleDmx()
                0x00000000400073d8                ArtNetNode::HandleSync()
                0x00000000400074bc                ArtNetNode::HandleAddress()
                0x0000000040007970                ArtNetNode::SetNetworkDataLossCondition()
                0x0000000040007a00                ArtNetNode::GetType()
                0x0000000040007a88                ArtNetNode::Run()
 .text          0x0000000040007d88      0x1b8 ../lib-artnet/lib_h3/libartnet.a(artnetipprog.o)
                0x0000000040007d88                ArtNetNode::SetIpProgHandler(ArtNetIpProg*)
                0x0000000040007dfc                ArtNetNode::HandleIpProg()
 .text          0x0000000040007f40      0x514 ../lib-artnet/lib_h3/libartnet.a(artnetrdm.o)
                0x0000000040007f40                ArtNetNode::SendTod(unsigned char)
                0x0000000040008018                ArtNetNode::HandleTodControl()
                0x0000000040008114                ArtNetNode::HandleTodRequest()
                0x0000000040008178                ArtNetNode::SetRdmHandler(ArtNetRdm*, bool)
                0x00000000400082a8                ArtNetNode::HandleRdm()
 .text          0x0000000040008454       0x80 ../lib-artnet/lib_h3/libartnet.a(artnettimesync.o)
                0x0000000040008454                ArtNetTimeSync::~ArtNetTimeSync()
                0x0000000040008454                ArtNetTimeSync::~ArtNetTimeSync()
                0x0000000040008458                ArtNetTimeSync::~ArtNetTimeSync()
                0x000000004000846c                ArtNetNode::HandleTimeSync()
 .text          0x00000000400084d4      0x124 ../lib-artnet/lib_h3/libartnet.a(artnetnodehandledmxin.o)
                0x00000000400084d4                ArtNetNode::HandleDmxIn()
 .text          0x00000000400085f8      0x1b8 ../lib-artnet/lib_h3/libartnet.a(artnettimecode.o)
                0x00000000400085f8                ArtNetTimeCode::~ArtNetTimeCode()
                0x00000000400085f8                ArtNetTimeCode::~ArtNetTimeCode()
                0x00000000400085fc                ArtNetTimeCode::~ArtNetTimeCode()
                0x0000000040008610                ArtNetNode::SetTimeCodeHandler(ArtNetTimeCode*)
                0x0000000040008684                ArtNetNode::HandleTimeCode()
                0x000000004000869c                ArtNetNode::SendTimeCode(TArtNetTimeCode const*)
 .text          0x00000000400087b0       0x78 ../lib-artnethandlers/lib_h3/libartnethandlers.a(displayudfhandler.o)
                0x00000000400087b0                DisplayUdfHandler::~DisplayUdfHandler()
                0x00000000400087b0                DisplayUdfHandler::~DisplayUdfHandler()
                0x00000000400087b4                DisplayUdfHandler::~DisplayUdfHandler()
                0x00000000400087c8                non-virtual thunk to DisplayUdfHandler::~DisplayUdfHandler()
                0x00000000400087d0                non-virtual thunk to DisplayUdfHandler::~DisplayUdfHandler()
                0x00000000400087d8                ArtNetDisplay::~ArtNetDisplay()
                0x00000000400087d8                ArtNetDisplay::~ArtNetDisplay()
                0x00000000400087dc                ArtNetDisplay::~ArtNetDisplay()
                0x00000000400087f0                NetworkDisplay::~NetworkDisplay()
                0x00000000400087f0                NetworkDisplay::~NetworkDisplay()
                0x00000000400087f4                NetworkDisplay::~NetworkDisplay()
                0x0000000040008808                DisplayUdfHandler::DisplayUdfHandler(ArtNetNode*)
                0x0000000040008808                DisplayUdfHandler::DisplayUdfHandler(ArtNetNode*)
 .text._ZN17DisplayUdfHandler12ShowLongNameEPKc
                0x0000000040008828        0x4 ../lib-artnethandlers/lib_h3/libartnethandlers.a(displayudfhandler.o)
                0x0000000040008828                DisplayUdfHandler::ShowLongName(char const*)
 .text._ZN17DisplayUdfHandler12ShowHostNameEv
                0x000000004000882c       0x20 ../lib-artnethandlers/lib_h3/libartnethandlers.a(displayudfhandler.o)
                0x000000004000882c                DisplayUdfHandler::ShowHostName()
                0x000000004000883c                non-virtual thunk to DisplayUdfHandler::ShowHostName()
 .text._ZN17DisplayUdfHandler11ShowNetMaskEv
                0x000000004000884c       0x20 ../lib-artnethandlers/lib_h3/libartnethandlers.a(displayudfhandler.o)
                0x000000004000884c                DisplayUdfHandler::ShowNetMask()
                0x000000004000885c                non-virtual thunk to DisplayUdfHandler::ShowNetMask()
 .text._ZN17DisplayUdfHandler6ShowIpEv
                0x000000004000886c       0x20 ../lib-artnethandlers/lib_h3/libartnethandlers.a(displayudfhandler.o)
                0x000000004000886c                DisplayUdfHandler::ShowIp()
                0x000000004000887c                non-virtual thunk to DisplayUdfHandler::ShowIp()
 .text._ZN17DisplayUdfHandler16ShowPortProtocolEh13TPortProtocol
                0x000000004000888c       0x14 ../lib-artnethandlers/lib_h3/libartnethandlers.a(displayudfhandler.o)
                0x000000004000888c                DisplayUdfHandler::ShowPortProtocol(unsigned char, TPortProtocol)
 .text._ZN17DisplayUdfHandler13ShowMergeModeEh6TMerge
                0x00000000400088a0       0x14 ../lib-artnethandlers/lib_h3/libartnethandlers.a(displayudfhandler.o)
                0x00000000400088a0                DisplayUdfHandler::ShowMergeMode(unsigned char, TMerge)
 .text._ZN17DisplayUdfHandler16ShowSubnetSwitchEh
                0x00000000400088b4       0x14 ../lib-artnethandlers/lib_h3/libartnethandlers.a(displayudfhandler.o)
                0x00000000400088b4                DisplayUdfHandler::ShowSubnetSwitch(unsigned char)
 .text._ZN17DisplayUdfHandler13ShowNetSwitchEh
                0x00000000400088c8       0x14 ../lib-artnethandlers/lib_h3/libartnethandlers.a(displayudfhandler.o)
                0x00000000400088c8                DisplayUdfHandler::ShowNetSwitch(unsigned char)
 .text._ZN17DisplayUdfHandler18ShowUniverseSwitchEhh
                0x00000000400088dc       0x14 ../lib-artnethandlers/lib_h3/libartnethandlers.a(displayudfhandler.o)
                0x00000000400088dc                DisplayUdfHandler::ShowUniverseSwitch(unsigned char, unsigned char)
 .text._ZN17DisplayUdfHandler13ShowShortNameEPKc
                0x00000000400088f0       0x14 ../lib-artnethandlers/lib_h3/libartnethandlers.a(displayudfhandler.o)
                0x00000000400088f0                DisplayUdfHandler::ShowShortName(char const*)
 .text          0x0000000040008904      0x240 ../lib-artnethandlers/lib_h3/libartnethandlers.a(ipprog.o)
                0x0000000040008904                IpProg::~IpProg()
                0x0000000040008904                IpProg::~IpProg()
                0x0000000040008908                IpProg::Handler(TArtNetIpProg const*, TArtNetIpProgReply*)
                0x0000000040008b08                IpProg::~IpProg()
                0x0000000040008b1c                ArtNetIpProg::~ArtNetIpProg()
                0x0000000040008b1c                ArtNetIpProg::~ArtNetIpProg()
                0x0000000040008b20                ArtNetIpProg::~ArtNetIpProg()
                0x0000000040008b34                IpProg::IpProg()
                0x0000000040008b34                IpProg::IpProg()
 .text          0x0000000040008b44      0x17c ../lib-e131/lib_h3/libe131.a(e131bridgeprint.o)
                0x0000000040008b44                E131Bridge::Print()
 .text          0x0000000040008cc0     0x1be4 ../lib-e131/lib_h3/libe131.a(e131bridge.o)
                0x0000000040008e28                E131Bridge::E131Bridge()
                0x0000000040008e28                E131Bridge::E131Bridge()
                0x0000000040009080                E131Bridge::Start()
                0x000000004000914c                E131Bridge::Stop()
                0x00000000400091fc                E131Bridge::~E131Bridge()
                0x00000000400091fc                E131Bridge::~E131Bridge()
                0x0000000040009210                E131Bridge::GetSoftwareVersion()
                0x000000004000921c                E131Bridge::SetSourceName(char const*)
                0x0000000040009268                E131Bridge::UniverseToMulticastIp(unsigned short) const
                0x00000000400092a0                E131Bridge::SetSynchronizationAddress(bool, bool, unsigned short)
                0x0000000040009374                E131Bridge::LeaveUniverse(unsigned char, unsigned short)
                0x00000000400093b8                E131Bridge::SetUniverse(unsigned char, TE131PortDir, unsigned short)
                0x00000000400095b8                E131Bridge::GetUniverse(unsigned char, unsigned short&, TE131PortDir) const
                0x00000000400095fc                E131Bridge::SetMergeMode(unsigned char, TE131Merge)
                0x000000004000960c                E131Bridge::GetMergeMode(unsigned char) const
                0x000000004000961c                E131Bridge::IsDmxDataChanged(unsigned char, unsigned char const*, unsigned short)
                0x000000004000969c                E131Bridge::IsMergedDmxDataChanged(unsigned char, unsigned char const*, unsigned short)
                0x00000000400097e8                E131Bridge::CheckMergeTimeouts(unsigned char)
                0x00000000400098cc                E131Bridge::IsPriorityTimeOut(unsigned char)
                0x0000000040009954                E131Bridge::isIpCidMatch(TSource const*)
                0x0000000040009974                E131Bridge::HandleSynchronization()
                0x00000000400099a4                E131Bridge::SetNetworkDataLossCondition(bool, bool)
                0x0000000040009b64                E131Bridge::HandleDmx()
                0x000000004000a414                E131Bridge::IsTransmitting(unsigned char) const
                0x000000004000a424                E131Bridge::IsMerging(unsigned char) const
                0x000000004000a434                E131Bridge::IsStatusChanged()
                0x000000004000a44c                E131Bridge::Clear(unsigned char)
                0x000000004000a588                E131Bridge::IsValidRoot()
                0x000000004000a5f4                E131Bridge::IsValidDataPacket()
                0x000000004000a648                E131Bridge::Run()
 .text          0x000000004000a8a4      0x2bc ../lib-e131/lib_h3/libe131.a(e131bridgediscoverypacket.o)
                0x000000004000a8a4                E131Bridge::FillDiscoveryPacket()
                0x000000004000aaa4                E131Bridge::SendDiscoveryPacket()
 .text          0x000000004000ab60      0x128 ../lib-e131/lib_h3/libe131.a(e131uuid.o)
                0x000000004000ab60                E131Uuid::E131Uuid()
                0x000000004000ab60                E131Uuid::E131Uuid()
                0x000000004000ab64                E131Uuid::~E131Uuid()
                0x000000004000ab64                E131Uuid::~E131Uuid()
                0x000000004000ab68                E131Uuid::GetHardwareUuid(unsigned char*)
 .text          0x000000004000ac88        0x0 ../lib-e131/lib_h3/libe131.a(e117const.o)
 .text          0x000000004000ac88      0x25c ../lib-e131/lib_h3/libe131.a(e131bridgehandledmxin.o)
                0x000000004000ac88                E131Bridge::FillDataPacket()
                0x000000004000ada4                E131Bridge::HandleDmxIn()
 .text          0x000000004000aee4      0x210 ../lib-uuid/lib_h3/libuuid.a(uuid_parse.o)
                0x000000004000af48                uuid_parse
 .text          0x000000004000b0f4       0xf0 ../lib-uuid/lib_h3/libuuid.a(uuid_unparse.o)
                0x000000004000b1c8                uuid_unparse_upper
                0x000000004000b1d4                uuid_unparse
                0x000000004000b1e0                uuid_unparse_lower
 .text          0x000000004000b1e4       0x5c ../lib-uuid/lib_h3/libuuid.a(uuid.o)
                0x000000004000b1e4                uuid_generate_random
 .text          0x000000004000b240      0x3e0 ../lib-ws28xxdmx/lib_h3/libws28xxdmx.a(ws28xxdmxparams.o)
                0x000000004000b240                WS28xxDmxParams::WS28xxDmxParams(WS28xxDmxParamsStore*)
                0x000000004000b240                WS28xxDmxParams::WS28xxDmxParams(WS28xxDmxParamsStore*)
                0x000000004000b28c                WS28xxDmxParams::~WS28xxDmxParams()
                0x000000004000b28c                WS28xxDmxParams::~WS28xxDmxParams()
                0x000000004000b290                WS28xxDmxParams::Load()
                0x000000004000b31c                WS28xxDmxParams::Load(char const*, unsigned int)
                0x000000004000b388                WS28xxDmxParams::callbackFunction(char const*)
                0x000000004000b5f4                WS28xxDmxParams::staticCallbackFunction(void*, char const*)
                0x000000004000b5f8                WS28xxDmxParams::Dump()
                0x000000004000b5fc                WS28xxDmxParams::GetLedTypeString(TWS28XXType)
                0x000000004000b60c                WS28xxDmxParams::isMaskSet(unsigned int) const
 .text          0x000000004000b620      0x254 ../lib-ws28xxdmx/lib_h3/libws28xxdmx.a(ws28xxdmxparamssave.o)
                0x000000004000b620                WS28xxDmxParams::Builder(TWS28xxDmxParams const*, unsigned char*, unsigned int, unsigned int&)
                0x000000004000b834                WS28xxDmxParams::Save(unsigned char*, unsigned int, unsigned int&)
 .text          0x000000004000b874      0x48c ../lib-ws28xxdmx/lib_h3/libws28xxdmx.a(ws28xxdmx.o)
                0x000000004000b874                WS28xxDmx::SetLEDType(TWS28XXType)
                0x000000004000b8d8                WS28xxDmx::SetLEDCount(unsigned short)
                0x000000004000b908                WS28xxDmx::SetDmxStartAddress(unsigned short)
                0x000000004000b920                WS28xxDmx::SetData(unsigned char, unsigned char const*, unsigned short)
                0x000000004000ba88                WS28xxDmx::GetSlotInfo(unsigned short, TLightSetSlotInfo&)
                0x000000004000bb2c                WS28xxDmx::Start(unsigned char)
                0x000000004000bb8c                WS28xxDmx::~WS28xxDmx()
                0x000000004000bb8c                WS28xxDmx::~WS28xxDmx()
                0x000000004000bc00                WS28xxDmx::~WS28xxDmx()
                0x000000004000bc1c                WS28xxDmx::Stop(unsigned char)
                0x000000004000bc44                WS28xxDmx::WS28xxDmx()
                0x000000004000bc44                WS28xxDmx::WS28xxDmx()
                0x000000004000bcb8                WS28xxDmx::UpdateMembers()
                0x000000004000bce8                WS28xxDmx::Blackout(bool)
 .text._ZN9WS28xxDmx18GetDmxStartAddressEv
                0x000000004000bd00        0x8 ../lib-ws28xxdmx/lib_h3/libws28xxdmx.a(ws28xxdmx.o)
                0x000000004000bd00                WS28xxDmx::GetDmxStartAddress()
 .text._ZN9WS28xxDmx15GetDmxFootprintEv
                0x000000004000bd08        0x8 ../lib-ws28xxdmx/lib_h3/libws28xxdmx.a(ws28xxdmx.o)
                0x000000004000bd08                WS28xxDmx::GetDmxFootprint()
 .text          0x000000004000bd10      0x45c ../lib-ws28xxdmx/lib_h3/libws28xxdmx.a(ws28xxdmxgrouping.o)
                0x000000004000bd10                WS28xxDmxGrouping::~WS28xxDmxGrouping()
                0x000000004000bd10                WS28xxDmxGrouping::~WS28xxDmxGrouping()
                0x000000004000bd4c                WS28xxDmxGrouping::~WS28xxDmxGrouping()
                0x000000004000bd68                WS28xxDmxGrouping::Print()
                0x000000004000bdbc                WS28xxDmxGrouping::SetDmxStartAddress(unsigned short)
                0x000000004000bde8                WS28xxDmxGrouping::GetSlotInfo(unsigned short, TLightSetSlotInfo&)
                0x000000004000be68                WS28xxDmxGrouping::SetData(unsigned char, unsigned char const*, unsigned short)
                0x000000004000c058                WS28xxDmxGrouping::UpdateMembers()
                0x000000004000c0fc                WS28xxDmxGrouping::WS28xxDmxGrouping()
                0x000000004000c0fc                WS28xxDmxGrouping::WS28xxDmxGrouping()
                0x000000004000c130                WS28xxDmxGrouping::SetLEDType(TWS28XXType)
                0x000000004000c138                WS28xxDmxGrouping::SetLEDCount(unsigned short)
                0x000000004000c140                WS28xxDmxGrouping::SetLEDGroupCount(unsigned short)
                0x000000004000c148                WS28xxDmxGrouping::Start(unsigned char)
 .text          0x000000004000c16c       0xb4 ../lib-ws28xxdmx/lib_h3/libws28xxdmx.a(ws28xxdmxparamsset.o)
                0x000000004000c16c                WS28xxDmxParams::Set(WS28xxDmx*)
 .text          0x000000004000c220       0xb8 ../lib-ws28xxdmx/lib_h3/libws28xxdmx.a(ws28xxdmxprint.o)
                0x000000004000c220                WS28xxDmx::Print()
 .text          0x000000004000c2d8      0x394 ../lib-ws28xx/lib_h3/libws28xx.a(ws28xxcommon.o)
                0x000000004000c2d8                WS28xx::SetLED(unsigned int, unsigned char, unsigned char, unsigned char)
                0x000000004000c528                WS28xx::SetLED(unsigned int, unsigned char, unsigned char, unsigned char, unsigned char)
                0x000000004000c60c                WS28xx::SetColorWS28xx(unsigned int, unsigned char)
                0x000000004000c644                WS28xx::SetGlobalBrightness(unsigned char)
 .text          0x000000004000c66c      0x300 ../lib-ws28xx/lib_h3/libws28xx.a(ws28xx.o)
                0x000000004000c66c                WS28xx::WS28xx(TWS28XXType, unsigned short, unsigned int)
                0x000000004000c66c                WS28xx::WS28xx(TWS28XXType, unsigned short, unsigned int)
                0x000000004000c91c                WS28xx::~WS28xx()
                0x000000004000c91c                WS28xx::~WS28xx()
                0x000000004000c954                WS28xx::Update()
                0x000000004000c960                WS28xx::Blackout()
 .text          0x000000004000c96c      0x300 ../lib-tlc59711dmx/lib_h3/libtlc59711dmx.a(tlc59711dmxparams.o)
                0x000000004000c9b8                TLC59711DmxParams::TLC59711DmxParams(TLC59711DmxParamsStore*)
                0x000000004000c9b8                TLC59711DmxParams::TLC59711DmxParams(TLC59711DmxParamsStore*)
                0x000000004000c9e0                TLC59711DmxParams::~TLC59711DmxParams()
                0x000000004000c9e0                TLC59711DmxParams::~TLC59711DmxParams()
                0x000000004000c9e4                TLC59711DmxParams::Load()
                0x000000004000ca70                TLC59711DmxParams::Load(char const*, unsigned int)
                0x000000004000cadc                TLC59711DmxParams::callbackFunction(char const*)
                0x000000004000cc24                TLC59711DmxParams::staticCallbackFunction(void*, char const*)
                0x000000004000cc28                TLC59711DmxParams::Dump()
                0x000000004000cc2c                TLC59711DmxParams::GetLedTypeString(TTLC59711Type)
                0x000000004000cc40                TLC59711DmxParams::IsSetLedType() const
                0x000000004000cc4c                TLC59711DmxParams::IsSetLedCount() const
                0x000000004000cc58                TLC59711DmxParams::isMaskSet(unsigned int) const
 .text          0x000000004000cc6c      0x3a0 ../lib-tlc59711dmx/lib_h3/libtlc59711dmx.a(tlc59711dmx.o)
                0x000000004000cc6c                TLC59711Dmx::Stop(unsigned char)
                0x000000004000cc80                TLC59711Dmx::SetDmxStartAddress(unsigned short)
                0x000000004000cc98                TLC59711Dmx::~TLC59711Dmx()
                0x000000004000cc98                TLC59711Dmx::~TLC59711Dmx()
                0x000000004000cce0                TLC59711Dmx::~TLC59711Dmx()
                0x000000004000ccfc                TLC59711Dmx::SetData(unsigned char, unsigned char const*, unsigned short)
                0x000000004000cdb8                TLC59711Dmx::GetSlotInfo(unsigned short, TLightSetSlotInfo&)
                0x000000004000ce5c                TLC59711Dmx::TLC59711Dmx()
                0x000000004000ce5c                TLC59711Dmx::TLC59711Dmx()
                0x000000004000ceb0                TLC59711Dmx::SetLEDType(TTLC59711Type)
                0x000000004000cefc                TLC59711Dmx::SetLEDCount(unsigned char)
                0x000000004000cf4c                TLC59711Dmx::SetSpiSpeedHz(unsigned int)
                0x000000004000cf54                TLC59711Dmx::Initialize()
                0x000000004000cf84                TLC59711Dmx::Start(unsigned char)
                0x000000004000cfa8                TLC59711Dmx::UpdateMembers()
                0x000000004000cff4                TLC59711Dmx::Blackout(bool)
 .text._ZN11TLC59711Dmx18GetDmxStartAddressEv
                0x000000004000d00c        0x8 ../lib-tlc59711dmx/lib_h3/libtlc59711dmx.a(tlc59711dmx.o)
                0x000000004000d00c                TLC59711Dmx::GetDmxStartAddress()
 .text._ZN11TLC59711Dmx15GetDmxFootprintEv
                0x000000004000d014        0x8 ../lib-tlc59711dmx/lib_h3/libtlc59711dmx.a(tlc59711dmx.o)
                0x000000004000d014                TLC59711Dmx::GetDmxFootprint()
 .text          0x000000004000d01c       0x9c ../lib-tlc59711dmx/lib_h3/libtlc59711dmx.a(tlc59711dmxparamsset.o)
                0x000000004000d01c                TLC59711DmxParams::Set(TLC59711Dmx*)
 .text          0x000000004000d0b8      0x178 ../lib-tlc59711dmx/lib_h3/libtlc59711dmx.a(tlc59711paramssave.o)
                0x000000004000d0b8                TLC59711DmxParams::Builder(TTLC59711DmxParams const*, unsigned char*, unsigned int, unsigned int&)
                0x000000004000d1f0                TLC59711DmxParams::Save(unsigned char*, unsigned int, unsigned int&)
 .text          0x000000004000d230       0x88 ../lib-tlc59711dmx/lib_h3/libtlc59711dmx.a(tlc59711dmxprint.o)
                0x000000004000d230                TLC59711Dmx::Print()
 .text          0x000000004000d2b8      0x810 ../lib-tlc59711/lib_h3/libtlc59711.a(tlc59711.o)
                0x000000004000d2b8                TLC59711::~TLC59711()
                0x000000004000d2b8                TLC59711::~TLC59711()
                0x000000004000d2d8                TLC59711::Get(unsigned char, unsigned short&)
                0x000000004000d334                TLC59711::Set(unsigned char, unsigned short)
                0x000000004000d380                TLC59711::GetRgb(unsigned char, unsigned short&, unsigned short&, unsigned short&)
                0x000000004000d3f0                TLC59711::Set(unsigned char, unsigned char)
                0x000000004000d43c                TLC59711::SetRgb(unsigned char, unsigned short, unsigned short, unsigned short)
                0x000000004000d494                TLC59711::SetRgb(unsigned char, unsigned char, unsigned char, unsigned char)
                0x000000004000d4ec                TLC59711::GetBlank() const
                0x000000004000d4f8                TLC59711::SetBlank(bool)
                0x000000004000d558                TLC59711::GetDisplayRepeat() const
                0x000000004000d564                TLC59711::SetDisplayRepeat(bool)
                0x000000004000d5c4                TLC59711::GetDisplayTimingReset() const
                0x000000004000d5d0                TLC59711::SetDisplayTimingReset(bool)
                0x000000004000d630                TLC59711::GetExternalClock() const
                0x000000004000d63c                TLC59711::SetExternalClock(bool)
                0x000000004000d69c                TLC59711::GetOnOffTiming() const
                0x000000004000d6a8                TLC59711::SetOnOffTiming(bool)
                0x000000004000d708                TLC59711::GetGbcRed() const
                0x000000004000d714                TLC59711::SetGbcRed(unsigned char)
                0x000000004000d770                TLC59711::GetGbcGreen() const
                0x000000004000d77c                TLC59711::SetGbcGreen(unsigned char)
                0x000000004000d7d8                TLC59711::GetGbcBlue() const
                0x000000004000d7e4                TLC59711::SetGbcBlue(unsigned char)
                0x000000004000d840                TLC59711::TLC59711(unsigned char, unsigned int)
                0x000000004000d840                TLC59711::TLC59711(unsigned char, unsigned int)
                0x000000004000da14                TLC59711::UpdateFirst32()
                0x000000004000da60                TLC59711::Dump()
                0x000000004000da64                TLC59711::Update()
                0x000000004000da98                TLC59711::Blackout()
 .text          0x000000004000dac8      0x674 ../lib-spiflashinstall/lib_h3/libspiflashinstall.a(spiflashinstall.o)
                0x000000004000dac8                SpiFlashInstall::~SpiFlashInstall()
                0x000000004000dac8                SpiFlashInstall::~SpiFlashInstall()
                0x000000004000daf8                SpiFlashInstall::Open(char const*)
                0x000000004000db70                SpiFlashInstall::Close()
                0x000000004000dbb4                SpiFlashInstall::BuffersCompare(unsigned int)
                0x000000004000dc2c                SpiFlashInstall::Diff(unsigned int)
                0x000000004000dca8                SpiFlashInstall::Write(unsigned int)
                0x000000004000de28                SpiFlashInstall::Process(char const*, unsigned int)
                0x000000004000ded0                SpiFlashInstall::SpiFlashInstall()
                0x000000004000ded0                SpiFlashInstall::SpiFlashInstall()
                0x000000004000e054                SpiFlashInstall::WriteFirmware(unsigned char const*, unsigned int)
 .text          0x000000004000e13c      0x108 ../lib-spiflashinstall/lib_h3/libspiflashinstall.a(spiflashinstallparams.o)
                0x000000004000e13c                SpiFlashInstallParams::SpiFlashInstallParams()
                0x000000004000e13c                SpiFlashInstallParams::SpiFlashInstallParams()
                0x000000004000e150                SpiFlashInstallParams::~SpiFlashInstallParams()
                0x000000004000e150                SpiFlashInstallParams::~SpiFlashInstallParams()
                0x000000004000e154                SpiFlashInstallParams::Load()
                0x000000004000e19c                SpiFlashInstallParams::callbackFunction(char const*)
                0x000000004000e228                SpiFlashInstallParams::staticCallbackFunction(void*, char const*)
                0x000000004000e22c                SpiFlashInstallParams::Dump()
                0x000000004000e230                SpiFlashInstallParams::isMaskSet(unsigned int) const
 .text          0x000000004000e244       0xa0 ../lib-spiflashstore/lib_h3/libspiflashstore.a(storews28xxdmx.o)
                0x000000004000e244                StoreWS28xxDmx::~StoreWS28xxDmx()
                0x000000004000e244                StoreWS28xxDmx::~StoreWS28xxDmx()
                0x000000004000e248                StoreWS28xxDmx::~StoreWS28xxDmx()
                0x000000004000e25c                StoreWS28xxDmx::Update(TWS28xxDmxParams const*)
                0x000000004000e294                StoreWS28xxDmx::Copy(TWS28xxDmxParams*)
                0x000000004000e2b0                WS28xxDmxParamsStore::~WS28xxDmxParamsStore()
                0x000000004000e2b0                WS28xxDmxParamsStore::~WS28xxDmxParamsStore()
                0x000000004000e2b4                WS28xxDmxParamsStore::~WS28xxDmxParamsStore()
                0x000000004000e2c8                StoreWS28xxDmx::StoreWS28xxDmx()
                0x000000004000e2c8                StoreWS28xxDmx::StoreWS28xxDmx()
 .text          0x000000004000e2e4       0xa0 ../lib-spiflashstore/lib_h3/libspiflashstore.a(storeremoteconfig.o)
                0x000000004000e2e4                StoreRemoteConfig::~StoreRemoteConfig()
                0x000000004000e2e4                StoreRemoteConfig::~StoreRemoteConfig()
                0x000000004000e2e8                StoreRemoteConfig::~StoreRemoteConfig()
                0x000000004000e2fc                StoreRemoteConfig::Update(TRemoteConfigParams const*)
                0x000000004000e334                StoreRemoteConfig::Copy(TRemoteConfigParams*)
                0x000000004000e350                RemoteConfigParamsStore::~RemoteConfigParamsStore()
                0x000000004000e350                RemoteConfigParamsStore::~RemoteConfigParamsStore()
                0x000000004000e354                RemoteConfigParamsStore::~RemoteConfigParamsStore()
                0x000000004000e368                StoreRemoteConfig::StoreRemoteConfig()
                0x000000004000e368                StoreRemoteConfig::StoreRemoteConfig()
 .text          0x000000004000e384       0xa0 ../lib-spiflashstore/lib_h3/libspiflashstore.a(storetlc59711.o)
                0x000000004000e384                StoreTLC59711::~StoreTLC59711()
                0x000000004000e384                StoreTLC59711::~StoreTLC59711()
                0x000000004000e388                StoreTLC59711::~StoreTLC59711()
                0x000000004000e39c                StoreTLC59711::Update(TTLC59711DmxParams const*)
                0x000000004000e3d4                StoreTLC59711::Copy(TTLC59711DmxParams*)
                0x000000004000e3f0                TLC59711DmxParamsStore::~TLC59711DmxParamsStore()
                0x000000004000e3f0                TLC59711DmxParamsStore::~TLC59711DmxParamsStore()
                0x000000004000e3f4                TLC59711DmxParamsStore::~TLC59711DmxParamsStore()
                0x000000004000e408                StoreTLC59711::StoreTLC59711()
                0x000000004000e408                StoreTLC59711::StoreTLC59711()
 .text          0x000000004000e424      0x7fc ../lib-spiflashstore/lib_h3/libspiflashstore.a(spiflashstore.o)
                0x000000004000e83c                SpiFlashStore::SpiFlashStore()
                0x000000004000e83c                SpiFlashStore::SpiFlashStore()
                0x000000004000e934                SpiFlashStore::Init()
                0x000000004000e95c                SpiFlashStore::GetStoreOffset(TStore)
                0x000000004000e998                SpiFlashStore::Update(TStore, unsigned int, void*, unsigned int, unsigned int)
                0x000000004000e9a8                SpiFlashStore::Copy(TStore, void*, unsigned int)
                0x000000004000ea98                SpiFlashStore::CopyTo(TStore, void*, unsigned int&)
                0x000000004000eb24                SpiFlashStore::Dump()
                0x000000004000eb28                SpiFlashStore::Flash()
                0x000000004000ebb8                SpiFlashStore::GetStoreNetwork()
                0x000000004000ebc4                SpiFlashStore::GetStoreArtNet()
                0x000000004000ebd0                SpiFlashStore::GetStoreArtNet4()
                0x000000004000ebdc                SpiFlashStore::~SpiFlashStore()
                0x000000004000ebdc                SpiFlashStore::~SpiFlashStore()
 .text          0x000000004000ec20       0xa0 ../lib-spiflashstore/lib_h3/libspiflashstore.a(storedisplayudf.o)
                0x000000004000ec20                StoreDisplayUdf::~StoreDisplayUdf()
                0x000000004000ec20                StoreDisplayUdf::~StoreDisplayUdf()
                0x000000004000ec24                StoreDisplayUdf::~StoreDisplayUdf()
                0x000000004000ec38                StoreDisplayUdf::Update(TDisplayUdfParams const*)
                0x000000004000ec70                StoreDisplayUdf::Copy(TDisplayUdfParams*)
                0x000000004000ec8c                DisplayUdfParamsStore::~DisplayUdfParamsStore()
                0x000000004000ec8c                DisplayUdfParamsStore::~DisplayUdfParamsStore()
                0x000000004000ec90                DisplayUdfParamsStore::~DisplayUdfParamsStore()
                0x000000004000eca4                StoreDisplayUdf::StoreDisplayUdf()
                0x000000004000eca4                StoreDisplayUdf::StoreDisplayUdf()
 .text          0x000000004000ecc0      0x1bc ../lib-spiflashstore/lib_h3/libspiflashstore.a(storenetwork.o)
                0x000000004000ecc0                StoreNetwork::~StoreNetwork()
                0x000000004000ecc0                StoreNetwork::~StoreNetwork()
                0x000000004000ecc4                StoreNetwork::~StoreNetwork()
                0x000000004000ecd8                non-virtual thunk to StoreNetwork::~StoreNetwork()
                0x000000004000ece0                StoreNetwork::Update(TNetworkParams const*)
                0x000000004000ed18                StoreNetwork::SaveIp(unsigned int)
                0x000000004000ed80                non-virtual thunk to StoreNetwork::SaveIp(unsigned int)
                0x000000004000ed88                StoreNetwork::SaveNetMask(unsigned int)
                0x000000004000edc4                non-virtual thunk to StoreNetwork::SaveNetMask(unsigned int)
                0x000000004000edcc                StoreNetwork::SaveHostName(unsigned char const*)
                0x000000004000ee08                non-virtual thunk to StoreNetwork::SaveHostName(unsigned char const*)
                0x000000004000ee10                StoreNetwork::Copy(TNetworkParams*)
                0x000000004000ee2c                non-virtual thunk to StoreNetwork::~StoreNetwork()
                0x000000004000ee34                NetworkStore::~NetworkStore()
                0x000000004000ee34                NetworkStore::~NetworkStore()
                0x000000004000ee38                NetworkStore::~NetworkStore()
                0x000000004000ee4c                NetworkParamsStore::~NetworkParamsStore()
                0x000000004000ee4c                NetworkParamsStore::~NetworkParamsStore()
                0x000000004000ee50                NetworkParamsStore::~NetworkParamsStore()
                0x000000004000ee64                StoreNetwork::StoreNetwork()
                0x000000004000ee64                StoreNetwork::StoreNetwork()
 .text          0x000000004000ee7c       0x94 ../lib-spiflashstore/lib_h3/libspiflashstore.a(storeartnet4.o)
                0x000000004000ee7c                StoreArtNet4::~StoreArtNet4()
                0x000000004000ee7c                StoreArtNet4::~StoreArtNet4()
                0x000000004000ee80                StoreArtNet4::~StoreArtNet4()
                0x000000004000ee94                StoreArtNet4::Update(TArtNet4Params const*)
                0x000000004000eecc                StoreArtNet4::Copy(TArtNet4Params*)
                0x000000004000eee8                ArtNet4ParamsStore::~ArtNet4ParamsStore()
                0x000000004000eee8                ArtNet4ParamsStore::~ArtNet4ParamsStore()
                0x000000004000eeec                ArtNet4ParamsStore::~ArtNet4ParamsStore()
                0x000000004000ef00                StoreArtNet4::StoreArtNet4()
                0x000000004000ef00                StoreArtNet4::StoreArtNet4()
 .text          0x000000004000ef10       0xa0 ../lib-spiflashstore/lib_h3/libspiflashstore.a(storenextion.o)
                0x000000004000ef10                StoreNextion::~StoreNextion()
                0x000000004000ef10                StoreNextion::~StoreNextion()
                0x000000004000ef14                StoreNextion::~StoreNextion()
                0x000000004000ef28                StoreNextion::Update(TNextionParams const*)
                0x000000004000ef60                StoreNextion::Copy(TNextionParams*)
                0x000000004000ef7c                NextionParamsStore::~NextionParamsStore()
                0x000000004000ef7c                NextionParamsStore::~NextionParamsStore()
                0x000000004000ef80                NextionParamsStore::~NextionParamsStore()
                0x000000004000ef94                StoreNextion::StoreNextion()
                0x000000004000ef94                StoreNextion::StoreNextion()
 .text          0x000000004000efb0      0x32c ../lib-spiflashstore/lib_h3/libspiflashstore.a(storeartnet.o)
                0x000000004000efb0                StoreArtNet::~StoreArtNet()
                0x000000004000efb0                StoreArtNet::~StoreArtNet()
                0x000000004000efb4                StoreArtNet::~StoreArtNet()
                0x000000004000efc8                non-virtual thunk to StoreArtNet::~StoreArtNet()
                0x000000004000efd0                StoreArtNet::Update(TArtNetParams const*)
                0x000000004000f008                StoreArtNet::SaveShortName(char const*)
                0x000000004000f044                non-virtual thunk to StoreArtNet::SaveShortName(char const*)
                0x000000004000f04c                StoreArtNet::SaveLongName(char const*)
                0x000000004000f088                non-virtual thunk to StoreArtNet::SaveLongName(char const*)
                0x000000004000f090                StoreArtNet::SaveUniverseSwitch(unsigned char, unsigned char)
                0x000000004000f0fc                non-virtual thunk to StoreArtNet::SaveUniverseSwitch(unsigned char, unsigned char)
                0x000000004000f104                StoreArtNet::SaveNetSwitch(unsigned char)
                0x000000004000f138                non-virtual thunk to StoreArtNet::SaveNetSwitch(unsigned char)
                0x000000004000f140                StoreArtNet::SaveSubnetSwitch(unsigned char)
                0x000000004000f180                non-virtual thunk to StoreArtNet::SaveSubnetSwitch(unsigned char)
                0x000000004000f188                StoreArtNet::SaveMergeMode(unsigned char, TMerge)
                0x000000004000f1f4                non-virtual thunk to StoreArtNet::SaveMergeMode(unsigned char, TMerge)
                0x000000004000f1fc                StoreArtNet::SavePortProtocol(unsigned char, TPortProtocol)
                0x000000004000f268                non-virtual thunk to StoreArtNet::SavePortProtocol(unsigned char, TPortProtocol)
                0x000000004000f270                StoreArtNet::Copy(TArtNetParams*)
                0x000000004000f28c                non-virtual thunk to StoreArtNet::~StoreArtNet()
                0x000000004000f294                ArtNetStore::~ArtNetStore()
                0x000000004000f294                ArtNetStore::~ArtNetStore()
                0x000000004000f298                ArtNetStore::~ArtNetStore()
                0x000000004000f2ac                ArtNetParamsStore::~ArtNetParamsStore()
                0x000000004000f2ac                ArtNetParamsStore::~ArtNetParamsStore()
                0x000000004000f2b0                ArtNetParamsStore::~ArtNetParamsStore()
                0x000000004000f2c4                StoreArtNet::StoreArtNet()
                0x000000004000f2c4                StoreArtNet::StoreArtNet()
 .text          0x000000004000f2dc      0x4dc ../lib-spiflash/lib_h3/libspiflash.a(spi_flash.o)
                0x000000004000f484                spi_flash_get_size
                0x000000004000f494                spi_flash_get_sector_size
                0x000000004000f4a4                spi_flash_get_name
                0x000000004000f4b4                spi_flash_cmd_write_multi
                0x000000004000f568                spi_flash_read_common
                0x000000004000f588                spi_flash_cmd_read_fast
                0x000000004000f620                spi_flash_cmd_erase
                0x000000004000f6dc                spi_flash_cmd_write_status
                0x000000004000f714                spi_flash_probe
 .text          0x000000004000f7b8       0x90 ../lib-spiflash/lib_h3/libspiflash.a(macronix.o)
                0x000000004000f7b8                spi_flash_probe_macronix
 .text          0x000000004000f848      0x4ec ../lib-spiflash/lib_h3/libspiflash.a(spi_flash.o)
                0x000000004000fa48                spi_init
                0x000000004000fb40                spi_xfer
 *fill*         0x000000004000fd34        0x4 
 .text          0x000000004000fd38       0x40 ../lib-spiflash/lib_h3/libspiflash.a(get_timer.o)
                0x000000004000fd38                get_timer
 .text          0x000000004000fd78       0x94 ../lib-spiflash/lib_h3/libspiflash.a(winbond.o)
                0x000000004000fd78                spi_flash_probe_winbond
 .text          0x000000004000fe0c      0x110 ../lib-network/lib_h3/libnetwork.a(network.o)
                0x000000004000fe0c                Network::Network()
                0x000000004000fe0c                Network::Network()
                0x000000004000fe68                Network::~Network()
                0x000000004000fe68                Network::~Network()
                0x000000004000fe7c                Network::~Network()
                0x000000004000fea0                Network::SetStaticIp(bool, unsigned int, unsigned int)
                0x000000004000ff04                Network::CIDRToNetmask(unsigned char)
 .text          0x000000004000ff1c        0x0 ../lib-network/lib_h3/libnetwork.a(networkconst.o)
 .text          0x000000004000ff1c      0x260 ../lib-network/lib_h3/libnetwork.a(networkparams.o)
                0x000000004000ff1c                NetworkParams::NetworkParams(NetworkParamsStore*)
                0x000000004000ff1c                NetworkParams::NetworkParams(NetworkParamsStore*)
                0x000000004000ff44                NetworkParams::~NetworkParams()
                0x000000004000ff44                NetworkParams::~NetworkParams()
                0x000000004000ff48                NetworkParams::Load()
                0x000000004000ffd4                NetworkParams::Load(char const*, unsigned int)
                0x0000000040010040                NetworkParams::callbackFunction(char const*)
                0x0000000040010160                NetworkParams::staticCallbackFunction(void*, char const*)
                0x0000000040010164                NetworkParams::Dump()
                0x0000000040010168                NetworkParams::isMaskSet(unsigned int) const
 .text          0x000000004001017c      0x198 ../lib-network/lib_h3/libnetwork.a(networkparamssave.o)
                0x000000004001017c                NetworkParams::Builder(TNetworkParams const*, unsigned char*, unsigned int, unsigned int&)
                0x00000000400102d4                NetworkParams::Save(unsigned char*, unsigned int, unsigned int&)
 .text          0x0000000040010314      0x114 ../lib-network/lib_h3/libnetwork.a(networkprint.o)
                0x0000000040010314                Network::Print()
 .text          0x0000000040010428      0x3f0 ../lib-network/lib_h3/libnetwork.a(networkh3emac.o)
                0x0000000040010428                NetworkH3emac::MacAddressCopyTo(unsigned char*)
                0x0000000040010448                NetworkH3emac::SetNetmask(unsigned int)
                0x0000000040010488                NetworkH3emac::~NetworkH3emac()
                0x0000000040010488                NetworkH3emac::~NetworkH3emac()
                0x00000000400104a8                NetworkH3emac::~NetworkH3emac()
                0x00000000400104d0                NetworkH3emac::Begin(unsigned short)
                0x00000000400104d8                NetworkH3emac::End(unsigned short)
                0x00000000400104e0                NetworkH3emac::JoinGroup(unsigned int, unsigned int)
                0x00000000400104e8                NetworkH3emac::LeaveGroup(unsigned int, unsigned int)
                0x00000000400104f0                NetworkH3emac::RecvFrom(unsigned int, unsigned char*, unsigned short, unsigned int*, unsigned short*)
                0x000000004001051c                NetworkH3emac::SendTo(unsigned int, unsigned char const*, unsigned short, unsigned int, unsigned short)
                0x0000000040010548                NetworkH3emac::SetIp(unsigned int)
                0x00000000400105c8                NetworkH3emac::NetworkH3emac()
                0x00000000400105c8                NetworkH3emac::NetworkH3emac()
                0x0000000040010604                NetworkH3emac::Init(NetworkParamsStore*)
 .text          0x0000000040010818        0x0 ../lib-lightset/lib_h3/liblightset.a(lightsetconst.o)
 .text          0x0000000040010818       0x38 ../lib-lightset/lib_h3/liblightset.a(lightset.o)
                0x0000000040010818                LightSet::Print()
                0x000000004001081c                LightSet::LightSet()
                0x000000004001081c                LightSet::LightSet()
                0x0000000040010838                LightSet::~LightSet()
                0x0000000040010838                LightSet::~LightSet()
                0x000000004001083c                LightSet::~LightSet()
 .text          0x0000000040010850       0x14 ../lib-lightset/lib_h3/liblightset.a(lightsetgetslotinfo.o)
                0x0000000040010850                LightSet::GetSlotInfo(unsigned short, TLightSetSlotInfo&)
 .text          0x0000000040010864       0x18 ../lib-lightset/lib_h3/liblightset.a(lightsetdmx.o)
                0x0000000040010864                LightSet::GetDmxStartAddress()
                0x000000004001086c                LightSet::GetDmxFootprint()
                0x0000000040010874                LightSet::SetDmxStartAddress(unsigned short)
 .text          0x000000004001087c       0x64 ../lib-ledblink/lib_h3/libledblink.a(ledblink.o)
                0x000000004001087c                LedBlink::LedBlink()
                0x000000004001087c                LedBlink::LedBlink()
                0x0000000040010898                LedBlink::~LedBlink()
                0x0000000040010898                LedBlink::~LedBlink()
                0x000000004001089c                LedBlink::SetMode(tLedBlinkMode)
 .text          0x00000000400108e0       0x74 ../lib-ledblink/lib_h3/libledblink.a(ledblink.o)
                0x00000000400108e0                LedBlink::SetFrequency(unsigned int)
 .text          0x0000000040010954       0x6c ../lib-properties/lib_h3/libproperties.a(sscan_uint8_t.o)
                0x0000000040010954                sscan_uint8_t
 .text          0x00000000400109c0       0x90 ../lib-properties/lib_h3/libproperties.a(sscan_char_p.o)
                0x00000000400109c0                sscan_char_p
 .text          0x0000000040010a50       0x8c ../lib-properties/lib_h3/libproperties.a(sscan_uint32_t.o)
                0x0000000040010a50                sscan_uint32_t
 .text          0x0000000040010adc       0xa4 ../lib-properties/lib_h3/libproperties.a(sscan_hexuint16.o)
                0x0000000040010adc                sscan_hexuint16
 .text          0x0000000040010b80      0x118 ../lib-properties/lib_h3/libproperties.a(sscan_ip_address.o)
                0x0000000040010b80                sscan_ip_address
 .text          0x0000000040010c98       0x60 ../lib-properties/lib_h3/libproperties.a(sscan_uint16_t.o)
                0x0000000040010c98                sscan_uint16_t
 .text          0x0000000040010cf8      0x2b8 ../lib-properties/lib_h3/libproperties.a(propertiesbuilder.o)
                0x0000000040010cf8                PropertiesBuilder::PropertiesBuilder(char const*, unsigned char*, unsigned int)
                0x0000000040010cf8                PropertiesBuilder::PropertiesBuilder(char const*, unsigned char*, unsigned int)
                0x0000000040010d64                PropertiesBuilder::~PropertiesBuilder()
                0x0000000040010d64                PropertiesBuilder::~PropertiesBuilder()
                0x0000000040010d68                PropertiesBuilder::Add(char const*, unsigned int, bool)
                0x0000000040010dd4                PropertiesBuilder::Add(char const*, float, bool)
                0x0000000040010e44                PropertiesBuilder::Add(char const*, char const*, bool)
                0x0000000040010eb0                PropertiesBuilder::AddIpAddress(char const*, unsigned int, bool)
                0x0000000040010f38                PropertiesBuilder::AddHex16(char const*, unsigned char const*, bool)
 .text          0x0000000040010fb0      0x16c ../lib-properties/lib_h3/libproperties.a(readconfigfile.o)
                0x0000000040010fb0                ReadConfigFile::ReadConfigFile(void (*)(void*, char const*), void*)
                0x0000000040010fb0                ReadConfigFile::ReadConfigFile(void (*)(void*, char const*), void*)
                0x0000000040010fb8                ReadConfigFile::~ReadConfigFile()
                0x0000000040010fb8                ReadConfigFile::~ReadConfigFile()
                0x0000000040010fbc                ReadConfigFile::Read(char const*)
                0x0000000040011060                ReadConfigFile::Read(char const*, unsigned int)
 .text          0x000000004001111c        0x0 ../lib-properties/lib_h3/libproperties.a(devicesparamsconst.o)
 .text          0x000000004001111c       0x50 ../lib-properties/lib_h3/libproperties.a(get_name.o)
                0x000000004001111c                get_name
 .text          0x000000004001116c      0x584 ../lib-display/lib_h3/libdisplay.a(display.o)
                0x0000000040011190                Display::~Display()
                0x0000000040011190                Display::~Display()
                0x00000000400111c8                Display::Cls()
                0x00000000400111e0                Display::TextLine(unsigned char, char const*, unsigned char)
                0x0000000040011204                Display::TextStatus(char const*)
                0x000000004001127c                Display::Printf(unsigned char, char const*, ...)
                0x00000000400112ec                Display::Detect(unsigned char, unsigned char)
                0x00000000400113b0                Display::Write(unsigned char, char const*)
                0x0000000040011400                Display::SetCursor(TCursorMode)
                0x0000000040011418                Display::SetCursorPos(unsigned char, unsigned char)
                0x0000000040011430                Display::PutChar(int)
                0x0000000040011448                Display::PutString(char const*)
                0x0000000040011460                Display::ClearLine(unsigned char)
                0x0000000040011478                Display::SetSleep(bool)
                0x00000000400114b8                Display::Init7Segment()
                0x0000000040011500                Display::Display(unsigned char, unsigned char)
                0x0000000040011500                Display::Display(unsigned char, unsigned char)
                0x0000000040011568                Display::Display(TDisplayTypes)
                0x0000000040011568                Display::Display(TDisplayTypes)
                0x0000000040011658                Display::Status(TDisplay7SegmentMessages)
                0x000000004001166c                Display::TextStatus(char const*, TDisplay7SegmentMessages)
                0x0000000040011694                Display::Run()
 .text          0x00000000400116f0      0xb00 ../lib-display/lib_h3/libdisplay.a(ssd1306.o)
                0x00000000400116f0                Ssd1306::PutString(char const*)
                0x0000000040011728                Ssd1306::~Ssd1306()
                0x0000000040011728                Ssd1306::~Ssd1306()
                0x0000000040011764                Ssd1306::~Ssd1306()
                0x0000000040011780                Ssd1306::ClearLine(unsigned char)
                0x00000000400117ec                Ssd1306::TextLine(unsigned char, char const*, unsigned char)
                0x0000000040011858                Ssd1306::Text(char const*, unsigned char)
                0x000000004001189c                Ssd1306::Setup()
                0x00000000400118b8                Ssd1306::InitMembers()
                0x00000000400119dc                Ssd1306::Ssd1306()
                0x00000000400119dc                Ssd1306::Ssd1306()
                0x0000000040011a0c                Ssd1306::Ssd1306(TOledPanel)
                0x0000000040011a0c                Ssd1306::Ssd1306(TOledPanel)
                0x0000000040011a38                Ssd1306::Ssd1306(unsigned char, TOledPanel)
                0x0000000040011a38                Ssd1306::Ssd1306(unsigned char, TOledPanel)
                0x0000000040011a68                Ssd1306::SendCommand(unsigned char)
                0x0000000040011a94                Ssd1306::Start()
                0x0000000040011c24                Ssd1306::SetSleep(bool)
                0x0000000040011c3c                Ssd1306::SendData(unsigned char const*, unsigned int)
                0x0000000040011c6c                Ssd1306::Cls()
                0x0000000040011e08                Ssd1306::PutChar(int)
                0x0000000040011e68                Ssd1306::SetCursorOn()
                0x0000000040011f48                Ssd1306::SetCursorBlinkOn()
                0x0000000040012024                Ssd1306::SetCursorOff()
                0x0000000040012100                Ssd1306::SetCursorPos(unsigned char, unsigned char)
                0x00000000400121c0                Ssd1306::SetCursor(TCursorMode)
 .text          0x00000000400121f0       0x1c ../lib-display/lib_h3/libdisplay.a(displayset.o)
                0x00000000400121f0                DisplaySet::SetSleep(bool)
                0x00000000400121f4                DisplaySet::~DisplaySet()
                0x00000000400121f4                DisplaySet::~DisplaySet()
                0x00000000400121f8                DisplaySet::~DisplaySet()
 .text          0x000000004001220c        0x8 ../lib-c++/lib_h3/libc++.a(new.o)
                0x000000004001220c                operator new(unsigned int)
                0x0000000040012210                operator new[](unsigned int)
 .text          0x0000000040012214       0x20 ../lib-c++/lib_h3/libc++.a(purecall.o)
                0x0000000040012214                __cxa_pure_virtual
 .text          0x0000000040012234        0x8 ../lib-c++/lib_h3/libc++.a(free.o)
                0x0000000040012234                operator delete(void*)
                0x0000000040012238                operator delete[](void*)
 *fill*         0x000000004001223c        0x4 
 .text          0x0000000040012240      0x1e8 ../lib-hal/lib_h3/libhal.a(hardware.o)
                0x0000000040012240                hardware_uptime_seconds
                0x0000000040012278                hardware_get_mac_address
                0x00000000400122c0                hardware_led_init
                0x00000000400122e0                hardware_led_set
                0x0000000040012308                hardware_init
 .text          0x0000000040012428      0x148 ../lib-hal/lib_h3/libhal.a(sys_time.o)
                0x0000000040012428                sys_time_init
                0x00000000400124f8                sys_time_set
                0x0000000040012510                millis
                0x0000000040012528                time
 .text          0x0000000040012570       0x5c ../lib-hal/lib_h3/libhal.a(led.o)
                0x0000000040012570                led_set_ticks_per_second
                0x0000000040012580                led_blink
 .text          0x00000000400125cc       0xd4 ../lib-hal/lib_h3/libhal.a(firmwareversion.o)
                0x00000000400125cc                FirmwareVersion::FirmwareVersion(char const*, char const*, char const*)
                0x00000000400125cc                FirmwareVersion::FirmwareVersion(char const*, char const*, char const*)
                0x000000004001268c                FirmwareVersion::~FirmwareVersion()
                0x000000004001268c                FirmwareVersion::~FirmwareVersion()
                0x0000000040012690                FirmwareVersion::Print()
 .text          0x00000000400126a0      0x148 ../lib-hal/lib_h3/libhal.a(hardware++.o)
                0x00000000400126a0                Hardware::Hardware()
                0x00000000400126a0                Hardware::Hardware()
                0x00000000400126b0                Hardware::~Hardware()
                0x00000000400126b0                Hardware::~Hardware()
                0x00000000400126b4                Hardware::GetMachine(unsigned char&)
                0x00000000400126c8                Hardware::GetSysName(unsigned char&)
                0x00000000400126dc                Hardware::GetBoardName(unsigned char&)
                0x00000000400126f0                Hardware::GetCpuName(unsigned char&)
                0x0000000040012704                Hardware::GetSocName(unsigned char&)
                0x0000000040012718                Hardware::SetTime(THardwareTime const&)
                0x0000000040012764                Hardware::GetTime(THardwareTime*)
                0x00000000400127bc                Hardware::Reboot()
 .text          0x00000000400127e8       0x9c ../lib-hal/lib_h3/libhal.a(hardware_rtc.o)
                0x00000000400127e8                hardware_rtc_set
 .text          0x0000000040012884      0x240 ../lib-bob/lib_h3/libbob.a(mcp7941x.o)
                0x0000000040012884                mcp7941x_start
                0x00000000400128d8                mcp7941x_get_date_time
                0x00000000400129b4                mcp7941x_set_date_time
 .text          0x0000000040012ac4       0x60 ../lib-i2c/lib_h3/libi2c.a(i2c_is_connected.o)
                0x0000000040012ac4                i2c_is_connected
 .text          0x0000000040012b24      0x134 ../lib-i2c/lib_h3/libi2c.a(i2c_read.o)
                0x0000000040012b24                i2c_read_uint8
                0x0000000040012b4c                i2c_read_uint16
                0x0000000040012b7c                i2c_read_reg_uint8
                0x0000000040012bbc                i2c_read_reg_uint16
                0x0000000040012c04                i2c_read_reg_uint16_delayus
 .text          0x0000000040012c58       0x54 ../lib-i2c/lib_h3/libi2c.a(i2c_write.o)
                0x0000000040012c58                i2c_write_reg_uint8
                0x0000000040012c7c                i2c_write_reg_uint16
 .text          0x0000000040012cac      0x364 ../lib-utils/lib_h3/libutils.a(time.o)
                0x0000000040012cac                localtime
                0x0000000040012e3c                mktime
 .text          0x0000000040013010       0x1c ../lib-utils/lib_h3/libutils.a(puts.o)
                0x0000000040013010                puts
 .text          0x000000004001302c      0x150 ../lib-utils/lib_h3/libutils.a(inet_aton.o)
                0x000000004001302c                inet_aton
 .text          0x000000004001317c      0x488 ../lib-utils/lib_h3/libutils.a(malloc.o)
                0x000000004001321c                get_allocated
                0x0000000040013240                malloc
                0x000000004001324c                free
                0x00000000400132b0                calloc
                0x00000000400133d0                realloc
                0x0000000040013600                mem_info
 .text          0x0000000040013604     0x109c ../lib-utils/lib_h3/libutils.a(printf.o)
                0x000000004001455c                printf
                0x000000004001458c                vprintf
                0x000000004001459c                sprintf
                0x00000000400145e8                vsprintf
                0x0000000040014614                snprintf
                0x0000000040014668                vsnprintf
 .text          0x00000000400146a0       0x68 ../lib-utils/lib_h3/libutils.a(assert.o)
                0x00000000400146a0                __assert_func
 .text          0x0000000040014708       0x44 ../lib-utils/lib_h3/libutils.a(__popcountsi2.o)
                0x0000000040014708                __popcountsi2
 .text          0x000000004001474c      0x1fc ../lib-utils/lib_h3/libutils.a(file.o)
                0x000000004001474c                fopen
                0x00000000400147ec                fclose
                0x0000000040014814                fgetc
                0x000000004001486c                fread
                0x00000000400148b0                fseek
                0x00000000400148d8                clearerr
                0x00000000400148ec                ferror
                0x00000000400148fc                fgets
                0x000000004001493c                fputs
 .text          0x0000000040014948      0x474 ../lib-console/lib_h3/libconsole.a(console_uart0.o)
                0x0000000040014948                console_putc
                0x0000000040014974                console_puts
                0x00000000400149c8                console_newline
                0x00000000400149e0                console_set_fg_color
                0x0000000040014a80                console_set_bg_color
                0x0000000040014ae8                console_init
                0x0000000040014b18                console_write
                0x0000000040014b70                console_error
                0x0000000040014ba4                console_status
                0x0000000040014c1c                console_puthex
                0x0000000040014c50                console_puthex_fg_bg
                0x0000000040014cb8                console_putpct_fg_bg
                0x0000000040014d30                console_put3dec_fg_bg
 .text          0x0000000040014dbc     0x14e4 ../lib-ff12c/lib_h3/libff12c.a(ff.o)
                0x0000000040015544                f_mount
                0x00000000400155cc                f_open
                0x0000000040015e90                f_read
                0x0000000040016060                f_close
                0x0000000040016084                f_lseek
                0x0000000040016224                f_gets
 .text          0x00000000400162a0      0x194 ../lib-ff12c/lib_h3/libff12c.a(ccsbcs.o)
                0x00000000400162a0                ff_convert
                0x0000000040016310                ff_wtoupper
 .text          0x0000000040016434      0x88c ../lib-h3/lib_h3/libh3.a(h3_spi.o)
                0x0000000040016514                h3_spi_set_ws28xx_mode
                0x0000000040016524                h3_spi_get_ws28xx_mode
                0x0000000040016534                _setup_clock
                0x0000000040016630                h3_spi_begin
                0x0000000040016730                h3_spi_end
                0x00000000400167b4                h3_spi_set_speed_hz
                0x00000000400167dc                h3_spi_setBitOrder
                0x0000000040016804                h3_spi_setDataMode
                0x0000000040016824                h3_spi_chipSelect
                0x0000000040016850                h3_spi_setChipSelectPolarity
                0x0000000040016878                h3_spi_transfernb
                0x000000004001698c                h3_spi_transfern
                0x0000000040016998                h3_spi_writenb
                0x0000000040016b68                h3_spi_write
                0x0000000040016c20                h3_spi_transfer
 .text          0x0000000040016cc0       0x24 ../lib-h3/lib_h3/libh3.a(udelay.o)
                0x0000000040016cc0                udelay
 .text          0x0000000040016ce4       0x94 ../lib-h3/lib_h3/libh3.a(h3_hs_timer.o)
                0x0000000040016ce4                h3_hs_timer_init
                0x0000000040016d54                h3_hs_timer_udelay
 .text          0x0000000040016d78      0x234 ../lib-h3/lib_h3/libh3.a(h3_thermal.o)
                0x0000000040016d78                h3_thermal_gettemp
                0x0000000040016db0                h3_thermal_getshut
                0x0000000040016de0                h3_thermal_setshut
                0x0000000040016e30                h3_thermal_getalarm
                0x0000000040016e60                h3_thermal_setalarm
                0x0000000040016eb0                h3_thermal_init
 *fill*         0x0000000040016fac        0x4 
 .text          0x0000000040016fb0      0x14c ../lib-h3/lib_h3/libh3.a(h3_cpu.o)
                0x0000000040016fb0                h3_cpu_off
                0x000000004001705c                h3_cpu_set_clock
                0x00000000400170e8                h3_cpu_get_clock
 .text          0x00000000400170fc       0x7c ../lib-h3/lib_h3/libh3.a(h3_gpio_fsel.o)
                0x00000000400170fc                h3_gpio_fsel
 .text          0x0000000040017178      0x588 ../lib-h3/lib_h3/libh3.a(h3_i2c.o)
                0x00000000400173b8                h3_i2c_begin
                0x0000000040017448                h3_i2c_end
                0x0000000040017488                h3_i2c_write
                0x0000000040017540                h3_i2c_read
                0x00000000400176d4                h3_i2c_set_baudrate
                0x00000000400176f0                h3_i2c_set_slave_address
 .text          0x0000000040017700      0x10c ../lib-h3/lib_h3/libh3.a(h3_uart0_debug.o)
                0x0000000040017700                uart0_init
                0x0000000040017794                uart0_putc
                0x00000000400177b0                uart0_puts
 .text          0x000000004001780c       0x84 ../lib-h3/lib_h3/libh3.a(h3_timer.o)
                0x000000004001780c                h3_timer_init
                0x0000000040017850                __msdelay
                0x0000000040017870                __usdelay
 .text          0x0000000040017890       0x50 ../lib-h3/lib_h3/libh3.a(h3_watchdog.o)
                0x0000000040017890                h3_watchdog_enable
                0x00000000400178b8                h3_watchdog_restart
                0x00000000400178cc                h3_watchdog_disable
 .text          0x00000000400178e0       0x8c ../lib-h3/lib_h3/libh3.a(h3_sid.o)
                0x00000000400178e0                h3_sid_get_rootkey
                0x000000004001793c                h3_sid_read_tscalib
 .text          0x000000004001796c       0x90 ../lib-h3/lib_h3/libh3.a(h3.o)
                0x000000004001796c                h3_get_dram_size
                0x00000000400179a4                h3_get_boot_device
 .text          0x00000000400179fc      0x12c ../lib-h3/lib_h3/libh3.a(h3_ccu.o)
                0x00000000400179fc                h3_ccu_get_pll_rate
                0x0000000040017b24                h3_ccu_pll_dump
 .text          0x0000000040017b28      0x350 ../lib-h3/lib_h3/libh3.a(mmu.o)
                0x0000000040017b28                mmu_get_page_table
                0x0000000040017b34                mmu_enable
 .text          0x0000000040017e78      0x174 ../lib-h3/lib_h3/libh3.a(gic.o)
                0x0000000040017ec0                gic_init
                0x0000000040017fd4                gic_irq_config
                0x0000000040017fdc                gic_fiq_config
                0x0000000040017fe4                gic_init_dump
                0x0000000040017fe8                gic_int_dump
 .text          0x0000000040017fec      0x1e4 ../lib-h3/lib_h3/libh3.a(diskio.o)
                0x0000000040017fec                disk_initialize
                0x0000000040018054                disk_read
                0x0000000040018128                disk_write
                0x0000000040018130                disk_status
                0x000000004001814c                disk_ioctl
                0x0000000040018170                get_fattime
 .text          0x00000000400181d0      0x46c ../lib-h3/lib_h3/libh3.a(emac.o)
                0x00000000400181d0                emac_shutdown
                0x0000000040018230                _write_hwaddr