Archive member included to satisfy reference by file (symbol)

../lib-remoteconfig/lib_h3/libremoteconfig.a(remoteconfigparams.o)
                              build_h3/firmware/main.o (RemoteConfigParams::RemoteConfigParams(RemoteConfigParamsStore*))
../lib-remoteconfig/lib_h3/libremoteconfig.a(remoteconfig.o)
                              build_h3/firmware/main.o (RemoteConfig::RemoteConfig(TRemoteConfig, TRemoteConfigMode, unsigned char))
../lib-remoteconfig/lib_h3/libremoteconfig.a(tftpfileserver.o)
                              ../lib-remoteconfig/lib_h3/libremoteconfig.a(remoteconfig.o) (TFTPFileServer::TFTPFileServer(unsigned char*, unsigned int))
../lib-remoteconfig/lib_h3/libremoteconfig.a(ubootheader.o)
                              ../lib-remoteconfig/lib_h3/libremoteconfig.a(tftpfileserver.o) (UBootHeader::UBootHeader(unsigned char*))
../lib-remoteconfig/lib_h3/libremoteconfig.a(remoteconfigconst.o)
                              ../lib-remoteconfig/lib_h3/libremoteconfig.a(remoteconfigparams.o) (RemoteConfigConst::PARAMS_DISPLAY_NAME)
../lib-remoteconfig/lib_h3/libremoteconfig.a(remoteconfigstatic.o)
                              ../lib-remoteconfig/lib_h3/libremoteconfig.a(remoteconfig.o) (RemoteConfig::GetIndex(void const*, unsigned int&))
../lib-tftpdeamon/lib_h3/libtftpdeamon.a(tftpdaemon.o)
                              ../lib-remoteconfig/lib_h3/libremoteconfig.a(tftpfileserver.o) (TFTPDaemon::TFTPDaemon())
../lib-displayudf/lib_h3/libdisplayudf.a(displayudfparams.o)
                              build_h3/firmware/main.o (DisplayUdfParams::DisplayUdfParams(DisplayUdfParamsStore*))
../lib-displayudf/lib_h3/libdisplayudf.a(displayudf.o)
                              build_h3/firmware/main.o (DisplayUdf::DisplayUdf())
../lib-displayudf/lib_h3/libdisplayudf.a(displayudfshowartnet.o)
                              build_h3/firmware/main.o (DisplayUdf::Show(ArtNetNode*))
../lib-displayudf/lib_h3/libdisplayudf.a(displayudfparamsconst.o)
                              ../lib-displayudf/lib_h3/libdisplayudf.a(displayudfparams.o) (DisplayUdfParamsConst::ACTIVE_PORTS)
../lib-artnet4/lib_h3/libartnet4.a(artnet4paramsset.o)
                              build_h3/firmware/main.o (ArtNet4Params::Set(ArtNet4Node*))
../lib-artnet4/lib_h3/libartnet4.a(artnet4node.o)
                              build_h3/firmware/main.o (ArtNet4Node::ArtNet4Node(unsigned char))
../lib-artnet4/lib_h3/libartnet4.a(artnet4params.o)
                              build_h3/firmware/main.o (ArtNet4Params::ArtNet4Params(ArtNet4ParamsStore*))
../lib-artnet4/lib_h3/libartnet4.a(artnet4paramssave.o)
                              ../lib-remoteconfig/lib_h3/libremoteconfig.a(remoteconfig.o) (ArtNet4Params::Builder(TArtNet4Params const*, unsigned char*, unsigned int, unsigned int&))
../lib-artnet4/lib_h3/libartnet4.a(artnet4paramsconst.o)
                              ../lib-artnet4/lib_h3/libartnet4.a(artnet4params.o) (ArtNet4ParamsConst::MAP_UNIVERSE0)
../lib-artnet/lib_h3/libartnet.a(artnet4handler.o)
                              ../lib-artnet4/lib_h3/libartnet4.a(artnet4node.o) (ArtNet4Handler::~ArtNet4Handler())
../lib-artnet/lib_h3/libartnet.a(artnetnodeprint.o)
                              ../lib-artnet4/lib_h3/libartnet4.a(artnet4node.o) (ArtNetNode::Print())
../lib-artnet/lib_h3/libartnet.a(artnetparamsset.o)
                              ../lib-artnet4/lib_h3/libartnet4.a(artnet4paramsset.o) (ArtNetParams::Set(ArtNetNode*))
../lib-artnet/lib_h3/libartnet.a(artnetparamsconst.o)
                              ../lib-displayudf/lib_h3/libdisplayudf.a(displayudfparams.o) (ArtNetParamsConst::UNIVERSE_PORT)
../lib-artnet/lib_h3/libartnet.a(artnetconst.o)
                              build_h3/firmware/main.o (ArtNetConst::MSG_NODE_STARTED)
../lib-artnet/lib_h3/libartnet.a(artnetparams.o)
                              ../lib-artnet4/lib_h3/libartnet4.a(artnet4params.o) (ArtNetParams::ArtNetParams(ArtNetParamsStore*))
../lib-artnet/lib_h3/libartnet.a(artnetparamssave.o)
                              ../lib-remoteconfig/lib_h3/libremoteconfig.a(remoteconfig.o) (ArtNetParams::Builder(TArtNetParams const*, unsigned char*, unsigned int, unsigned int&))
../lib-artnet/lib_h3/libartnet.a(artnetnode.o)
                              ../lib-artnet4/lib_h3/libartnet4.a(artnet4node.o) (ArtNetNode::Stop())
../lib-artnet/lib_h3/libartnet.a(artnetipprog.o)
                              build_h3/firmware/main.o (ArtNetNode::SetIpProgHandler(ArtNetIpProg*))
../lib-artnet/lib_h3/libartnet.a(artnetrdm.o)
                              ../lib-artnet/lib_h3/libartnet.a(artnetnode.o) (ArtNetNode::HandleTodControl())
../lib-artnet/lib_h3/libartnet.a(artnettimesync.o)
                              ../lib-artnet/lib_h3/libartnet.a(artnetnode.o) (ArtNetNode::HandleTimeSync())
../lib-artnet/lib_h3/libartnet.a(artnetnodehandledmxin.o)
                              ../lib-artnet/lib_h3/libartnet.a(artnetnode.o) (ArtNetNode::HandleDmxIn())
../lib-artnet/lib_h3/libartnet.a(artnettimecode.o)
                              ../lib-artnet/lib_h3/libartnet.a(artnetnode.o) (ArtNetNode::HandleTimeCode())
../lib-artnethandlers/lib_h3/libartnethandlers.a(displayudfhandler.o)
                              build_h3/firmware/main.o (DisplayUdfHandler::DisplayUdfHandler(ArtNetNode*))
../lib-artnethandlers/lib_h3/libartnethandlers.a(ipprog.o)
                              build_h3/firmware/main.o (IpProg::IpProg())
../lib-e131/lib_h3/libe131.a(e131bridgeprint.o)
                              ../lib-artnet4/lib_h3/libartnet4.a(artnet4node.o) (E131Bridge::Print())
../lib-e131/lib_h3/libe131.a(e131bridge.o)
                              ../lib-artnet4/lib_h3/libartnet4.a(artnet4node.o) (E131Bridge::E131Bridge())
../lib-e131/lib_h3/libe131.a(e131bridgediscoverypacket.o)
                              ../lib-e131/lib_h3/libe131.a(e131bridge.o) (E131Bridge::FillDiscoveryPacket())
../lib-e131/lib_h3/libe131.a(e131uuid.o)
                              ../lib-e131/lib_h3/libe131.a(e131bridge.o) (E131Uuid::E131Uuid())
../lib-e131/lib_h3/libe131.a(e117const.o)
                              ../lib-e131/lib_h3/libe131.a(e131bridgediscoverypacket.o) (E117Const::ACN_PACKET_IDENTIFIER)
../lib-e131/lib_h3/libe131.a(e131bridgehandledmxin.o)
                              ../lib-e131/lib_h3/libe131.a(e131bridge.o) (E131Bridge::FillDataPacket())
../lib-uuid/lib_h3/libuuid.a(uuid_parse.o)
                              ../lib-e131/lib_h3/libe131.a(e131uuid.o) (uuid_parse)
../lib-uuid/lib_h3/libuuid.a(uuid_unparse.o)
                              ../lib-e131/lib_h3/libe131.a(e131bridgeprint.o) (uuid_unparse)
../lib-uuid/lib_h3/libuuid.a(uuid.o)
                              ../lib-e131/lib_h3/libe131.a(e131uuid.o) (uuid_generate_random)
../lib-ws28xxdmx/lib_h3/libws28xxdmx.a(ws28xxdmxparams.o)
                              build_h3/firmware/main.o (WS28xxDmxParams::WS28xxDmxParams(WS28xxDmxParamsStore*))
../lib-ws28xxdmx/lib_h3/libws28xxdmx.a(ws28xxdmxparamssave.o)
                              ../lib-remoteconfig/lib_h3/libremoteconfig.a(remoteconfig.o) (WS28xxDmxParams::Builder(TWS28xxDmxParams const*, unsigned char*, unsigned int, unsigned int&))
../lib-ws28xxdmx/lib_h3/libws28xxdmx.a(ws28xxdmx.o)
                              build_h3/firmware/main.o (WS28xxDmx::WS28xxDmx())
../lib-ws28xxdmx/lib_h3/libws28xxdmx.a(ws28xxdmxgrouping.o)
                              build_h3/firmware/main.o (WS28xxDmxGrouping::WS28xxDmxGrouping())
../lib-ws28xxdmx/lib_h3/libws28xxdmx.a(ws28xxdmxparamsset.o)
                              build_h3/firmware/main.o (WS28xxDmxParams::Set(WS28xxDmx*))
../lib-ws28xxdmx/lib_h3/libws28xxdmx.a(ws28xxdmxprint.o)
                              ../lib-ws28xxdmx/lib_h3/libws28xxdmx.a(ws28xxdmx.o) (WS28xxDmx::Print())
../lib-ws28xx/lib_h3/libws28xx.a(ws28xxcommon.o)
                              ../lib-ws28xxdmx/lib_h3/libws28xxdmx.a(ws28xxdmx.o) (WS28xx::SetLED(unsigned int, unsigned char, unsigned char, unsigned char))
../lib-ws28xx/lib_h3/libws28xx.a(ws28xx.o)
                              ../lib-ws28xxdmx/lib_h3/libws28xxdmx.a(ws28xxdmx.o) (WS28xx::WS28xx(TWS28XXType, unsigned short, unsigned int))
../lib-tlc59711dmx/lib_h3/libtlc59711dmx.a(tlc59711dmxparams.o)
                              build_h3/firmware/main.o (TLC59711DmxParams::TLC59711DmxParams(TLC59711DmxParamsStore*))
../lib-tlc59711dmx/lib_h3/libtlc59711dmx.a(tlc59711dmx.o)
                              build_h3/firmware/main.o (TLC59711Dmx::TLC59711Dmx())
../lib-tlc59711dmx/lib_h3/libtlc59711dmx.a(tlc59711dmxparamsset.o)
                              build_h3/firmware/main.o (TLC59711DmxParams::Set(TLC59711Dmx*))
../lib-tlc59711dmx/lib_h3/libtlc59711dmx.a(tlc59711paramssave.o)
                              ../lib-remoteconfig/lib_h3/libremoteconfig.a(remoteconfig.o) (TLC59711DmxParams::Builder(TTLC59711DmxParams const*, unsigned char*, unsigned int, unsigned int&))
../lib-tlc59711dmx/lib_h3/libtlc59711dmx.a(tlc59711dmxprint.o)
                              ../lib-tlc59711dmx/lib_h3/libtlc59711dmx.a(tlc59711dmx.o) (TLC59711Dmx::Print())
../lib-tlc59711/lib_h3/libtlc59711.a(tlc59711.o)
                              ../lib-tlc59711dmx/lib_h3/libtlc59711dmx.a(tlc59711dmx.o) (TLC59711::~TLC59711())
../lib-spiflashinstall/lib_h3/libspiflashinstall.a(spiflashinstall.o)
                              build_h3/firmware/main.o (SpiFlashInstall::SpiFlashInstall())
../lib-spiflashinstall/lib_h3/libspiflashinstall.a(spiflashinstallparams.o)
                              ../lib-spiflashinstall/lib_h3/libspiflashinstall.a(spiflashinstall.o) (SpiFlashInstallParams::SpiFlashInstallParams())
../lib-spiflashstore/lib_h3/libspiflashstore.a(storews28xxdmx.o)
                              build_h3/firmware/main.o (StoreWS28xxDmx::StoreWS28xxDmx())
../lib-spiflashstore/lib_h3/libspiflashstore.a(storeremoteconfig.o)
                              build_h3/firmware/main.o (StoreRemoteConfig::StoreRemoteConfig())
../lib-spiflashstore/lib_h3/libspiflashstore.a(storetlc59711.o)
                              build_h3/firmware/main.o (StoreTLC59711::StoreTLC59711())
../lib-spiflashstore/lib_h3/libspiflashstore.a(spiflashstore.o)
                              build_h3/firmware/main.o (SpiFlashStore::SpiFlashStore())
../lib-spiflashstore/lib_h3/libspiflashstore.a(storedisplayudf.o)
                              build_h3/firmware/main.o (StoreDisplayUdf::StoreDisplayUdf())
../lib-spiflashstore/lib_h3/libspiflashstore.a(storenetwork.o)
                              ../lib-spiflashstore/lib_h3/libspiflashstore.a(spiflashstore.o) (StoreNetwork::~StoreNetwork())
../lib-spiflashstore/lib_h3/libspiflashstore.a(storeartnet4.o)
                              ../lib-spiflashstore/lib_h3/libspiflashstore.a(spiflashstore.o) (StoreArtNet4::~StoreArtNet4())
../lib-spiflashstore/lib_h3/libspiflashstore.a(storenextion.o)
                              build_h3/firmware/main.o (StoreNextion::StoreNextion())
../lib-spiflashstore/lib_h3/libspiflashstore.a(storeartnet.o)
                              ../lib-spiflashstore/lib_h3/libspiflashstore.a(spiflashstore.o) (StoreArtNet::~StoreArtNet())
../lib-spiflash/lib_h3/libspiflash.a(spi_flash.o)
                              ../lib-spiflashinstall/lib_h3/libspiflashinstall.a(spiflashinstall.o) (spi_flash_get_size)
../lib-spiflash/lib_h3/libspiflash.a(macronix.o)
                              ../lib-spiflash/lib_h3/libspiflash.a(spi_flash.o) (spi_flash_probe_macronix)
../lib-spiflash/lib_h3/libspiflash.a(spi_flash.o)
                              ../lib-spiflash/lib_h3/libspiflash.a(spi_flash.o) (spi_init)
../lib-spiflash/lib_h3/libspiflash.a(get_timer.o)
                              ../lib-spiflash/lib_h3/libspiflash.a(spi_flash.o) (get_timer)
../lib-spiflash/lib_h3/libspiflash.a(winbond.o)
                              ../lib-spiflash/lib_h3/libspiflash.a(spi_flash.o) (spi_flash_probe_winbond)
../lib-network/lib_h3/libnetwork.a(network.o)
                              ../lib-remoteconfig/lib_h3/libremoteconfig.a(remoteconfig.o) (Network::s_pThis)
../lib-network/lib_h3/libnetwork.a(networkconst.o)
                              build_h3/firmware/main.o (NetworkConst::MSG_NETWORK_INIT)
../lib-network/lib_h3/libnetwork.a(mdns.o)
                              build_h3/firmware/main.o (MDNS::MDNS())
../lib-network/lib_h3/libnetwork.a(networkparams.o)
                              ../lib-remoteconfig/lib_h3/libremoteconfig.a(remoteconfig.o) (NetworkParams::NetworkParams(NetworkParamsStore*))
../lib-network/lib_h3/libnetwork.a(networkparamssave.o)
                              ../lib-remoteconfig/lib_h3/libremoteconfig.a(remoteconfig.o) (NetworkParams::Builder(TNetworkParams const*, unsigned char*, unsigned int, unsigned int&))
../lib-network/lib_h3/libnetwork.a(networkprint.o)
                              build_h3/firmware/main.o (Network::Print())
../lib-network/lib_h3/libnetwork.a(mdnsprint.o)
                              build_h3/firmware/main.o (MDNS::Print())
../lib-network/lib_h3/libnetwork.a(networkh3emac.o)
                              build_h3/firmware/main.o (NetworkH3emac::NetworkH3emac())
../lib-lightset/lib_h3/liblightset.a(lightsetconst.o)
                              ../lib-artnet/lib_h3/libartnet.a(artnetparams.o) (LightSetConst::PARAMS_ENABLE_NO_CHANGE_UPDATE)
../lib-lightset/lib_h3/liblightset.a(lightset.o)
                              ../lib-ws28xxdmx/lib_h3/libws28xxdmx.a(ws28xxdmx.o) (LightSet::LightSet())
../lib-lightset/lib_h3/liblightset.a(lightsetgetslotinfo.o)
                              ../lib-lightset/lib_h3/liblightset.a(lightset.o) (LightSet::GetSlotInfo(unsigned short, TLightSetSlotInfo&))
../lib-lightset/lib_h3/liblightset.a(lightsetdmx.o)
                              ../lib-lightset/lib_h3/liblightset.a(lightset.o) (LightSet::GetDmxStartAddress())
../lib-ledblink/lib_h3/libledblink.a(ledblink.o)
                              build_h3/firmware/main.o (LedBlink::LedBlink())
../lib-ledblink/lib_h3/libledblink.a(ledblink.o)
                              ../lib-ledblink/lib_h3/libledblink.a(ledblink.o) (LedBlink::SetFrequency(unsigned int))
../lib-properties/lib_h3/libproperties.a(sscan_uint8_t.o)
                              ../lib-remoteconfig/lib_h3/libremoteconfig.a(remoteconfigparams.o) (sscan_uint8_t)
../lib-properties/lib_h3/libproperties.a(sscan_char_p.o)
                              ../lib-remoteconfig/lib_h3/libremoteconfig.a(remoteconfigparams.o) (sscan_char_p)
../lib-properties/lib_h3/libproperties.a(sscan_uint32_t.o)
                              ../lib-ws28xxdmx/lib_h3/libws28xxdmx.a(ws28xxdmxparams.o) (sscan_uint32_t)
../lib-properties/lib_h3/libproperties.a(sscan_hexuint16.o)
                              ../lib-artnet/lib_h3/libartnet.a(artnetparams.o) (sscan_hexuint16)
../lib-properties/lib_h3/libproperties.a(sscan_ip_address.o)
                              ../lib-network/lib_h3/libnetwork.a(networkparams.o) (sscan_ip_address)
../lib-properties/lib_h3/libproperties.a(sscan_uint16_t.o)
                              ../lib-ws28xxdmx/lib_h3/libws28xxdmx.a(ws28xxdmxparams.o) (sscan_uint16_t)
../lib-properties/lib_h3/libproperties.a(propertiesbuilder.o)
                              ../lib-remoteconfig/lib_h3/libremoteconfig.a(remoteconfigparams.o) (PropertiesBuilder::PropertiesBuilder(char const*, unsigned char*, unsigned int))
../lib-properties/lib_h3/libproperties.a(readconfigfile.o)
                              ../lib-remoteconfig/lib_h3/libremoteconfig.a(remoteconfigparams.o) (ReadConfigFile::ReadConfigFile(void (*)(void*, char const*), void*))
../lib-properties/lib_h3/libproperties.a(devicesparamsconst.o)
                              ../lib-ws28xxdmx/lib_h3/libws28xxdmx.a(ws28xxdmxparams.o) (DevicesParamsConst::GLOBAL_BRIGHTNESS)
../lib-properties/lib_h3/libproperties.a(get_name.o)
                              ../lib-properties/lib_h3/libproperties.a(sscan_uint8_t.o) (get_name)
../lib-display/lib_h3/libdisplay.a(display.o)
                              ../lib-displayudf/lib_h3/libdisplayudf.a(displayudf.o) (Display::~Display())
../lib-display/lib_h3/libdisplay.a(ssd1306.o)
                              ../lib-display/lib_h3/libdisplay.a(display.o) (Ssd1306::Ssd1306(TOledPanel))
../lib-display/lib_h3/libdisplay.a(displayset.o)
                              ../lib-display/lib_h3/libdisplay.a(ssd1306.o) (DisplaySet::~DisplaySet())
../lib-c++/lib_h3/libc++.a(new.o)
                              build_h3/firmware/main.o (operator new(unsigned int))
../lib-c++/lib_h3/libc++.a(purecall.o)
                              ../lib-tftpdeamon/lib_h3/libtftpdeamon.a(tftpdaemon.o) (__cxa_pure_virtual)
../lib-c++/lib_h3/libc++.a(free.o)
                              ../lib-remoteconfig/lib_h3/libremoteconfig.a(tftpfileserver.o) (operator delete(void*))
../lib-hal/lib_h3/libhal.a(hardware.o)
                              ../lib-remoteconfig/lib_h3/libremoteconfig.a(remoteconfig.o) (hardware_uptime_seconds)
../lib-hal/lib_h3/libhal.a(sys_time.o)
                              ../lib-hal/lib_h3/libhal.a(hardware.o) (sys_time_init)
../lib-hal/lib_h3/libhal.a(led.o)
                              ../lib-ledblink/lib_h3/libledblink.a(ledblink.o) (led_set_ticks_per_second)
../lib-hal/lib_h3/libhal.a(firmwareversion.o)
                              build_h3/firmware/main.o (FirmwareVersion::FirmwareVersion(char const*, char const*, char const*))
../lib-hal/lib_h3/libhal.a(hardware++.o)
                              build_h3/firmware/main.o (Hardware::Hardware())
../lib-hal/lib_h3/libhal.a(hardware_rtc.o)
                              ../lib-hal/lib_h3/libhal.a(hardware++.o) (hardware_rtc_set)
../lib-bob/lib_h3/libbob.a(mcp7941x.o)
                              ../lib-hal/lib_h3/libhal.a(sys_time.o) (mcp7941x_start)
../lib-i2c/lib_h3/libi2c.a(i2c_is_connected.o)
                              ../lib-display/lib_h3/libdisplay.a(display.o) (i2c_is_connected)
../lib-i2c/lib_h3/libi2c.a(i2c_write.o)
                              ../lib-display/lib_h3/libdisplay.a(ssd1306.o) (i2c_write_reg_uint8)
../lib-utils/lib_h3/libutils.a(time.o)
                              ../lib-hal/lib_h3/libhal.a(hardware++.o) (localtime)
../lib-utils/lib_h3/libutils.a(puts.o)
                              ../lib-spiflashinstall/lib_h3/libspiflashinstall.a(spiflashinstall.o) (puts)
../lib-utils/lib_h3/libutils.a(inet_aton.o)
                              ../lib-e131/lib_h3/libe131.a(e131bridge.o) (inet_aton)
../lib-utils/lib_h3/libutils.a(malloc.o)
                              ../lib-c++/lib_h3/libc++.a(new.o) (malloc)
../lib-utils/lib_h3/libutils.a(printf.o)
                              ../lib-remoteconfig/lib_h3/libremoteconfig.a(remoteconfig.o) (printf)
../lib-utils/lib_h3/libutils.a(assert.o)
                              ../lib-c++/lib_h3/libc++.a(purecall.o) (__assert_func)
../lib-utils/lib_h3/libutils.a(__popcountsi2.o)
                              ../lib-displayudf/lib_h3/libdisplayudf.a(displayudf.o) (__popcountsi2)
../lib-utils/lib_h3/libutils.a(file.o)
                              ../lib-e131/lib_h3/libe131.a(e131uuid.o) (fopen)
../lib-console/lib_h3/libconsole.a(console_uart0.o)
                              ../lib-utils/lib_h3/libutils.a(puts.o) (console_putc)
../lib-ff12c/lib_h3/libff12c.a(ff.o)
                              ../lib-hal/lib_h3/libhal.a(hardware.o) (f_mount)
../lib-ff12c/lib_h3/libff12c.a(ccsbcs.o)
                              ../lib-ff12c/lib_h3/libff12c.a(ff.o) (ff_convert)
../lib-h3/lib_h3/libh3.a(h3_spi.o)
                              ../lib-ws28xx/lib_h3/libws28xx.a(ws28xx.o) (h3_spi_set_ws28xx_mode)
../lib-h3/lib_h3/libh3.a(udelay.o)
                              ../lib-spiflash/lib_h3/libspiflash.a(spi_flash.o) (udelay)
../lib-h3/lib_h3/libh3.a(h3_hs_timer.o)
                              ../lib-hal/lib_h3/libhal.a(hardware.o) (h3_hs_timer_init)
../lib-h3/lib_h3/libh3.a(h3_thermal.o)
                              ../lib-hal/lib_h3/libhal.a(hardware.o) (h3_thermal_init)
../lib-h3/lib_h3/libh3.a(h3_cpu.o)
                              ../lib-hal/lib_h3/libhal.a(hardware.o) (h3_cpu_off)
../lib-h3/lib_h3/libh3.a(h3_gpio_fsel.o)
                              ../lib-spiflash/lib_h3/libspiflash.a(spi_flash.o) (h3_gpio_fsel)
../lib-h3/lib_h3/libh3.a(h3_i2c.o)
                              ../lib-display/lib_h3/libdisplay.a(display.o) (h3_i2c_begin)
../lib-h3/lib_h3/libh3.a(h3_uart0_debug.o)
                              ../lib-console/lib_h3/libconsole.a(console_uart0.o) (uart0_init)
../lib-h3/lib_h3/libh3.a(h3_timer.o)
                              ../lib-hal/lib_h3/libhal.a(hardware.o) (h3_timer_init)
../lib-h3/lib_h3/libh3.a(h3_watchdog.o)
                              build_h3/firmware/main.o (h3_watchdog_enable)
../lib-h3/lib_h3/libh3.a(h3_sid.o)
                              ../lib-uuid/lib_h3/libuuid.a(uuid.o) (h3_sid_get_rootkey)
../lib-h3/lib_h3/libh3.a(h3.o)
                              ../lib-spiflashinstall/lib_h3/libspiflashinstall.a(spiflashinstall.o) (h3_get_boot_device)
../lib-h3/lib_h3/libh3.a(h3_ccu.o)
                              ../lib-h3/lib_h3/libh3.a(h3_cpu.o) (h3_ccu_get_pll_rate)
../lib-h3/lib_h3/libh3.a(mmu.o)
                              build_h3/vectors.o (mmu_enable)
../lib-h3/lib_h3/libh3.a(gic.o)
                              ../lib-hal/lib_h3/libhal.a(hardware.o) (gic_init)
../lib-h3/lib_h3/libh3.a(diskio.o)
                              ../lib-ff12c/lib_h3/libff12c.a(ff.o) (disk_initialize)
../lib-h3/lib_h3/libh3.a(emac.o)
                              ../lib-hal/lib_h3/libhal.a(hardware.o) (emac_init)
../lib-h3/lib_h3/libh3.a(net.o)
                              ../lib-network/lib_h3/libnetwork.a(networkh3emac.o) (net_init)
../lib-h3/lib_h3/libh3.a(arp.o)
                              ../lib-h3/lib_h3/libh3.a(net.o) (arp_init)
../lib-h3/lib_h3/libh3.a(arp_cache.o)
                              ../lib-h3/lib_h3/libh3.a(arp.o) (arp_cache_init)
../lib-h3/lib_h3/libh3.a(igmp.o)
                              ../lib-network/lib_h3/libnetwork.a(networkh3emac.o) (igmp_join)
../lib-h3/lib_h3/libh3.a(ip.o)
                              ../lib-h3/lib_h3/libh3.a(net.o) (ip_set_ip)
../lib-h3/lib_h3/libh3.a(net_timers.o)
                              ../lib-h3/lib_h3/libh3.a(net.o) (net_timers_init)
../lib-h3/lib_h3/libh3.a(net_chksum.o)
                              ../lib-h3/lib_h3/libh3.a(igmp.o) (net_chksum)
../lib-h3/lib_h3/libh3.a(icmp.o)
                              ../lib-h3/lib_h3/libh3.a(ip.o) (icmp_set_ip)
../lib-h3/lib_h3/libh3.a(udp.o)
                              ../lib-h3/lib_h3/libh3.a(ip.o) (udp_set_ip)
../lib-h3/lib_h3/libh3.a(h3_memcpy.o)
                              ../lib-h3/lib_h3/libh3.a(emac.o) (h3_memcpy)
../lib-h3/lib_h3/libh3.a(mmc.o)
                              ../lib-h3/lib_h3/libh3.a(diskio.o) (find_mmc_device)
../lib-h3/lib_h3/libh3.a(mmc_bsp.o)
                              ../lib-h3/lib_h3/libh3.a(diskio.o) (sunxi_mmc_init)
../lib-h3/lib_h3/libh3.a(phy.o)
                              ../lib-h3/lib_h3/libh3.a(emac.o) (phy_read)
../lib-h3/lib_h3/libh3.a(dhcp.o)
                              ../lib-h3/lib_h3/libh3.a(net.o) (dhcp_client)
../lib-debug/lib_h3/libdebug.a(debug_exception.o)
                              build_h3/vectors.o (debug_exception)
../lib-arm/lib_h3/libarm.a(cache-v7.o)
                              ../lib-hal/lib_h3/libhal.a(hardware++.o) (invalidate_data_cache)
../lib-arm/lib_h3/libarm.a(memcpy_blk.o)
                              ../lib-h3/lib_h3/libh3.a(diskio.o) (memcpy_blk)
../lib-arm/lib_h3/libarm.a(__aeabi_uldivmod.o)
                              ../lib-spiflash/lib_h3/libspiflash.a(get_timer.o) (__aeabi_uldivmod)
../lib-arm/lib_h3/libarm.a(irq.o)
                              build_h3/vectors.o (c_irq_handler)
../lib-arm/lib_h3/libarm.a(vfp.o)
                              build_h3/vectors.o (vfp_init)
../lib-arm/lib_h3/libarm.a(fiq.o)
                              build_h3/vectors.o (c_fiq_handler)
../lib-arm/lib_h3/libarm.a(udivmoddi4.o)
                              ../lib-arm/lib_h3/libarm.a(__aeabi_uldivmod.o) (udivmoddi4)
